{
    "105": [
        "CHRG-105shrg46427",
        "CHRG-105hhrg52320",
        "CHRG-105shrg49521",
        "CHRG-105shrg46586",
        "CHRG-105shrg53122",
        "CHRG-105shrg53121",
        "CHRG-105shrg52633",
        "CHRG-105hhrg53247",
        "CHRG-105shrg46779",
        "CHRG-105shrg49000",
        "CHRG-105shrg52635",
        "CHRG-105shrg45560",
        "CHRG-105hhrg53367"
    ],
    "106": [
        "CHRG-106shrg68421",
        "CHRG-106hhrg58947",
        "CHRG-106shrg66380",
        "CHRG-106shrg59374",
        "CHRG-106hhrg57989",
        "CHRG-106hhrg59388",
        "CHRG-106shrg59379",
        "CHRG-106hhrg58645",
        "CHRG-106shrg63232",
        "CHRG-106shrg55912",
        "CHRG-106hhrg60971",
        "CHRG-106shrg63226",
        "CHRG-106shrg66379",
        "CHRG-106hhrg58958",
        "CHRG-106hhrg58698",
        "CHRG-106hhrg72364",
        "CHRG-106jhrg61368",
        "CHRG-106hhrg57837",
        "CHRG-106shrg68420",
        "CHRG-106shrg55952",
        "CHRG-106shrg59382",
        "CHRG-106shrg68416",
        "CHRG-106shrg78813",
        "CHRG-106hhrg58948",
        "CHRG-106jhrg63866",
        "CHRG-106shrg71528",
        "CHRG-106hhrg61629",
        "CHRG-106hhrg61629",
        "CHRG-106hhrg59457",
        "CHRG-106hhrg60842",
        "CHRG-106shrg68423",
        "CHRG-106hhrg58723",
        "CHRG-106hhrg58515"
    ],
    "107": [
        "CHRG-107hhrg79696",
        "CHRG-107hhrg71311",
        "CHRG-107hhrg73165",
        "CHRG-107hhrg73165",
        "CHRG-107hhrg75519",
        "CHRG-107hhrg82683",
        "CHRG-107hhrg84417",
        "CHRG-107hhrg74334",
        "CHRG-107hhrg72396",
        "CHRG-107hhrg78125",
        "CHRG-107hhrg78125",
        "CHRG-107hhrg78125",
        "CHRG-107shrg79625",
        "CHRG-107hhrg73742",
        "CHRG-107hhrg73742",
        "CHRG-107hhrg73742",
        "CHRG-107hhrg78399",
        "CHRG-107hhrg79319",
        "CHRG-107hhrg78401",
        "CHRG-107hhrg72118",
        "CHRG-107hhrg83587",
        "CHRG-107shrg87749",
        "CHRG-107hhrg78501",
        "CHRG-107hhrg73597",
        "CHRG-107hhrg73403",
        "CHRG-107hhrg72560",
        "CHRG-107shrg87496",
        "CHRG-107hhrg71632",
        "CHRG-107hhrg76182",
        "CHRG-107hhrg74625",
        "CHRG-107hhrg74030",
        "CHRG-107hhrg74493",
        "CHRG-107hhrg72911",
        "CHRG-107hhrg82684",
        "CHRG-107shrg89034",
        "CHRG-107hhrg74101",
        "CHRG-107hhrg72577",
        "CHRG-107hhrg73368",
        "CHRG-107hhrg78187",
        "CHRG-107hhrg75656",
        "CHRG-107hhrg78126",
        "CHRG-107shrg87380",
        "CHRG-107hhrg84631",
        "CHRG-107shrg78065",
        "CHRG-107hhrg73741",
        "CHRG-107hhrg76259",
        "CHRG-107hhrg76259",
        "CHRG-107hhrg79559",
        "CHRG-107hhrg82396",
        "CHRG-107hhrg82396",
        "CHRG-107hhrg82396",
        "CHRG-107hhrg78502",
        "CHRG-107hhrg78132",
        "CHRG-107hhrg78132",
        "CHRG-107hhrg78132",
        "CHRG-107hhrg78601",
        "CHRG-107hhrg78601",
        "CHRG-107hhrg78601",
        "CHRG-107hhrg74410",
        "CHRG-107hhrg74626",
        "CHRG-107hhrg76181",
        "CHRG-107hhrg71631",
        "CHRG-107hhrg74492",
        "CHRG-107hhrg70889",
        "CHRG-107hhrg70889",
        "CHRG-107hhrg70889",
        "CHRG-107hhrg74863",
        "CHRG-107hhrg82685",
        "CHRG-107hhrg77785",
        "CHRG-107hhrg83586",
        "CHRG-107hhrg73241",
        "CHRG-107hhrg70750",
        "CHRG-107hhrg73596",
        "CHRG-107hhrg73596",
        "CHRG-107hhrg73596",
        "CHRG-107hhrg70890",
        "CHRG-107hhrg79943",
        "CHRG-107hhrg80131",
        "CHRG-107hhrg74624",
        "CHRG-107hhrg74624",
        "CHRG-107hhrg74624",
        "CHRG-107hhrg76183",
        "CHRG-107hhrg82476",
        "CHRG-107hhrg82476",
        "CHRG-107hhrg82476",
        "CHRG-107hhrg79320",
        "CHRG-107hhrg81550",
        "CHRG-107shrg78067",
        "CHRG-107hhrg73743",
        "CHRG-107hhrg82103",
        "CHRG-107hhrg78400",
        "CHRG-107hhrg79318",
        "CHRG-107hhrg72289",
        "CHRG-107hhrg71148",
        "CHRG-107hhrg83079",
        "CHRG-107hhrg72290",
        "CHRG-107hhrg76958",
        "CHRG-107shrg91395",
        "CHRG-107hhrg84418",
        "CHRG-107hhrg84418",
        "CHRG-107hhrg84418",
        "CHRG-107hhrg75454",
        "CHRG-107hhrg75454",
        "CHRG-107hhrg75454",
        "CHRG-107hhrg72179",
        "CHRG-107hhrg83204",
        "CHRG-107hhrg74194",
        "CHRG-107hhrg72723",
        "CHRG-107hhrg73595",
        "CHRG-107hhrg74836",
        "CHRG-107shrg75012",
        "CHRG-107hhrg83585",
        "CHRG-107hhrg73338",
        "CHRG-107hhrg83080",
        "CHRG-107hhrg71863",
        "CHRG-107hhrg75496",
        "CHRG-107hhrg82397",
        "CHRG-107hhrg74156",
        "CHRG-107shrg80651",
        "CHRG-107hhrg71506",
        "CHRG-107hhrg72724",
        "CHRG-107hhrg72576",
        "CHRG-107hhrg72406",
        "CHRG-107hhrg74100",
        "CHRG-107hhrg74100",
        "CHRG-107hhrg74100",
        "CHRG-107hhrg73219",
        "CHRG-107hhrg78186",
        "CHRG-107hhrg78186",
        "CHRG-107hhrg78186",
        "CHRG-107hhrg78012",
        "CHRG-107hhrg74304",
        "CHRG-107hhrg83042"
    ],
    "108": [
        "CHRG-108hhrg92756",
        "CHRG-108hhrg88164",
        "CHRG-108hhrg90165",
        "CHRG-108hhrg84816",
        "CHRG-108hhrg94939",
        "CHRG-108hhrg94834",
        "CHRG-108shrg20770",
        "CHRG-108shrg20707",
        "CHRG-108shrg20693",
        "CHRG-108shrg81471",
        "CHRG-108hhrg94286",
        "CHRG-108hhrg92614",
        "CHRG-108hhrg94365",
        "CHRG-108hhrg95499",
        "CHRG-108hhrg86953",
        "CHRG-108shrg91289",
        "CHRG-108hhrg86340",
        "CHRG-108shrg82492",
        "CHRG-108hhrg85403",
        "CHRG-108hhrg90546",
        "CHRG-108hhrg85490",
        "CHRG-108hhrg86266",
        "CHRG-108hhrg93224",
        "CHRG-108shrg21176",
        "CHRG-108shrg81581",
        "CHRG-108hhrg91751",
        "CHRG-108hhrg92347",
        "CHRG-108hhrg94636",
        "CHRG-108shrg91290",
        "CHRG-108shrg88583",
        "CHRG-108hhrg87095",
        "CHRG-108hhrg23389",
        "CHRG-108hhrg94918",
        "CHRG-108hhrg88231",
        "CHRG-108hhrg93361",
        "CHRG-108shrg85979",
        "CHRG-108hhrg92829",
        "CHRG-108hhrg93656",
        "CHRG-108shrg88517",
        "CHRG-108hhrg89217",
        "CHRG-108shrg27957",
        "CHRG-108shrg96269",
        "CHRG-108hhrg22341",
        "CHRG-108hhrg23890",
        "CHRG-108hhrg92340",
        "CHRG-108shrg20896",
        "CHRG-108shrg21347",
        "CHRG-108hhrg88204",
        "CHRG-108hhrg88643",
        "CHRG-108hhrg88643",
        "CHRG-108shrg99551",
        "CHRG-108hhrg85404",
        "CHRG-108hhrg94016",
        "CHRG-108hhrg92567",
        "CHRG-108hhrg92830",
        "CHRG-108hhrg92120",
        "CHRG-108hhrg22588",
        "CHRG-108shrg91310",
        "CHRG-108shrg20149",
        "CHRG-108hhrg86409",
        "CHRG-108hhrg94315",
        "CHRG-108shrg90241",
        "CHRG-108shrg81637",
        "CHRG-108hhrg22453",
        "CHRG-108hhrg85417",
        "CHRG-108hhrg90162",
        "CHRG-108hhrg93774",
        "CHRG-108shrg82615",
        "CHRG-108hhrg91690",
        "CHRG-108hhrg96288",
        "CHRG-108hhrg92480",
        "CHRG-108hhrg92514",
        "CHRG-108hhrg85286",
        "CHRG-108shrg85549",
        "CHRG-108shrg20674",
        "CHRG-108hhrg86407",
        "CHRG-108hhrg86950",
        "CHRG-108hhrg97230",
        "CHRG-108shrg88773",
        "CHRG-108shrg81138",
        "CHRG-108shrg37175",
        "CHRG-108shrg20898",
        "CHRG-108hhrg93227",
        "CHRG-108hhrg94033",
        "CHRG-108shrg89040",
        "CHRG-108hhrg23465",
        "CHRG-108hhrg88544",
        "CHRG-108hhrg88544",
        "CHRG-108hhrg87239",
        "CHRG-108hhrg86182",
        "CHRG-108hhrg93215",
        "CHRG-108hhrg90674",
        "CHRG-108hhrg87545",
        "CHRG-108shrg27959",
        "CHRG-108hhrg85091",
        "CHRG-108hhrg91752",
        "CHRG-108shrg22464",
        "CHRG-108hhrg92673",
        "CHRG-108hhrg92339",
        "CHRG-108hhrg91365",
        "CHRG-108shrg22463",
        "CHRG-108shrg87067",
        "CHRG-108hhrg92674",
        "CHRG-108hhrg93758",
        "CHRG-108hhrg93362",
        "CHRG-108hhrg95802",
        "CHRG-108hhrg86992",
        "CHRG-108shrg20082",
        "CHRG-108shrg94255",
        "CHRG-108shrg89806",
        "CHRG-108hhrg23174",
        "CHRG-108shrg20673",
        "CHRG-108hhrg87992",
        "CHRG-108hhrg94458",
        "CHRG-108shrg80903",
        "CHRG-108hhrg92513",
        "CHRG-108hhrg91604",
        "CHRG-108hhrg93773",
        "CHRG-108shrg20196",
        "CHRG-108hhrg87019",
        "CHRG-108hhrg87019",
        "CHRG-108shrg26179",
        "CHRG-108hhrg22589",
        "CHRG-108hhrg96287",
        "CHRG-108hhrg92831",
        "CHRG-108hhrg85890",
        "CHRG-108hhrg86408",
        "CHRG-108hhrg94832",
        "CHRG-108hhrg92119",
        "CHRG-108hhrg92453",
        "CHRG-108shrg81636",
        "CHRG-108shrg22397",
        "CHRG-108shrg89718",
        "CHRG-108shrg89662",
        "CHRG-108shrg21482",
        "CHRG-108hhrg90163",
        "CHRG-108hhrg93657",
        "CHRG-108shrg21303",
        "CHRG-108hhrg91903",
        "CHRG-108hhrg92341",
        "CHRG-108shrg32434",
        "CHRG-108jhrg88501",
        "CHRG-108shrg27956",
        "CHRG-108shrg20897",
        "CHRG-108shrg20974",
        "CHRG-108shrg22360",
        "CHRG-108hhrg93715",
        "CHRG-108shrg21346",
        "CHRG-108hhrg85491",
        "CHRG-108hhrg90547",
        "CHRG-108shrg82493",
        "CHRG-108hhrg93225",
        "CHRG-108shrg91247",
        "CHRG-108hhrg92346",
        "CHRG-108shrg81580",
        "CHRG-108hhrg92671",
        "CHRG-108hhrg94197",
        "CHRG-108shrg82206",
        "CHRG-108hhrg87094",
        "CHRG-108hhrg93757",
        "CHRG-108hhrg86786",
        "CHRG-108hhrg94919",
        "CHRG-108shrg91291",
        "CHRG-108hhrg90164",
        "CHRG-108hhrg95009",
        "CHRG-108hhrg85516",
        "CHRG-108hhrg95980",
        "CHRG-108hhrg92757",
        "CHRG-108shrg21618",
        "CHRG-108shrg87340",
        "CHRG-108shrg20547",
        "CHRG-108hhrg86952",
        "CHRG-108hhrg94364",
        "CHRG-108hhrg92615",
        "CHRG-108hhrg94287",
        "CHRG-108hhrg94313",
        "CHRG-108hhrg95498",
        "CHRG-108shrg21554",
        "CHRG-108shrg88771",
        "CHRG-108shrg81470",
        "CHRG-108hhrg96110",
        "CHRG-108shrg20706",
        "CHRG-108shrg20771",
        "CHRG-108hhrg23278",
        "CHRG-108hhrg87113",
        "CHRG-108hhrg87113",
        "CHRG-108hhrg86706",
        "CHRG-108hhrg86341",
        "CHRG-108shrg81579",
        "CHRG-108shrg20672",
        "CHRG-108hhrg92512",
        "CHRG-108hhrg92832",
        "CHRG-108hhrg94459",
        "CHRG-108shrg21364",
        "CHRG-108hhrg87993",
        "CHRG-108hhrg91605",
        "CHRG-108shrg21481",
        "CHRG-108shrg89661",
        "CHRG-108hhrg87412",
        "CHRG-108hhrg87412",
        "CHRG-108shrg20197",
        "CHRG-108shrg82229",
        "CHRG-108hhrg91214",
        "CHRG-108shrg80738",
        "CHRG-108shrg22462",
        "CHRG-108hhrg91364",
        "CHRG-108hhrg85987",
        "CHRG-108hhrg87814",
        "CHRG-108shrg91376",
        "CHRG-108shrg82372",
        "CHRG-108shrg21399",
        "CHRG-108hhrg94917",
        "CHRG-108hhrg93759",
        "CHRG-108shrg87755",
        "CHRG-108hhrg93387",
        "CHRG-108shrg20624",
        "CHRG-108hhrg86870",
        "CHRG-108hhrg95803",
        "CHRG-108hhrg93716",
        "CHRG-108hhrg89419",
        "CHRG-108shrg20083",
        "CHRG-108shrg80929",
        "CHRG-108hhrg89463",
        "CHRG-108shrg88893",
        "CHRG-108hhrg93226",
        "CHRG-108hhrg88395",
        "CHRG-108hhrg22641",
        "CHRG-108shrg80794",
        "CHRG-108shrg20623",
        "CHRG-108hhrg88545",
        "CHRG-108shrg27960",
        "CHRG-108hhrg87238",
        "CHRG-108hhrg87544",
        "CHRG-108hhrg89892",
        "CHRG-108hhrg90675",
        "CHRG-108shrg82205",
        "CHRG-108shrg82272",
        "CHRG-108hhrg93214",
        "CHRG-108hhrg92672",
        "CHRG-108shrg85625",
        "CHRG-108shrg21190",
        "CHRG-108shrg27958",
        "CHRG-108hhrg22703",
        "CHRG-108hhrg23604",
        "CHRG-108shrg95552",
        "CHRG-108hhrg91691",
        "CHRG-108hhrg85418",
        "CHRG-108hhrg88220",
        "CHRG-108hhrg85287",
        "CHRG-108shrg85548",
        "CHRG-108hhrg86705",
        "CHRG-108hhrg24168",
        "CHRG-108shrg81139",
        "CHRG-108shrg86220",
        "CHRG-108shrg88772",
        "CHRG-108hhrg92616"
    ],
    "109": [
        "CHRG-109hhrg24986",
        "CHRG-109hhrg29851",
        "CHRG-109hhrg27587",
        "CHRG-109hhrg29605",
        "CHRG-109hhrg26912",
        "CHRG-109hhrg24371",
        "CHRG-109hhrg29869",
        "CHRG-109hhrg23324",
        "CHRG-109hhrg28782",
        "CHRG-109hhrg24927",
        "CHRG-109hhrg21780",
        "CHRG-109hhrg98563",
        "CHRG-109hhrg24609",
        "CHRG-109hhrg21195",
        "CHRG-109hhrg21911",
        "CHRG-109hhrg23916",
        "CHRG-109hhrg30548",
        "CHRG-109hhrg27333",
        "CHRG-109hhrg24463",
        "CHRG-109hhrg26767",
        "CHRG-109hhrg20388",
        "CHRG-109hhrg31312",
        "CHRG-109hhrg26480",
        "CHRG-109hhrg26054",
        "CHRG-109hhrg20018",
        "CHRG-109hhrg20015",
        "CHRG-109hhrg20528",
        "CHRG-109hhrg23573",
        "CHRG-109hhrg20875",
        "CHRG-109hhrg26053",
        "CHRG-109hhrg24464",
        "CHRG-109hhrg22186",
        "CHRG-109hhrg21139",
        "CHRG-109hhrg99784",
        "CHRG-109hhrg27334",
        "CHRG-109hhrg23816",
        "CHRG-109hhrg21396",
        "CHRG-109hhrg27470",
        "CHRG-109hhrg30839",
        "CHRG-109hhrg20735",
        "CHRG-109hhrg24507",
        "CHRG-109hhrg29969",
        "CHRG-109hhrg27971",
        "CHRG-109hhrg26915",
        "CHRG-109hhrg21656",
        "CHRG-109hhrg28907",
        "CHRG-109hhrg27257",
        "CHRG-109hhrg26646",
        "CHRG-109hhrg36664",
        "CHRG-109hhrg20707",
        "CHRG-109hhrg27224",
        "CHRG-109hhrg33590",
        "CHRG-109hhrg33590",
        "CHRG-109hhrg21658",
        "CHRG-109hhrg25937",
        "CHRG-109hhrg21652",
        "CHRG-109hhrg26911",
        "CHRG-109hhrg28909",
        "CHRG-109hhrg24372",
        "CHRG-109hhrg28627",
        "CHRG-109hhrg22494",
        "CHRG-109hhrg99573",
        "CHRG-109hhrg20709",
        "CHRG-109hhrg29852",
        "CHRG-109hhrg26205",
        "CHRG-109hhrg26409",
        "CHRG-109hhrg21710",
        "CHRG-109hhrg30840",
        "CHRG-109hhrg26799",
        "CHRG-109hhrg24034",
        "CHRG-109hhrg28781",
        "CHRG-109hhrg21023",
        "CHRG-109hhrg25924",
        "CHRG-109hhrg24282",
        "CHRG-109hhrg27607",
        "CHRG-109shrg47637",
        "CHRG-109hhrg21912",
        "CHRG-109hhrg20710",
        "CHRG-109shrg32210",
        "CHRG-109hhrg35628",
        "CHRG-109hhrg35628",
        "CHRG-109hhrg35628",
        "CHRG-109hhrg35628",
        "CHRG-109hhrg33787",
        "CHRG-109hhrg33787",
        "CHRG-109hhrg26410",
        "CHRG-109hhrg28408",
        "CHRG-109hhrg20998",
        "CHRG-109hhrg23927",
        "CHRG-109hhrg31311",
        "CHRG-109hhrg23690",
        "CHRG-109hhrg21140",
        "CHRG-109hhrg27988",
        "CHRG-109hhrg22188",
        "CHRG-109hhrg21950",
        "CHRG-109hhrg24150",
        "CHRG-109hhrg26769",
        "CHRG-109hhrg20876",
        "CHRG-109hhrg27742",
        "CHRG-109hhrg98924",
        "CHRG-109hhrg23920",
        "CHRG-109hhrg20016",
        "CHRG-109hhrg99583",
        "CHRG-109hhrg99583",
        "CHRG-109hhrg24525",
        "CHRG-109hhrg27854",
        "CHRG-109hhrg23641",
        "CHRG-109hhrg98396",
        "CHRG-109hhrg23815",
        "CHRG-109hhrg23918",
        "CHRG-109hhrg21395",
        "CHRG-109hhrg28199",
        "CHRG-109hhrg27794",
        "CHRG-109hhrg23912",
        "CHRG-109hhrg24033",
        "CHRG-109hhrg26770",
        "CHRG-109hhrg21024",
        "CHRG-109hhrg20736",
        "CHRG-109hhrg24504",
        "CHRG-109hhrg24607",
        "CHRG-109hhrg22295",
        "CHRG-109hhrg99574",
        "CHRG-109hhrg26291",
        "CHRG-109hhrg28384",
        "CHRG-109hhrg26645",
        "CHRG-109hhrg27223",
        "CHRG-109hhrg21655",
        "CHRG-109hhrg30068",
        "CHRG-109hhrg30838",
        "CHRG-109hhrg26576",
        "CHRG-109hhrg27629",
        "CHRG-109hhrg29968",
        "CHRG-109hhrg27970",
        "CHRG-109hhrg24506",
        "CHRG-109hhrg21026",
        "CHRG-109hhrg27256",
        "CHRG-109hhrg25938",
        "CHRG-109hhrg26914",
        "CHRG-109hhrg21657",
        "CHRG-109hhrg28758",
        "CHRG-109hhrg28386",
        "CHRG-109hhrg29950",
        "CHRG-109hhrg28628",
        "CHRG-109hhrg26647",
        "CHRG-109hhrg22627",
        "CHRG-109hhrg23572",
        "CHRG-109hhrg29655",
        "CHRG-109hhrg23928",
        "CHRG-109hhrg20424",
        "CHRG-109hhrg99724",
        "CHRG-109hhrg22187",
        "CHRG-109hhrg27987",
        "CHRG-109hhrg23331",
        "CHRG-109hhrg27608",
        "CHRG-109hhrg99785",
        "CHRG-109hhrg27335",
        "CHRG-109hhrg22258",
        "CHRG-109hhrg28201",
        "CHRG-109hhrg21910",
        "CHRG-109hhrg27605",
        "CHRG-109hhrg20389",
        "CHRG-109hhrg26766",
        "CHRG-109hhrg29871",
        "CHRG-109hhrg26412",
        "CHRG-109hhrg20019",
        "CHRG-109hhrg26481",
        "CHRG-109hhrg29850",
        "CHRG-109hhrg98624",
        "CHRG-109shrg21431",
        "CHRG-109hhrg27226",
        "CHRG-109hhrg26913",
        "CHRG-109hhrg29604",
        "CHRG-109hhrg21217",
        "CHRG-109hhrg20390",
        "CHRG-109hhrg28783",
        "CHRG-109hhrg29746",
        "CHRG-109hhrg24608",
        "CHRG-109hhrg21025",
        "CHRG-109hhrg24505",
        "CHRG-109hhrg22549",
        "CHRG-109hhrg24606",
        "CHRG-109hhrg26379",
        "CHRG-109hhrg27588",
        "CHRG-109hhrg28385",
        "CHRG-109hhrg26290",
        "CHRG-109hhrg26373",
        "CHRG-109hhrg21654",
        "CHRG-109hhrg27255",
        "CHRG-109hhrg22550",
        "CHRG-109hhrg27094",
        "CHRG-109hhrg23332",
        "CHRG-109hhrg26768",
        "CHRG-109hhrg20017",
        "CHRG-109hhrg20017",
        "CHRG-109hhrg23921",
        "CHRG-109hhrg20877",
        "CHRG-109hhrg27743",
        "CHRG-109shrg35432",
        "CHRG-109hhrg23640",
        "CHRG-109hhrg99582",
        "CHRG-109hhrg23433",
        "CHRG-109hhrg29353",
        "CHRG-109hhrg27336",
        "CHRG-109hhrg24284",
        "CHRG-109hhrg23919",
        "CHRG-109hhrg28198",
        "CHRG-109hhrg23434",
        "CHRG-109hhrg27606",
        "CHRG-109hhrg29329",
        "CHRG-109hhrg24283",
        "CHRG-109hhrg26383",
        "CHRG-109hhrg20711",
        "CHRG-109hhrg21913",
        "CHRG-109hhrg20999",
        "CHRG-109hhrg20527",
        "CHRG-109hhrg21708",
        "CHRG-109hhrg21141",
        "CHRG-109hhrg29872",
        "CHRG-109hhrg22189",
        "CHRG-109hhrg26765",
        "CHRG-109hhrg24121",
        "CHRG-109hhrg21653",
        "CHRG-109hhrg28908",
        "CHRG-109hhrg24373",
        "CHRG-109hhrg27225",
        "CHRG-109hhrg26204",
        "CHRG-109hhrg20708",
        "CHRG-109hhrg22495",
        "CHRG-109hhrg98561",
        "CHRG-109hhrg29745",
        "CHRG-109hhrg21711",
        "CHRG-109hhrg24132",
        "CHRG-109hhrg26798"
    ],
    "110": [
        "CHRG-110hhrg48973",
        "CHRG-110hhrg33312",
        "CHRG-110hhrg62207",
        "CHRG-110hhrg37847",
        "CHRG-110hhrg34982",
        "CHRG-110hhrg43526",
        "CHRG-110hhrg43871",
        "CHRG-110shrg74105",
        "CHRG-110hhrg41368",
        "CHRG-110hhrg38113",
        "CHRG-110hhrg44001",
        "CHRG-110shrg73896",
        "CHRG-110hhrg42850",
        "CHRG-110hhrg42827",
        "CHRG-110shrg78189",
        "CHRG-110hhrg46632",
        "CHRG-110hhrg36176",
        "CHRG-110hhrg39706",
        "CHRG-110hhrg34824",
        "CHRG-110hhrg34929",
        "CHRG-110hhrg35261",
        "CHRG-110hhrg37978",
        "CHRG-110hhrg43153",
        "CHRG-110hhrg43939",
        "CHRG-110hhrg37528",
        "CHRG-110shrg73584",
        "CHRG-110hhrg35115",
        "CHRG-110hhrg61557",
        "CHRG-110hhrg40741",
        "CHRG-110hhrg44929",
        "CHRG-110hhrg34670",
        "CHRG-110hhrg43710",
        "CHRG-110hhrg43357",
        "CHRG-110hhrg41580",
        "CHRG-110hhrg48984",
        "CHRG-110shrg75679",
        "CHRG-110hhrg40943",
        "CHRG-110hhrg37479",
        "CHRG-110shrg74011",
        "CHRG-110hhrg43965",
        "CHRG-110hhrg48960",
        "CHRG-110shrg75344",
        "CHRG-110hhrg48917",
        "CHRG-110hhrg38639",
        "CHRG-110hhrg41191",
        "CHRG-110hhrg41818",
        "CHRG-110hhrg56233",
        "CHRG-110shrg75047",
        "CHRG-110shrg78190",
        "CHRG-110hhrg38867",
        "CHRG-110hhrg35859",
        "CHRG-110hhrg34756",
        "CHRG-110shrg78880",
        "CHRG-110shrg77233",
        "CHRG-110hhrg35278",
        "CHRG-110hhrg42215",
        "CHRG-110hhrg41797",
        "CHRG-110shrg79907",
        "CHRG-110hhrg48575",
        "CHRG-110shrg74569",
        "CHRG-110hhrg38771",
        "CHRG-110shrg76327",
        "CHRG-110hhrg35642",
        "CHRG-110hhrg42722",
        "CHRG-110hhrg48925",
        "CHRG-110hhrg38336",
        "CHRG-110hhrg39453",
        "CHRG-110hhrg35272",
        "CHRG-110hhrg61630",
        "CHRG-110hhrg44614",
        "CHRG-110shrg73237",
        "CHRG-110hhrg40906",
        "CHRG-110hhrg37985",
        "CHRG-110hhrg35861",
        "CHRG-110hhrg35982",
        "CHRG-110shrg80371",
        "CHRG-110hhrg38508",
        "CHRG-110shrg74320",
        "CHRG-110hhrg38138",
        "CHRG-110hhrg40622",
        "CHRG-110hhrg43709",
        "CHRG-110hhrg41820",
        "CHRG-110shrg74617",
        "CHRG-110hhrg42971",
        "CHRG-110hhrg34359",
        "CHRG-110hhrg44484",
        "CHRG-110hhrg45275",
        "CHRG-110hhrg46259",
        "CHRG-110hhrg36020",
        "CHRG-110hhrg42876",
        "CHRG-110shrg80392",
        "CHRG-110shrg49738",
        "CHRG-110shrg72808",
        "CHRG-110hhrg42212",
        "CHRG-110hhrg35305",
        "CHRG-110shrg80091",
        "CHRG-110hhrg48928",
        "CHRG-110hhrg41697",
        "CHRG-110shrg79550",
        "CHRG-110shrg77868",
        "CHRG-110hhrg56091",
        "CHRG-110hhrg48922",
        "CHRG-110hhrg44613",
        "CHRG-110hhrg35275",
        "CHRG-110hhrg40456",
        "CHRG-110hhrg36018",
        "CHRG-110hhrg46261",
        "CHRG-110hhrg55315",
        "CHRG-110hhrg33102",
        "CHRG-110shrg77339",
        "CHRG-110hhrg33812",
        "CHRG-110hhrg63238",
        "CHRG-110hhrg32844",
        "CHRG-110shrg80493",
        "CHRG-110shrg75609",
        "CHRG-110shrg75343",
        "CHRG-110hhrg48967",
        "CHRG-110hhrg35600",
        "CHRG-110shrg72157",
        "CHRG-110shrg78393",
        "CHRG-110shrg74892",
        "CHRG-110shrg75166",
        "CHRG-110hhrg42865",
        "CHRG-110hhrg35452",
        "CHRG-110hhrg41419",
        "CHRG-110shrg78568",
        "CHRG-110shrg75971",
        "CHRG-110hhrg35112",
        "CHRG-110hhrg43683",
        "CHRG-110hhrg42962",
        "CHRG-110hhrg34823",
        "CHRG-110hhrg63084",
        "CHRG-110hhrg43053",
        "CHRG-110hhrg38765",
        "CHRG-110hhrg36607",
        "CHRG-110shrg80088",
        "CHRG-110shrg73787",
        "CHRG-110hhrg48931",
        "CHRG-110hhrg43059",
        "CHRG-110hhrg43123",
        "CHRG-110shrg79549",
        "CHRG-110hhrg46859",
        "CHRG-110hhrg37012",
        "CHRG-110hhrg34924",
        "CHRG-110hhrg43564",
        "CHRG-110hhrg42298",
        "CHRG-110hhrg38114",
        "CHRG-110hhrg41082",
        "CHRG-110hhrg42950",
        "CHRG-110hhrg43752",
        "CHRG-110shrg76548",
        "CHRG-110hhrg48454",
        "CHRG-110hhrg33315",
        "CHRG-110hhrg48974",
        "CHRG-110hhrg34176",
        "CHRG-110hhrg40957",
        "CHRG-110shrg75784",
        "CHRG-110hhrg47669",
        "CHRG-110hhrg58136",
        "CHRG-110hhrg48909",
        "CHRG-110shrg76392",
        "CHRG-110hhrg39705",
        "CHRG-110hhrg36175",
        "CHRG-110hhrg46631",
        "CHRG-110hhrg41905",
        "CHRG-110hhrg38970",
        "CHRG-110shrg72249",
        "CHRG-110hhrg63322",
        "CHRG-110hhrg34178",
        "CHRG-110hhrg43525",
        "CHRG-110shrg74106",
        "CHRG-110hhrg33626",
        "CHRG-110hhrg34981",
        "CHRG-110hhrg43558",
        "CHRG-110hhrg40924",
        "CHRG-110hhrg37844",
        "CHRG-110hhrg36646",
        "CHRG-110hhrg58304",
        "CHRG-110hhrg44137",
        "CHRG-110hhrg41050",
        "CHRG-110hhrg40742",
        "CHRG-110hhrg44493",
        "CHRG-110hhrg35116",
        "CHRG-110hhrg62402",
        "CHRG-110hhrg43253",
        "CHRG-110hhrg44047",
        "CHRG-110hhrg35998",
        "CHRG-110shrg73849",
        "CHRG-110hhrg35268",
        "CHRG-110hhrg36343",
        "CHRG-110hhrg43560",
        "CHRG-110hhrg43150",
        "CHRG-110hhrg40916",
        "CHRG-110hhrg35262",
        "CHRG-110hhrg34755",
        "CHRG-110hhrg44011",
        "CHRG-110hhrg38969",
        "CHRG-110hhrg42410",
        "CHRG-110hhrg43302",
        "CHRG-110shrg72250",
        "CHRG-110hhrg37603",
        "CHRG-110hhrg35604",
        "CHRG-110shrg74012",
        "CHRG-110hhrg44652",
        "CHRG-110hhrg35243",
        "CHRG-110hhrg39581",
        "CHRG-110hhrg37599",
        "CHRG-110hhrg41378",
        "CHRG-110hhrg54777",
        "CHRG-110hhrg48969",
        "CHRG-110shrg80275",
        "CHRG-110hhrg41959",
        "CHRG-110shrg55922",
        "CHRG-110shrg75106",
        "CHRG-110shrg46471",
        "CHRG-110hhrg40282",
        "CHRG-110hhrg42878",
        "CHRG-110hhrg35271",
        "CHRG-110hhrg39450",
        "CHRG-110shrg45653",
        "CHRG-110hhrg38335",
        "CHRG-110hhrg48926",
        "CHRG-110hhrg38772",
        "CHRG-110hhrg36784",
        "CHRG-110hhrg43149",
        "CHRG-110shrg75205",
        "CHRG-110shrg75738",
        "CHRG-110hhrg58423",
        "CHRG-110hhrg40455",
        "CHRG-110hhrg35276",
        "CHRG-110hhrg44610",
        "CHRG-110hhrg48921",
        "CHRG-110hhrg37008",
        "CHRG-110hhrg36783",
        "CHRG-110hhrg43043",
        "CHRG-110hhrg44327",
        "CHRG-110shrg75202",
        "CHRG-110shrg76329",
        "CHRG-110hhrg43049",
        "CHRG-110hhrg39807",
        "CHRG-110hhrg44934",
        "CHRG-110shrg78852",
        "CHRG-110hhrg61860",
        "CHRG-110hhrg42118",
        "CHRG-110hhrg42972",
        "CHRG-110shrg80033",
        "CHRG-110shrg74891",
        "CHRG-110hhrg48964",
        "CHRG-110hhrg48913",
        "CHRG-110hhrg35244",
        "CHRG-110hhrg39465",
        "CHRG-110hhrg37477",
        "CHRG-110hhrg48090",
        "CHRG-110hhrg38637",
        "CHRG-110hhrg38640",
        "CHRG-110hhrg48980",
        "CHRG-110hhrg42120",
        "CHRG-110hhrg33811",
        "CHRG-110hhrg42510",
        "CHRG-110shrg79662",
        "CHRG-110hhrg35857",
        "CHRG-110hhrg34758",
        "CHRG-110hhrg37976",
        "CHRG-110hhrg33613",
        "CHRG-110hhrg34927",
        "CHRG-110hhrg43830",
        "CHRG-110hhrg36344",
        "CHRG-110shrg80428",
        "CHRG-110hhrg37011",
        "CHRG-110shrg77422",
        "CHRG-110shrg85532",
        "CHRG-110hhrg38766",
        "CHRG-110hhrg42372",
        "CHRG-110hhrg35265",
        "CHRG-110hhrg44779",
        "CHRG-110hhrg56525",
        "CHRG-110hhrg43940",
        "CHRG-110hhrg34820",
        "CHRG-110shrg73513",
        "CHRG-110hhrg43714",
        "CHRG-110hhrg44494",
        "CHRG-110hhrg40745",
        "CHRG-110shrg75972",
        "CHRG-110hhrg36477",
        "CHRG-110shrg75165",
        "CHRG-110hhrg42866",
        "CHRG-110hhrg35451",
        "CHRG-110shrg74985",
        "CHRG-110hhrg44631",
        "CHRG-110hhrg48089",
        "CHRG-110shrg75680",
        "CHRG-110hhrg40923",
        "CHRG-110hhrg34175",
        "CHRG-110hhrg48977",
        "CHRG-110hhrg35059",
        "CHRG-110shrg78804",
        "CHRG-110hhrg41065",
        "CHRG-110hhrg42829",
        "CHRG-110hhrg42509",
        "CHRG-110hhrg41902",
        "CHRG-110hhrg39708",
        "CHRG-110hhrg43656",
        "CHRG-110hhrg54899",
        "CHRG-110hhrg43351",
        "CHRG-110hhrg35113",
        "CHRG-110shrg75970",
        "CHRG-110hhrg43682",
        "CHRG-110hhrg62593",
        "CHRG-110shrg78569",
        "CHRG-110shrg75167",
        "CHRG-110hhrg35453",
        "CHRG-110hhrg57595",
        "CHRG-110hhrg36475",
        "CHRG-110hhrg34925",
        "CHRG-110hhrg43832",
        "CHRG-110hhrg36346",
        "CHRG-110hhrg33611",
        "CHRG-110hhrg43122",
        "CHRG-110hhrg37013",
        "CHRG-110shrg80089",
        "CHRG-110hhrg38764",
        "CHRG-110hhrg48930",
        "CHRG-110hhrg34822",
        "CHRG-110hhrg35267",
        "CHRG-110hhrg41067",
        "CHRG-110hhrg41420",
        "CHRG-110hhrg38115",
        "CHRG-110hhrg41083",
        "CHRG-110hhrg48908",
        "CHRG-110shrg75785",
        "CHRG-110hhrg47668",
        "CHRG-110hhrg43557",
        "CHRG-110shrg75682",
        "CHRG-110hhrg41364",
        "CHRG-110hhrg33314",
        "CHRG-110shrg44802",
        "CHRG-110hhrg34177",
        "CHRG-110hhrg57848",
        "CHRG-110hhrg36021",
        "CHRG-110hhrg44511",
        "CHRG-110hhrg44485",
        "CHRG-110shrg76586",
        "CHRG-110hhrg38330",
        "CHRG-110shrg75737",
        "CHRG-110shrg75740",
        "CHRG-110hhrg35274",
        "CHRG-110hhrg56980",
        "CHRG-110hhrg44612",
        "CHRG-110hhrg48923",
        "CHRG-110shrg79551",
        "CHRG-110hhrg42724",
        "CHRG-110shrg80090",
        "CHRG-110hhrg44325",
        "CHRG-110hhrg48929",
        "CHRG-110hhrg41235",
        "CHRG-110hhrg55462",
        "CHRG-110hhrg42213",
        "CHRG-110hhrg43630",
        "CHRG-110hhrg34360",
        "CHRG-110hhrg44063",
        "CHRG-110hhrg57807",
        "CHRG-110hhrg36019",
        "CHRG-110hhrg46260",
        "CHRG-110hhrg48911",
        "CHRG-110hhrg35601",
        "CHRG-110hhrg37135",
        "CHRG-110hhrg44267",
        "CHRG-110shrg74893",
        "CHRG-110shrg75608",
        "CHRG-110hhrg39467",
        "CHRG-110hhrg41377",
        "CHRG-110hhrg48982",
        "CHRG-110hhrg38642",
        "CHRG-110hhrg48916",
        "CHRG-110shrg75345",
        "CHRG-110hhrg48961",
        "CHRG-110shrg74894",
        "CHRG-110hhrg38638",
        "CHRG-110hhrg40942",
        "CHRG-110hhrg43964",
        "CHRG-110hhrg37472",
        "CHRG-110shrg78881",
        "CHRG-110hhrg34757",
        "CHRG-110shrg77232",
        "CHRG-110hhrg44064",
        "CHRG-110hhrg35858",
        "CHRG-110hhrg41819",
        "CHRG-110hhrg41190",
        "CHRG-110hhrg37601",
        "CHRG-110hhrg38337",
        "CHRG-110hhrg35273",
        "CHRG-110hhrg42723",
        "CHRG-110hhrg35634",
        "CHRG-110hhrg48924",
        "CHRG-110hhrg41796",
        "CHRG-110shrg79906",
        "CHRG-110hhrg48959",
        "CHRG-110hhrg37007",
        "CHRG-110hhrg35279",
        "CHRG-110hhrg42214",
        "CHRG-110hhrg43708",
        "CHRG-110hhrg55788",
        "CHRG-110hhrg54104",
        "CHRG-110hhrg34718",
        "CHRG-110shrg74321",
        "CHRG-110hhrg35860",
        "CHRG-110hhrg41471",
        "CHRG-110hhrg38509",
        "CHRG-110hhrg48978",
        "CHRG-110hhrg39479",
        "CHRG-110shrg74009",
        "CHRG-110hhrg43527",
        "CHRG-110shrg74104",
        "CHRG-110hhrg40926",
        "CHRG-110hhrg37846",
        "CHRG-110hhrg34983",
        "CHRG-110hhrg38316",
        "CHRG-110hhrg43999",
        "CHRG-110hhrg48972",
        "CHRG-110hhrg33313",
        "CHRG-110hhrg39707",
        "CHRG-110shrg78188",
        "CHRG-110hhrg41800",
        "CHRG-110hhrg42492",
        "CHRG-110hhrg42826",
        "CHRG-110hhrg42851",
        "CHRG-110hhrg38112",
        "CHRG-110hhrg41189",
        "CHRG-110hhrg33993",
        "CHRG-110hhrg43562",
        "CHRG-110hhrg37529",
        "CHRG-110hhrg43152",
        "CHRG-110shrg73668",
        "CHRG-110hhrg37014",
        "CHRG-110hhrg38763",
        "CHRG-110hhrg53884",
        "CHRG-110hhrg58191",
        "CHRG-110hhrg34928",
        "CHRG-110hhrg37979",
        "CHRG-110hhrg41581",
        "CHRG-110hhrg35114",
        "CHRG-110hhrg36145",
        "CHRG-110shrg73466",
        "CHRG-110shrg80369",
        "CHRG-110hhrg38510",
        "CHRG-110hhrg37527",
        "CHRG-110hhrg35264",
        "CHRG-110hhrg42373",
        "CHRG-110hhrg34821",
        "CHRG-110hhrg48933",
        "CHRG-110hhrg38767",
        "CHRG-110hhrg36605",
        "CHRG-110hhrg37010",
        "CHRG-110hhrg43121",
        "CHRG-110hhrg37977",
        "CHRG-110hhrg35280",
        "CHRG-110hhrg43831",
        "CHRG-110hhrg34926",
        "CHRG-110shrg80429",
        "CHRG-110hhrg36345",
        "CHRG-110hhrg43566",
        "CHRG-110hhrg36476",
        "CHRG-110hhrg42867",
        "CHRG-110hhrg35450",
        "CHRG-110hhrg43681",
        "CHRG-110hhrg40744",
        "CHRG-110hhrg44495",
        "CHRG-110hhrg44394",
        "CHRG-110hhrg48976",
        "CHRG-110hhrg35221",
        "CHRG-110hhrg40922",
        "CHRG-110shrg75681",
        "CHRG-110shrg73387",
        "CHRG-110hhrg57303",
        "CHRG-110hhrg38381",
        "CHRG-110hhrg43523",
        "CHRG-110shrg74984",
        "CHRG-110hhrg39709",
        "CHRG-110hhrg42828",
        "CHRG-110hhrg42508",
        "CHRG-110hhrg42925",
        "CHRG-110hhrg41903",
        "CHRG-110hhrg33809",
        "CHRG-110hhrg35058",
        "CHRG-110hhrg36173",
        "CHRG-110hhrg44326",
        "CHRG-110shrg75203",
        "CHRG-110shrg76328",
        "CHRG-110hhrg48957",
        "CHRG-110hhrg37009",
        "CHRG-110shrg79908",
        "CHRG-110hhrg44611",
        "CHRG-110hhrg40879",
        "CHRG-110hhrg35277",
        "CHRG-110hhrg40454",
        "CHRG-110shrg80430",
        "CHRG-110hhrg55566",
        "CHRG-110shrg74618",
        "CHRG-110hhrg47173",
        "CHRG-110shrg40885",
        "CHRG-110hhrg42973",
        "CHRG-110hhrg42119",
        "CHRG-110hhrg44512",
        "CHRG-110hhrg44486",
        "CHRG-110hhrg38137",
        "CHRG-110hhrg38507",
        "CHRG-110hhrg38641",
        "CHRG-110hhrg43177",
        "CHRG-110hhrg43199",
        "CHRG-110hhrg48918",
        "CHRG-110hhrg48981",
        "CHRG-110hhrg34907",
        "CHRG-110hhrg39480",
        "CHRG-110hhrg36214",
        "CHRG-110hhrg41374",
        "CHRG-110hhrg35245",
        "CHRG-110hhrg48002",
        "CHRG-110hhrg35602",
        "CHRG-110hhrg37136",
        "CHRG-110hhrg34759",
        "CHRG-110hhrg38868",
        "CHRG-110hhrg54508",
        "CHRG-110shrg75048",
        "CHRG-110hhrg42511",
        "CHRG-110hhrg54591",
        "CHRG-110hhrg57974",
        "CHRG-110hhrg44893",
        "CHRG-110hhrg33810",
        "CHRG-110shrg48450",
        "CHRG-110hhrg37602",
        "CHRG-110hhrg33107",
        "CHRG-110hhrg44894",
        "CHRG-110hhrg36017",
        "CHRG-110hhrg34184",
        "CHRG-110shrg80048",
        "CHRG-110hhrg54695",
        "CHRG-110hhrg48968",
        "CHRG-110hhrg34527",
        "CHRG-110hhrg35235",
        "CHRG-110hhrg44653",
        "CHRG-110hhrg35242",
        "CHRG-110shrg75776",
        "CHRG-110hhrg35605",
        "CHRG-110hhrg48962",
        "CHRG-110shrg75346",
        "CHRG-110hhrg48915",
        "CHRG-110hhrg42879",
        "CHRG-110hhrg42974",
        "CHRG-110shrg74322",
        "CHRG-110hhrg57416",
        "CHRG-110shrg80274",
        "CHRG-110shrg75107",
        "CHRG-110hhrg44766",
        "CHRG-110hhrg63076",
        "CHRG-110hhrg63076",
        "CHRG-110hhrg63076",
        "CHRG-110hhrg63076",
        "CHRG-110hhrg63076",
        "CHRG-110hhrg63076",
        "CHRG-110hhrg63076",
        "CHRG-110hhrg63076",
        "CHRG-110hhrg63076",
        "CHRG-110hhrg63076",
        "CHRG-110hhrg63076",
        "CHRG-110hhrg63076",
        "CHRG-110hhrg63076",
        "CHRG-110hhrg63076",
        "CHRG-110hhrg63076",
        "CHRG-110hhrg63076",
        "CHRG-110hhrg63076",
        "CHRG-110hhrg63076",
        "CHRG-110hhrg63076",
        "CHRG-110hhrg63076",
        "CHRG-110hhrg63076",
        "CHRG-110hhrg63076",
        "CHRG-110hhrg63076",
        "CHRG-110hhrg63076",
        "CHRG-110hhrg63076",
        "CHRG-110hhrg63076",
        "CHRG-110hhrg63076",
        "CHRG-110hhrg63076",
        "CHRG-110hhrg63076",
        "CHRG-110hhrg63076",
        "CHRG-110hhrg63076",
        "CHRG-110hhrg63076",
        "CHRG-110hhrg63076",
        "CHRG-110hhrg63076",
        "CHRG-110hhrg63076",
        "CHRG-110hhrg63076",
        "CHRG-110hhrg63076",
        "CHRG-110hhrg63076",
        "CHRG-110shrg75739",
        "CHRG-110shrg75204",
        "CHRG-110shrg79905",
        "CHRG-110shrg77867",
        "CHRG-110hhrg41698",
        "CHRG-110hhrg41795",
        "CHRG-110hhrg35637",
        "CHRG-110hhrg48927",
        "CHRG-110hhrg36785",
        "CHRG-110hhrg38773",
        "CHRG-110hhrg35270",
        "CHRG-110hhrg38334",
        "CHRG-110hhrg45173",
        "CHRG-110hhrg43955",
        "CHRG-110hhrg34418",
        "CHRG-110hhrg44003",
        "CHRG-110hhrg42475",
        "CHRG-110hhrg38971",
        "CHRG-110hhrg41904",
        "CHRG-110hhrg38016",
        "CHRG-110hhrg36174",
        "CHRG-110hhrg48971",
        "CHRG-110shrg75355",
        "CHRG-110hhrg48906",
        "CHRG-110hhrg44393",
        "CHRG-110hhrg43559",
        "CHRG-110hhrg37845",
        "CHRG-110hhrg37468",
        "CHRG-110hhrg40925",
        "CHRG-110hhrg43524",
        "CHRG-110hhrg43873",
        "CHRG-110hhrg33627",
        "CHRG-110shrg74983",
        "CHRG-110hhrg36737",
        "CHRG-110hhrg36592",
        "CHRG-110shrg73848",
        "CHRG-110hhrg62923",
        "CHRG-110hhrg35117",
        "CHRG-110hhrg44492",
        "CHRG-110hhrg40743",
        "CHRG-110hhrg41582",
        "CHRG-110hhrg44136",
        "CHRG-110hhrg35263",
        "CHRG-110hhrg56803",
        "CHRG-110hhrg48934",
        "CHRG-110hhrg58071",
        "CHRG-110shrg77459",
        "CHRG-110hhrg43151",
        "CHRG-110hhrg61751",
        "CHRG-110hhrg43561",
        "CHRG-110hhrg36342",
        "CHRG-110shrg80523"
    ],
    "111": [
        "CHRG-111hhrg48863",
        "CHRG-111hhrg52395",
        "CHRG-111hhrg48869",
        "CHRG-111hhrg56240",
        "CHRG-111hhrg56237",
        "CHRG-111hhrg51587",
        "CHRG-111hhrg61852",
        "CHRG-111hhrg52442",
        "CHRG-111hhrg73753",
        "CHRG-111hhrg73753",
        "CHRG-111hhrg73753",
        "CHRG-111hhrg56777",
        "CHRG-111hhrg74094",
        "CHRG-111hhrg74094",
        "CHRG-111hhrg74100",
        "CHRG-111hhrg74100",
        "CHRG-111hhrg74100",
        "CHRG-111hhrg67814",
        "CHRG-111hhrg67814",
        "CHRG-111hhrg67814",
        "CHRG-111hhrg54473",
        "CHRG-111hhrg76572",
        "CHRG-111hhrg62681",
        "CHRG-111hhrg78127",
        "CHRG-111hhrg76578",
        "CHRG-111shrg63996",
        "CHRG-111hhrg52407",
        "CHRG-111hhrg54866",
        "CHRG-111hhrg48678",
        "CHRG-111hhrg48672",
        "CHRG-111hhrg77909",
        "CHRG-111hhrg74855",
        "CHRG-111hhrg76013",
        "CHRG-111hhrg55811",
        "CHRG-111hhrg58045",
        "CHRG-111hhrg57738",
        "CHRG-111hhrg48870",
        "CHRG-111hhrg57745",
        "CHRG-111hhrg76019",
        "CHRG-111hhrg74087",
        "CHRG-111hhrg53244",
        "CHRG-111hhrg53233",
        "CHRG-111hhrg56764",
        "CHRG-111hhrg51594",
        "CHRG-111hhrg53239",
        "CHRG-111hhrg56780",
        "CHRG-111hhrg77922",
        "CHRG-111hhrg77922",
        "CHRG-111shrg52740",
        "CHRG-111hhrg76585",
        "CHRG-111hhrg76585",
        "CHRG-111hhrg76585",
        "CHRG-111hhrg76021",
        "CHRG-111hhrg78134",
        "CHRG-111hhrg78134",
        "CHRG-111hhrg74846",
        "CHRG-111hhrg57597",
        "CHRG-111hhrg77910",
        "CHRG-111hhrg77910",
        "CHRG-111hhrg77910",
        "CHRG-111hhrg54872",
        "CHRG-111hhrg77917",
        "CHRG-111hhrg76582",
        "CHRG-111hhrg78133",
        "CHRG-111hhrg78139",
        "CHRG-111hhrg78139",
        "CHRG-111hhrg78139",
        "CHRG-111hhrg56528",
        "CHRG-111hhrg76566",
        "CHRG-111hhrg53234",
        "CHRG-111hhrg53243",
        "CHRG-111hhrg73747",
        "CHRG-111hhrg73747",
        "CHRG-111hhrg73747",
        "CHRG-111hhrg53249",
        "CHRG-111hhrg51593",
        "CHRG-111hhrg56769",
        "CHRG-111hhrg63126",
        "CHRG-111hhrg55816",
        "CHRG-111hhrg76014",
        "CHRG-111hhrg58042",
        "CHRG-111hhrg57748",
        "CHRG-111hhrg58048",
        "CHRG-111hhrg57742",
        "CHRG-111hhrg52400",
        "CHRG-111hhrg74858",
        "CHRG-111hhrg74858",
        "CHRG-111hhrg48675",
        "CHRG-111hhrg67821",
        "CHRG-111hhrg67821",
        "CHRG-111hhrg67821",
        "CHRG-111hhrg72887",
        "CHRG-111hhrg72887",
        "CHRG-111hhrg74852",
        "CHRG-111hhrg55057",
        "CHRG-111hhrg76575",
        "CHRG-111hhrg62686",
        "CHRG-111hhrg74099",
        "CHRG-111hhrg74099",
        "CHRG-111hhrg67819",
        "CHRG-111hhrg50292",
        "CHRG-111hhrg61855",
        "CHRG-111hhrg74860",
        "CHRG-111hhrg53250",
        "CHRG-111hhrg67103",
        "CHRG-111hhrg67103",
        "CHRG-111hhrg67097",
        "CHRG-111hhrg67097",
        "CHRG-111hhrg56770",
        "CHRG-111hhrg74093",
        "CHRG-111hhrg74093",
        "CHRG-111hhrg74093",
        "CHRG-111hhrg74093",
        "CHRG-111hhrg54474",
        "CHRG-111hhrg67813",
        "CHRG-111hhrg67813",
        "CHRG-111hhrg67813",
        "CHRG-111hhrg48864",
        "CHRG-111hhrg58051",
        "CHRG-111hhrg63825",
        "CHRG-111hhrg63825",
        "CHRG-111hhrg52398",
        "CHRG-111hhrg76007",
        "CHRG-111hhrg67817",
        "CHRG-111hhrg67817",
        "CHRG-111hhrg67817",
        "CHRG-111hhrg74097",
        "CHRG-111hhrg74103",
        "CHRG-111hhrg56774",
        "CHRG-111hhrg67099",
        "CHRG-111hhrg67099",
        "CHRG-111hhrg67099",
        "CHRG-111hhrg61851",
        "CHRG-111hhrg51584",
        "CHRG-111hhrg56234",
        "CHRG-111hhrg56243",
        "CHRG-111hhrg76003",
        "CHRG-111hhrg52396",
        "CHRG-111hhrg76009",
        "CHRG-111hhrg76009",
        "CHRG-111hhrg74856",
        "CHRG-111hhrg74856",
        "CHRG-111hhrg72883",
        "CHRG-111hhrg72883",
        "CHRG-111hhrg67825",
        "CHRG-111hhrg54865",
        "CHRG-111hhrg55059",
        "CHRG-111hhrg62688",
        "CHRG-111hhrg78124",
        "CHRG-111hhrg62682",
        "CHRG-111hhrg76571",
        "CHRG-111hhrg77921",
        "CHRG-111hhrg61848",
        "CHRG-111hhrg73743",
        "CHRG-111hhrg73743",
        "CHRG-111hhrg53247",
        "CHRG-111hhrg57746",
        "CHRG-111shrg65632",
        "CHRG-111hhrg48873",
        "CHRG-111hhrg58046",
        "CHRG-111hhrg76010",
        "CHRG-111hhrg55812",
        "CHRG-111hhrg77913",
        "CHRG-111shrg56433",
        "CHRG-111hhrg74845",
        "CHRG-111hhrg74845",
        "CHRG-111hhrg77919",
        "CHRG-111hhrg78137",
        "CHRG-111hhrg76022",
        "CHRG-111hhrg76022",
        "CHRG-111hhrg76568",
        "CHRG-111shrg52505",
        "CHRG-111hhrg62678",
        "CHRG-111hhrg64374",
        "CHRG-111hhrg78130",
        "CHRG-111hhrg78130",
        "CHRG-111hhrg78130",
        "CHRG-111hhrg76581",
        "CHRG-111hhrg76581",
        "CHRG-111hhrg74848",
        "CHRG-111hhrg74848",
        "CHRG-111hhrg77914",
        "CHRG-111hhrg77914",
        "CHRG-111hhrg54871",
        "CHRG-111shrg56434",
        "CHRG-111hhrg74842",
        "CHRG-111hhrg74842",
        "CHRG-111hhrg55886",
        "CHRG-111hhrg57741",
        "CHRG-111hhrg48874",
        "CHRG-111hhrg58041",
        "CHRG-111hhrg55815",
        "CHRG-111hhrg76017",
        "CHRG-111hhrg63125",
        "CHRG-111hhrg74089",
        "CHRG-111hhrg51590",
        "CHRG-111hhrg73744",
        "CHRG-111hhrg73744",
        "CHRG-111hhrg53240",
        "CHRG-111hhrg53237",
        "CHRG-111hhrg78123",
        "CHRG-111hhrg78123",
        "CHRG-111hhrg62685",
        "CHRG-111hhrg78129",
        "CHRG-111hhrg76576",
        "CHRG-111hhrg76576",
        "CHRG-111hhrg76576",
        "CHRG-111hhrg74851",
        "CHRG-111hhrg48676",
        "CHRG-111hhrg54868",
        "CHRG-111hhrg67822",
        "CHRG-111hhrg67822",
        "CHRG-111shrg50026",
        "CHRG-111hhrg76004",
        "CHRG-111hhrg76004",
        "CHRG-111hhrg58052",
        "CHRG-111hhrg48867",
        "CHRG-111hhrg56239",
        "CHRG-111hhrg74090",
        "CHRG-111hhrg74090",
        "CHRG-111hhrg67100",
        "CHRG-111hhrg67100",
        "CHRG-111hhrg67100",
        "CHRG-111hhrg67094",
        "CHRG-111hhrg67094",
        "CHRG-111hhrg67094",
        "CHRG-111hhrg56773",
        "CHRG-111hhrg51589",
        "CHRG-111hhrg61856",
        "CHRG-111hhrg56779",
        "CHRG-111hhrg51583",
        "CHRG-111hhrg74853",
        "CHRG-111hhrg74853",
        "CHRG-111hhrg74853",
        "CHRG-111hhrg48674",
        "CHRG-111hhrg72886",
        "CHRG-111hhrg52401",
        "CHRG-111hhrg74859",
        "CHRG-111hhrg62687",
        "CHRG-111hhrg55056",
        "CHRG-111hhrg76574",
        "CHRG-111hhrg76574",
        "CHRG-111hhrg74092",
        "CHRG-111hhrg74092",
        "CHRG-111hhrg54475",
        "CHRG-111hhrg53251",
        "CHRG-111hhrg67102",
        "CHRG-111hhrg67102",
        "CHRG-111hhrg67102",
        "CHRG-111hhrg67096",
        "CHRG-111hhrg67096",
        "CHRG-111hhrg67096",
        "CHRG-111hhrg56771",
        "CHRG-111hhrg61854",
        "CHRG-111hhrg67818",
        "CHRG-111hhrg67818",
        "CHRG-111hhrg67818",
        "CHRG-111hhrg76006",
        "CHRG-111hhrg63824",
        "CHRG-111hhrg58050",
        "CHRG-111hhrg52399",
        "CHRG-111hhrg48865",
        "CHRG-111hhrg77916",
        "CHRG-111hhrg77916",
        "CHRG-111hhrg77916",
        "CHRG-111hhrg47800",
        "CHRG-111hhrg54873",
        "CHRG-111hhrg76567",
        "CHRG-111hhrg76567",
        "CHRG-111hhrg78138",
        "CHRG-111hhrg78132",
        "CHRG-111hhrg78132",
        "CHRG-111hhrg78132",
        "CHRG-111hhrg76583",
        "CHRG-111hhrg53248",
        "CHRG-111hhrg51592",
        "CHRG-111hhrg56768",
        "CHRG-111hhrg61847",
        "CHRG-111hhrg53242",
        "CHRG-111hhrg53235",
        "CHRG-111hhrg73746",
        "CHRG-111hhrg48876",
        "CHRG-111hhrg58049",
        "CHRG-111hhrg57743",
        "CHRG-111hhrg58043",
        "CHRG-111hhrg76015",
        "CHRG-111hhrg76015",
        "CHRG-111hhrg76018",
        "CHRG-111hhrg48871",
        "CHRG-111hhrg57744",
        "CHRG-111hhrg58044",
        "CHRG-111hhrg57739",
        "CHRG-111shrg54497",
        "CHRG-111hhrg76012",
        "CHRG-111hhrg76012",
        "CHRG-111hhrg55810",
        "CHRG-111shrg52741",
        "CHRG-111hhrg51595",
        "CHRG-111hhrg53238",
        "CHRG-111hhrg56781",
        "CHRG-111hhrg53245",
        "CHRG-111hhrg56765",
        "CHRG-111hhrg74086",
        "CHRG-111hhrg74086",
        "CHRG-111hhrg74086",
        "CHRG-111hhrg78135",
        "CHRG-111hhrg78135",
        "CHRG-111hhrg78135",
        "CHRG-111hhrg76020",
        "CHRG-111hhrg76020",
        "CHRG-111hhrg76020",
        "CHRG-111hhrg76584",
        "CHRG-111hhrg76584",
        "CHRG-111hhrg77911",
        "CHRG-111hhrg57596",
        "CHRG-111hhrg74847",
        "CHRG-111hhrg74847",
        "CHRG-111hhrg48868",
        "CHRG-111hhrg52394",
        "CHRG-111hhrg48862",
        "CHRG-111hhrg55809",
        "CHRG-111hhrg74101",
        "CHRG-111hhrg54472",
        "CHRG-111hhrg67815",
        "CHRG-111hhrg56776",
        "CHRG-111hhrg64024",
        "CHRG-111hhrg64024",
        "CHRG-111hhrg51586",
        "CHRG-111hhrg61853",
        "CHRG-111hhrg56236",
        "CHRG-111hhrg56241",
        "CHRG-111hhrg76579",
        "CHRG-111hhrg78126",
        "CHRG-111hhrg78126",
        "CHRG-111hhrg78126",
        "CHRG-111hhrg62680",
        "CHRG-111hhrg76573",
        "CHRG-111hhrg76573",
        "CHRG-111hhrg77908",
        "CHRG-111hhrg48673",
        "CHRG-111hhrg72881",
        "CHRG-111hhrg72881",
        "CHRG-111hhrg54867",
        "CHRG-111hhrg48679",
        "CHRG-111hhrg52406",
        "CHRG-111hhrg55055",
        "CHRG-111hhrg76577",
        "CHRG-111hhrg78128",
        "CHRG-111hhrg62684",
        "CHRG-111hhrg52402",
        "CHRG-111hhrg54863",
        "CHRG-111hhrg72885",
        "CHRG-111hhrg72885",
        "CHRG-111hhrg48677",
        "CHRG-111hhrg54869",
        "CHRG-111hhrg67823",
        "CHRG-111hhrg67823",
        "CHRG-111hhrg74850",
        "CHRG-111hhrg52408",
        "CHRG-111hhrg48866",
        "CHRG-111hhrg76005",
        "CHRG-111hhrg56778",
        "CHRG-111hhrg67101",
        "CHRG-111hhrg67101",
        "CHRG-111hhrg67101",
        "CHRG-111hhrg67095",
        "CHRG-111hhrg67095",
        "CHRG-111hhrg56772",
        "CHRG-111hhrg51588",
        "CHRG-111hhrg56238",
        "CHRG-111hhrg54476",
        "CHRG-111hhrg74091",
        "CHRG-111hhrg74091",
        "CHRG-111hhrg76580",
        "CHRG-111hhrg78131",
        "CHRG-111hhrg78131",
        "CHRG-111hhrg78131",
        "CHRG-111hhrg62679",
        "CHRG-111shrg66164",
        "CHRG-111hhrg72878",
        "CHRG-111shrg56435",
        "CHRG-111hhrg54870",
        "CHRG-111hhrg74849",
        "CHRG-111hhrg77915",
        "CHRG-111hhrg55814",
        "CHRG-111hhrg76016",
        "CHRG-111hhrg63124",
        "CHRG-111hhrg63514",
        "CHRG-111hhrg57740",
        "CHRG-111hhrg57737",
        "CHRG-111hhrg48875",
        "CHRG-111hhrg55887",
        "CHRG-111hhrg73745",
        "CHRG-111hhrg73745",
        "CHRG-111hhrg73745",
        "CHRG-111hhrg53236",
        "CHRG-111hhrg53241",
        "CHRG-111hhrg51591",
        "CHRG-111hhrg74088",
        "CHRG-111hhrg47056",
        "CHRG-111hhrg74085",
        "CHRG-111hhrg74085",
        "CHRG-111hhrg74085",
        "CHRG-111hhrg61849",
        "CHRG-111hhrg56766",
        "CHRG-111hhrg53246",
        "CHRG-111hhrg73748",
        "CHRG-111hhrg73748",
        "CHRG-111hhrg77920",
        "CHRG-111hhrg51596",
        "CHRG-111hhrg55813",
        "CHRG-111hhrg63123",
        "CHRG-111hhrg58047",
        "CHRG-111hhrg57747",
        "CHRG-111hhrg48872",
        "CHRG-111hhrg77918",
        "CHRG-111hhrg77918",
        "CHRG-111hhrg77918",
        "CHRG-111shrg56432",
        "CHRG-111hhrg77912",
        "CHRG-111hhrg77912",
        "CHRG-111hhrg77912",
        "CHRG-111hhrg76569",
        "CHRG-111hhrg78136",
        "CHRG-111hhrg56242",
        "CHRG-111hhrg56235",
        "CHRG-111hhrg67098",
        "CHRG-111hhrg67098",
        "CHRG-111hhrg67098",
        "CHRG-111hhrg61850",
        "CHRG-111hhrg51585",
        "CHRG-111hhrg62995",
        "CHRG-111hhrg73751",
        "CHRG-111hhrg56775",
        "CHRG-111hhrg67816",
        "CHRG-111hhrg67816",
        "CHRG-111hhrg74096",
        "CHRG-111hhrg74102",
        "CHRG-111hhrg74102",
        "CHRG-111hhrg52397",
        "CHRG-111hhrg52405",
        "CHRG-111hhrg72888",
        "CHRG-111hhrg72888",
        "CHRG-111hhrg54864",
        "CHRG-111hhrg67824",
        "CHRG-111hhrg67824",
        "CHRG-111hhrg67824",
        "CHRG-111hhrg76570",
        "CHRG-111hhrg76570",
        "CHRG-111hhrg76570",
        "CHRG-111hhrg62683",
        "CHRG-111hhrg78125",
        "CHRG-111hhrg78125",
        "CHRG-111hhrg62689",
        "CHRG-111hhrg55058"
    ],
    "112": [
        "CHRG-112hhrg71036",
        "CHRG-112shrg72746",
        "CHRG-112hhrg68265",
        "CHRG-112hhrg64869",
        "CHRG-112hhrg64549",
        "CHRG-112hhrg67052",
        "CHRG-112hhrg72653",
        "CHRG-112hhrg65055",
        "CHRG-112hhrg66533",
        "CHRG-112hhrg66174",
        "CHRG-112jhrg73291",
        "CHRG-112hhrg66778",
        "CHRG-112hhrg72152",
        "CHRG-112hhrg73814",
        "CHRG-112hhrg70948",
        "CHRG-112hhrg65010",
        "CHRG-112hhrg72788",
        "CHRG-112hhrg70581",
        "CHRG-112hhrg75389",
        "CHRG-112hhrg72104",
        "CHRG-112hhrg72814",
        "CHRG-112hhrg67598",
        "CHRG-112shrg80396",
        "CHRG-112hhrg64870",
        "CHRG-112shrg82738",
        "CHRG-112shrg79904",
        "CHRG-112hhrg67602",
        "CHRG-112hhrg66899",
        "CHRG-112hhrg65492",
        "CHRG-112hhrg75163",
        "CHRG-112hhrg68448",
        "CHRG-112hhrg68532",
        "CHRG-112hhrg65498",
        "CHRG-112shrg81229",
        "CHRG-112hhrg74194",
        "CHRG-112hhrg74000",
        "CHRG-112shrg85227",
        "CHRG-112shrg66577",
        "CHRG-112jhrg80843",
        "CHRG-112hhrg73999",
        "CHRG-112hhrg73457",
        "CHRG-112hhrg70951",
        "CHRG-112jhrg70859",
        "CHRG-112hhrg72791",
        "CHRG-112hhrg71263",
        "CHRG-112hhrg65963",
        "CHRG-112hhrg74639",
        "CHRG-112hhrg68243",
        "CHRG-112hhrg64942",
        "CHRG-112hhrg67444",
        "CHRG-112hhrg66782",
        "CHRG-112hhrg65630",
        "CHRG-112hhrg75164",
        "CHRG-112hhrg65495",
        "CHRG-112jhrg71157",
        "CHRG-112hhrg72813",
        "CHRG-112hhrg68295",
        "CHRG-112hhrg65796",
        "CHRG-112hhrg73533",
        "CHRG-112hhrg66498",
        "CHRG-112hhrg65800",
        "CHRG-112shrg80837",
        "CHRG-112hhrg65629",
        "CHRG-112hhrg68116",
        "CHRG-112shrg71843",
        "CHRG-112hhrg66534",
        "CHRG-112hhrg76151",
        "CHRG-112hhrg72280",
        "CHRG-112hhrg66173",
        "CHRG-112hhrg65058",
        "CHRG-112hhrg73772",
        "CHRG-112hhrg71401",
        "CHRG-112hhrg64533",
        "CHRG-112hhrg66294",
        "CHRG-112hhrg72877",
        "CHRG-112shrg82118",
        "CHRG-112hhrg70890",
        "CHRG-112hhrg66530",
        "CHRG-112shrg81609",
        "CHRG-112hhrg65056",
        "CHRG-112hhrg76462",
        "CHRG-112hhrg67051",
        "CHRG-112hhrg72873",
        "CHRG-112hhrg72873",
        "CHRG-112shrg74790",
        "CHRG-112shrg72745",
        "CHRG-112hhrg70582",
        "CHRG-112hhrg66132",
        "CHRG-112hhrg73537",
        "CHRG-112hhrg70665",
        "CHRG-112hhrg65627",
        "CHRG-112hhrg66795",
        "CHRG-112hhrg70889",
        "CHRG-112shrg82271",
        "CHRG-112hhrg67601",
        "CHRG-112hhrg74235",
        "CHRG-112hhrg65798",
        "CHRG-112hhrg65695",
        "CHRG-112hhrg67304",
        "CHRG-112hhrg71620",
        "CHRG-112hhrg74637",
        "CHRG-112hhrg74640",
        "CHRG-112hhrg70771",
        "CHRG-112hhrg74003",
        "CHRG-112hhrg77562",
        "CHRG-112hhrg66781",
        "CHRG-112shrg85223",
        "CHRG-112shrg80697",
        "CHRG-112hhrg65304",
        "CHRG-112hhrg64941",
        "CHRG-112shrg80344",
        "CHRG-112jhrg74648",
        "CHRG-112shrg82334",
        "CHRG-112hhrg64228",
        "CHRG-112shrg81312",
        "CHRG-112jhrg71053",
        "CHRG-112hhrg65795",
        "CHRG-112hhrg68296",
        "CHRG-112shrg73133",
        "CHRG-112hhrg74238",
        "CHRG-112hhrg76476",
        "CHRG-112hhrg66903",
        "CHRG-112hhrg66429",
        "CHRG-112hhrg68446",
        "CHRG-112hhrg64657",
        "CHRG-112hhrg64795",
        "CHRG-112jhrg71130",
        "CHRG-112hhrg71038",
        "CHRG-112hhrg68366",
        "CHRG-112hhrg67718",
        "CHRG-112hhrg66967",
        "CHRG-112shrg80998",
        "CHRG-112hhrg72657",
        "CHRG-112hhrg73538",
        "CHRG-112hhrg71398",
        "CHRG-112hhrg67381",
        "CHRG-112shrg81390",
        "CHRG-112hhrg65628",
        "CHRG-112hhrg72463",
        "CHRG-112hhrg65154",
        "CHRG-112hhrg66295",
        "CHRG-112hhrg71400",
        "CHRG-112hhrg64532",
        "CHRG-112hhrg67301",
        "CHRG-112hhrg65962",
        "CHRG-112hhrg71262",
        "CHRG-112shrg79489",
        "CHRG-112shrg80928",
        "CHRG-112shrg81873",
        "CHRG-112hhrg74961",
        "CHRG-112hhrg72494",
        "CHRG-112hhrg74006",
        "CHRG-112hhrg74006",
        "CHRG-112hhrg67445",
        "CHRG-112hhrg67679",
        "CHRG-112hhrg66901",
        "CHRG-112hhrg68444",
        "CHRG-112hhrg65494",
        "CHRG-112hhrg74959",
        "CHRG-112hhrg72102",
        "CHRG-112hhrg67599",
        "CHRG-112hhrg64658",
        "CHRG-112hhrg68533",
        "CHRG-112hhrg65499",
        "CHRG-112hhrg68443",
        "CHRG-112hhrg66898",
        "CHRG-112hhrg75162",
        "CHRG-112hhrg74240",
        "CHRG-112hhrg74237",
        "CHRG-112hhrg67603",
        "CHRG-112hhrg72493",
        "CHRG-112hhrg74001",
        "CHRG-112hhrg65301",
        "CHRG-112hhrg71265",
        "CHRG-112hhrg67306",
        "CHRG-112hhrg73456",
        "CHRG-112hhrg73998",
        "CHRG-112hhrg70950",
        "CHRG-112hhrg66564",
        "CHRG-112hhrg74635",
        "CHRG-112hhrg67053",
        "CHRG-112shrg79378",
        "CHRG-112hhrg66292",
        "CHRG-112hhrg68264",
        "CHRG-112hhrg71037",
        "CHRG-112shrg82383",
        "CHRG-112hhrg66532",
        "CHRG-112hhrg70971",
        "CHRG-112hhrg72652",
        "CHRG-112hhrg65054",
        "CHRG-112hhrg70667",
        "CHRG-112hhrg66779",
        "CHRG-112hhrg70580",
        "CHRG-112hhrg72789",
        "CHRG-112hhrg65011",
        "CHRG-112hhrg73815",
        "CHRG-112hhrg70949",
        "CHRG-112shrg81439",
        "CHRG-112hhrg70663",
        "CHRG-112hhrg65361",
        "CHRG-112shrg74443",
        "CHRG-112shrg74443",
        "CHRG-112shrg74443",
        "CHRG-112shrg74443",
        "CHRG-112shrg74443",
        "CHRG-112shrg74443",
        "CHRG-112shrg74443",
        "CHRG-112shrg74443",
        "CHRG-112shrg74443",
        "CHRG-112shrg74443",
        "CHRG-112shrg74443",
        "CHRG-112shrg74443",
        "CHRG-112shrg74443",
        "CHRG-112shrg74443",
        "CHRG-112hhrg66134",
        "CHRG-112hhrg70947",
        "CHRG-112hhrg64230",
        "CHRG-112hhrg70584",
        "CHRG-112shrg72743",
        "CHRG-112hhrg68367",
        "CHRG-112hhrg72875",
        "CHRG-112hhrg71039",
        "CHRG-112hhrg70878",
        "CHRG-112shrg85222",
        "CHRG-112hhrg64120",
        "CHRG-112hhrg66780",
        "CHRG-112hhrg64229",
        "CHRG-112hhrg71261",
        "CHRG-112jhrg78769",
        "CHRG-112hhrg68297",
        "CHRG-112hhrg65794",
        "CHRG-112hhrg67240",
        "CHRG-112hhrg71259",
        "CHRG-112hhrg65497",
        "CHRG-112hhrg70885",
        "CHRG-112hhrg68447",
        "CHRG-112hhrg66902",
        "CHRG-112hhrg74239",
        "CHRG-112hhrg71619",
        "CHRG-112hhrg70888",
        "CHRG-112hhrg76470",
        "CHRG-112hhrg65799",
        "CHRG-112hhrg74636",
        "CHRG-112hhrg73455",
        "CHRG-112hhrg74392",
        "CHRG-112hhrg71621",
        "CHRG-112hhrg71266",
        "CHRG-112hhrg67305",
        "CHRG-112hhrg65302",
        "CHRG-112hhrg74002",
        "CHRG-112shrg85225",
        "CHRG-112hhrg66714",
        "CHRG-112hhrg64483",
        "CHRG-112shrg85983",
        "CHRG-112hhrg65057",
        "CHRG-112hhrg66531",
        "CHRG-112shrg72744",
        "CHRG-112hhrg66291",
        "CHRG-112hhrg67050",
        "CHRG-112hhrg73816",
        "CHRG-112hhrg73536",
        "CHRG-112shrg66618",
        "CHRG-112hhrg66133",
        "CHRG-112hhrg70583",
        "CHRG-112hhrg73278",
        "CHRG-112hhrg65626",
        "CHRG-112jhrg71179",
        "CHRG-112hhrg66794",
        "CHRG-112hhrg70664"
    ],
    "113": [
        "CHRG-113hhrg86397",
        "CHRG-113hhrg93408",
        "CHRG-113hhrg82179",
        "CHRG-113shrg86847",
        "CHRG-113hhrg82197",
        "CHRG-113hhrg89888",
        "CHRG-113hhrg91734",
        "CHRG-113hhrg89830",
        "CHRG-113hhrg80256",
        "CHRG-113hhrg80256",
        "CHRG-113shrg88063",
        "CHRG-113hhrg82945",
        "CHRG-113shrg93597",
        "CHRG-113shrg94658",
        "CHRG-113hhrg89802",
        "CHRG-113hhrg82184",
        "CHRG-113hhrg93990",
        "CHRG-113hhrg79435",
        "CHRG-113hhrg79435",
        "CHRG-113hhrg85447",
        "CHRG-113hhrg85440",
        "CHRG-113hhrg85437",
        "CHRG-113hhrg80160",
        "CHRG-113hhrg80160",
        "CHRG-113hhrg80807",
        "CHRG-113hhrg80807",
        "CHRG-113hhrg80319",
        "CHRG-113hhrg82189",
        "CHRG-113hhrg87910",
        "CHRG-113hhrg82183",
        "CHRG-113hhrg87107",
        "CHRG-113hhrg90884",
        "CHRG-113hhrg79850",
        "CHRG-113hhrg79850",
        "CHRG-113hhrg86389",
        "CHRG-113shrg93211",
        "CHRG-113shrg87885",
        "CHRG-113hhrg80377",
        "CHRG-113hhrg80377",
        "CHRG-113hhrg82190",
        "CHRG-113shrg96091",
        "CHRG-113shrg95123",
        "CHRG-113hhrg93274",
        "CHRG-113hhrg90781",
        "CHRG-113hhrg86390",
        "CHRG-113shrg87577",
        "CHRG-113hhrg87666",
        "CHRG-113shrg94044",
        "CHRG-113hhrg92550",
        "CHRG-113hhrg79769",
        "CHRG-113hhrg86394",
        "CHRG-113shrg87096",
        "CHRG-113shrg29497",
        "CHRG-113hhrg79891",
        "CHRG-113hhrg79891",
        "CHRG-113hhrg80810",
        "CHRG-113hhrg82194",
        "CHRG-113shrg82721",
        "CHRG-113shrg87414",
        "CHRG-113hhrg88545",
        "CHRG-113hhrg87602",
        "CHRG-113hhrg86387",
        "CHRG-113shrg94614",
        "CHRG-113shrg87610",
        "CHRG-113hhrg80803",
        "CHRG-113shrg87971",
        "CHRG-113hhrg85444",
        "CHRG-113hhrg88470",
        "CHRG-113hhrg85439",
        "CHRG-113hhrg80809",
        "CHRG-113hhrg82187",
        "CHRG-113hhrg91184",
        "CHRG-113hhrg82180",
        "CHRG-113shrg85451",
        "CHRG-113hhrg80804",
        "CHRG-113hhrg80804",
        "CHRG-113hhrg80019",
        "CHRG-113hhrg85443",
        "CHRG-113hhrg85449",
        "CHRG-113hhrg91848",
        "CHRG-113hhrg79793",
        "CHRG-113shrg87789",
        "CHRG-113shrg87413",
        "CHRG-113shrg87944",
        "CHRG-113shrg86376",
        "CHRG-113shrg94638",
        "CHRG-113hhrg95698",
        "CHRG-113hhrg82193",
        "CHRG-113shrg89659",
        "CHRG-113shrg93212",
        "CHRG-113hhrg85450",
        "CHRG-113hhrg86399",
        "CHRG-113shrg92646",
        "CHRG-113shrg89766",
        "CHRG-113hhrg86393",
        "CHRG-113hhrg90999",
        "CHRG-113shrg94479",
        "CHRG-113jhrg79942",
        "CHRG-113shrg93657",
        "CHRG-113shrg94819",
        "CHRG-113shrg90922",
        "CHRG-113hhrg82191",
        "CHRG-113hhrg91446",
        "CHRG-113hhrg80376",
        "CHRG-113hhrg80376",
        "CHRG-113hhrg88114",
        "CHRG-113hhrg88080",
        "CHRG-113jhrg79940",
        "CHRG-113hhrg93247",
        "CHRG-113hhrg86391",
        "CHRG-113hhrg80806",
        "CHRG-113hhrg85436",
        "CHRG-113hhrg85441",
        "CHRG-113hhrg90923",
        "CHRG-113hhrg82182",
        "CHRG-113hhrg82188",
        "CHRG-113hhrg93589",
        "CHRG-113hhrg89765",
        "CHRG-113hhrg91489",
        "CHRG-113hhrg94147",
        "CHRG-113hhrg86388",
        "CHRG-113hhrg86385",
        "CHRG-113shrg88062",
        "CHRG-113hhrg90742",
        "CHRG-113shrg92909",
        "CHRG-113hhrg82185",
        "CHRG-113hhrg87546",
        "CHRG-113hhrg85446",
        "CHRG-113hhrg88828",
        "CHRG-113shrg94550",
        "CHRG-113shrg93516",
        "CHRG-113hhrg79666",
        "CHRG-113hhrg87589",
        "CHRG-113hhrg87484",
        "CHRG-113hhrg86396",
        "CHRG-113shrg87496",
        "CHRG-113hhrg82196",
        "CHRG-113hhrg88325",
        "CHRG-113hhrg80292",
        "CHRG-113hhrg80292",
        "CHRG-113hhrg93745",
        "CHRG-113hhrg88051",
        "CHRG-113shrg89425",
        "CHRG-113hhrg92323",
        "CHRG-113hhrg82192",
        "CHRG-113hhrg88842",
        "CHRG-113hhrg90849",
        "CHRG-113shrg88432",
        "CHRG-113hhrg86392",
        "CHRG-113hhrg88659",
        "CHRG-113hhrg86398",
        "CHRG-113shrg80718",
        "CHRG-113hhrg91806",
        "CHRG-113hhrg82181",
        "CHRG-113hhrg85448",
        "CHRG-113hhrg91268",
        "CHRG-113hhrg85442",
        "CHRG-113shrg91534",
        "CHRG-113hhrg80805",
        "CHRG-113hhrg79928",
        "CHRG-113shrg93772",
        "CHRG-113shrg87945",
        "CHRG-113hhrg93933",
        "CHRG-113hhrg94347",
        "CHRG-113hhrg88079",
        "CHRG-113hhrg93843",
        "CHRG-113shrg89779",
        "CHRG-113shrg93031",
        "CHRG-113hhrg86386",
        "CHRG-113hhrg80808",
        "CHRG-113hhrg94205",
        "CHRG-113hhrg79530",
        "CHRG-113hhrg79530",
        "CHRG-113hhrg85438",
        "CHRG-113shrg87877",
        "CHRG-113hhrg85445",
        "CHRG-113hhrg80802",
        "CHRG-113hhrg87108",
        "CHRG-113hhrg82186",
        "CHRG-113hhrg88167",
        "CHRG-113shrg92444",
        "CHRG-113hhrg86395",
        "CHRG-113shrg89892",
        "CHRG-113hhrg79620",
        "CHRG-113hhrg82195",
        "CHRG-113shrg88820",
        "CHRG-113hhrg88611",
        "CHRG-113hhrg80378"
    ],
    "114": [
        "CHRG-114hhrg21212",
        "CHRG-114hhrg97228",
        "CHRG-114hhrg26176",
        "CHRG-114hhrg99924",
        "CHRG-114hhrg97831",
        "CHRG-114hhrg98751",
        "CHRG-114shrg20948",
        "CHRG-114shrg20948",
        "CHRG-114shrg23439",
        "CHRG-114hhrg98157",
        "CHRG-114hhrg97750",
        "CHRG-114hhrg96855",
        "CHRG-114hhrg95524",
        "CHRG-114hhrg20072",
        "CHRG-114hhrg23767",
        "CHRG-114hhrg97973",
        "CHRG-114hhrg20276",
        "CHRG-114hhrg99714",
        "CHRG-114hhrg94650",
        "CHRG-114hhrg94804",
        "CHRG-114hhrg98473",
        "CHRG-114hhrg95817",
        "CHRG-114jhrg22384",
        "CHRG-114jhrg22384",
        "CHRG-114hhrg98247",
        "CHRG-114shrg98668",
        "CHRG-114hhrg96284",
        "CHRG-114hhrg99483",
        "CHRG-114hhrg94803",
        "CHRG-114shrg97483",
        "CHRG-114hhrg99446",
        "CHRG-114hhrg97974",
        "CHRG-114hhrg98780",
        "CHRG-114hhrg22395",
        "CHRG-114hhrg20075",
        "CHRG-114hhrg20493",
        "CHRG-114hhrg20699",
        "CHRG-114hhrg96987",
        "CHRG-114hhrg97450",
        "CHRG-114hhrg93668",
        "CHRG-114hhrg23764",
        "CHRG-114hhrg97629",
        "CHRG-114hhrg20198",
        "CHRG-114hhrg99463",
        "CHRG-114hhrg99943",
        "CHRG-114hhrg20613",
        "CHRG-114hhrg99833",
        "CHRG-114hhrg98448",
        "CHRG-114hhrg21275",
        "CHRG-114hhrg99683",
        "CHRG-114hhrg22361",
        "CHRG-114hhrg98594",
        "CHRG-114hhrg95079",
        "CHRG-114jhrg99750",
        "CHRG-114jhrg99750",
        "CHRG-114hhrg96125",
        "CHRG-114hhrg24053",
        "CHRG-114hhrg95926",
        "CHRG-114hhrg97678",
        "CHRG-114shrg93802",
        "CHRG-114hhrg99834",
        "CHRG-114jhrg99749",
        "CHRG-114jhrg99749",
        "CHRG-114hhrg98660",
        "CHRG-114hhrg97184",
        "CHRG-114hhrg99445",
        "CHRG-114hhrg20700",
        "CHRG-114hhrg99447",
        "CHRG-114hhrg22963",
        "CHRG-114hhrg20074",
        "CHRG-114hhrg96853",
        "CHRG-114hhrg20543",
        "CHRG-114hhrg22277",
        "CHRG-114shrg96258",
        "CHRG-114hhrg20702",
        "CHRG-114hhrg23110",
        "CHRG-114shrg97475",
        "CHRG-114hhrg98135",
        "CHRG-114hhrg98596",
        "CHRG-114hhrg95579",
        "CHRG-114hhrg99715",
        "CHRG-114hhrg97854",
        "CHRG-114hhrg21434",
        "CHRG-114hhrg98644",
        "CHRG-114hhrg98246",
        "CHRG-114hhrg98698",
        "CHRG-114hhrg98750",
        "CHRG-114hhrg20073",
        "CHRG-114hhrg96854",
        "CHRG-114hhrg95525",
        "CHRG-114hhrg23028",
        "CHRG-114hhrg97425",
        "CHRG-114hhrg22980",
        "CHRG-114hhrg23766",
        "CHRG-114hhrg23485",
        "CHRG-114hhrg95451",
        "CHRG-114hhrg94494",
        "CHRG-114hhrg97976",
        "CHRG-114hhrg99543",
        "CHRG-114hhrg23768",
        "CHRG-114hhrg95580",
        "CHRG-114hhrg20701",
        "CHRG-114hhrg24443",
        "CHRG-114hhrg99571",
        "CHRG-114hhrg95078",
        "CHRG-114hhrg23405",
        "CHRG-114hhrg98595",
        "CHRG-114hhrg23502",
        "CHRG-114hhrg98571",
        "CHRG-114hhrg25914",
        "CHRG-114hhrg98248",
        "CHRG-114hhrg97594",
        "CHRG-114hhrg99835",
        "CHRG-114hhrg94652",
        "CHRG-114hhrg99716",
        "CHRG-114hhrg95295",
        "CHRG-114hhrg23402",
        "CHRG-114hhrg20698",
        "CHRG-114hhrg97350",
        "CHRG-114hhrg99705",
        "CHRG-114hhrg23765",
        "CHRG-114hhrg99544",
        "CHRG-114hhrg97628",
        "CHRG-114hhrg20199",
        "CHRG-114hhrg95526"
    ],
    "115": [
        "CHRG-115hhrg27255",
        "CHRG-115hhrg31274",
        "CHRG-115hhrg30941",
        "CHRG-115hhrg24671",
        "CHRG-115hhrg32668",
        "CHRG-115hhrg27069",
        "CHRG-115hhrg32931",
        "CHRG-115shrg31266",
        "CHRG-115hhrg28359",
        "CHRG-115hhrg27676",
        "CHRG-115shrg26291",
        "CHRG-115hhrg30397",
        "CHRG-115hhrg31121",
        "CHRG-115shrg33954",
        "CHRG-115hhrg25241",
        "CHRG-115hhrg30502",
        "CHRG-115hhrg24668",
        "CHRG-115hhrg28677",
        "CHRG-115hhrg31424",
        "CHRG-115hhrg25204",
        "CHRG-115hhrg31119",
        "CHRG-115hhrg27177",
        "CHRG-115hhrg32575",
        "CHRG-115hhrg25203",
        "CHRG-115hhrg31423",
        "CHRG-115hhrg31367",
        "CHRG-115hhrg24809",
        "CHRG-115hhrg26720",
        "CHRG-115hhrg27671",
        "CHRG-115hhrg26019",
        "CHRG-115hhrg26236",
        "CHRG-115hhrg32511",
        "CHRG-115hhrg31107",
        "CHRG-115hhrg27720",
        "CHRG-115hhrg28840",
        "CHRG-115hhrg31273",
        "CHRG-115hhrg30056",
        "CHRG-115hhrg24070",
        "CHRG-115hhrg26297",
        "CHRG-115hhrg32979",
        "CHRG-115hhrg27466",
        "CHRG-115shrg31483",
        "CHRG-115hhrg27252",
        "CHRG-115hhrg25418",
        "CHRG-115hhrg29797",
        "CHRG-115hhrg26772",
        "CHRG-115hhrg32932",
        "CHRG-115hhrg24672",
        "CHRG-115hhrg31370",
        "CHRG-115hhrg30942",
        "CHRG-115hhrg25498",
        "CHRG-115hhrg28915",
        "CHRG-115shrg25082",
        "CHRG-115hhrg27174",
        "CHRG-115hhrg30245",
        "CHRG-115hhrg23825",
        "CHRG-115hhrg31369",
        "CHRG-115hhrg33089",
        "CHRG-115shrg29444",
        "CHRG-115hhrg25097",
        "CHRG-115hhrg26251",
        "CHRG-115hhrg31117",
        "CHRG-115hhrg24759",
        "CHRG-115hhrg27672",
        "CHRG-115hhrg25705",
        "CHRG-115hhrg31270",
        "CHRG-115hhrg29636",
        "CHRG-115hhrg28783",
        "CHRG-115hhrg26248",
        "CHRG-115hhrg29918",
        "CHRG-115hhrg26235",
        "CHRG-115hhrg25468",
        "CHRG-115hhrg27321",
        "CHRG-115hhrg31106",
        "CHRG-115hhrg28252",
        "CHRG-115shrg33424",
        "CHRG-115hhrg26240",
        "CHRG-115hhrg32940",
        "CHRG-115hhrg30057",
        "CHRG-115hhrg28561",
        "CHRG-115hhrg31272",
        "CHRG-115hhrg27721",
        "CHRG-115hhrg27467",
        "CHRG-115hhrg24071",
        "CHRG-115hhrg24531",
        "CHRG-115hhrg27253",
        "CHRG-115hhrg27719",
        "CHRG-115hhrg26719",
        "CHRG-115hhrg31422",
        "CHRG-115hhrg32574",
        "CHRG-115shrg29446",
        "CHRG-115shrg28382",
        "CHRG-115hhrg24525",
        "CHRG-115hhrg25240",
        "CHRG-115shrg33955",
        "CHRG-115hhrg29582",
        "CHRG-115hhrg31120",
        "CHRG-115hhrg24669",
        "CHRG-115hhrg25098",
        "CHRG-115hhrg28508",
        "CHRG-115hhrg30953",
        "CHRG-115hhrg31118",
        "CHRG-115hhrg27176",
        "CHRG-115hhrg29529",
        "CHRG-115hhrg31425",
        "CHRG-115hhrg24837",
        "CHRG-115hhrg31522",
        "CHRG-115hhrg27254",
        "CHRG-115hhrg25467",
        "CHRG-115hhrg30996",
        "CHRG-115hhrg30266",
        "CHRG-115hhrg24670",
        "CHRG-115hhrg30940",
        "CHRG-115hhrg24330",
        "CHRG-115hhrg31275",
        "CHRG-115hhrg29917",
        "CHRG-115hhrg27068",
        "CHRG-115hhrg32689",
        "CHRG-115hhrg32667",
        "CHRG-115hhrg31271",
        "CHRG-115hhrg28562",
        "CHRG-115hhrg30939",
        "CHRG-115hhrg24674",
        "CHRG-115hhrg28711",
        "CHRG-115hhrg26234",
        "CHRG-115hhrg28251",
        "CHRG-115hhrg26249",
        "CHRG-115hhrg28782",
        "CHRG-115hhrg31105",
        "CHRG-115hhrg25469",
        "CHRG-115hhrg30318",
        "CHRG-115hhrg25096",
        "CHRG-115hhrg24667",
        "CHRG-115hhrg32690",
        "CHRG-115shrg29445",
        "CHRG-115shrg26242",
        "CHRG-115hhrg28921",
        "CHRG-115hhrg28506",
        "CHRG-115hhrg24760",
        "CHRG-115hhrg27178",
        "CHRG-115hhrg26250",
        "CHRG-115hhrg28678",
        "CHRG-115hhrg25857",
        "CHRG-115hhrg24628",
        "CHRG-115hhrg33123",
        "CHRG-115hhrg25470",
        "CHRG-115hhrg26728",
        "CHRG-115hhrg30376",
        "CHRG-115hhrg30376",
        "CHRG-115hhrg30376",
        "CHRG-115hhrg30376",
        "CHRG-115hhrg24421",
        "CHRG-115hhrg27040",
        "CHRG-115hhrg27037",
        "CHRG-115hhrg29518",
        "CHRG-115hhrg27674",
        "CHRG-115hhrg25400",
        "CHRG-115hhrg31521",
        "CHRG-115hhrg27175",
        "CHRG-115hhrg31368",
        "CHRG-115hhrg30265",
        "CHRG-115hhrg26233",
        "CHRG-115hhrg26773",
        "CHRG-115hhrg31276",
        "CHRG-115hhrg31371",
        "CHRG-115hhrg30943",
        "CHRG-115hhrg24673"
    ],
    "116": [
        "CHRG-116hhrg34645",
        "CHRG-116hhrg41185",
        "CHRG-116hhrg37329",
        "CHRG-116hhrg41318",
        "CHRG-116hhrg36597",
        "CHRG-116hhrg38781",
        "CHRG-116hhrg36240",
        "CHRG-116hhrg36237",
        "CHRG-116hhrg41981",
        "CHRG-116hhrg40843",
        "CHRG-116hhrg37474",
        "CHRG-116shrg37080",
        "CHRG-116hhrg41957",
        "CHRG-116hhrg40456",
        "CHRG-116hhrg35378",
        "CHRG-116hhrg41333",
        "CHRG-116hhrg37866",
        "CHRG-116hhrg35635",
        "CHRG-116hhrg40995",
        "CHRG-116hhrg36589",
        "CHRG-116hhrg39416",
        "CHRG-116hhrg40463",
        "CHRG-116hhrg37473",
        "CHRG-116hhrg40844",
        "CHRG-116hhrg42617",
        "CHRG-116hhrg38530",
        "CHRG-116hhrg36905",
        "CHRG-116hhrg37452",
        "CHRG-116hhrg36600",
        "CHRG-116hhrg39917",
        "CHRG-116shrg43476",
        "CHRG-116hhrg36590",
        "CHRG-116shrg38198",
        "CHRG-116hhrg36396",
        "CHRG-116hhrg35663",
        "CHRG-116hhrg41451",
        "CHRG-116hhrg41892",
        "CHRG-116hhrg40923",
        "CHRG-116hhrg36398",
        "CHRG-116hhrg34741",
        "CHRG-116shrg40561",
        "CHRG-116hhrg41186",
        "CHRG-116hhrg37871",
        "CHRG-116hhrg40966",
        "CHRG-116hhrg38782",
        "CHRG-116hhrg37318",
        "CHRG-116hhrg37030",
        "CHRG-116hhrg42613",
        "CHRG-116hhrg40467",
        "CHRG-116hhrg41988",
        "CHRG-116hhrg41911",
        "CHRG-116hhrg41982",
        "CHRG-116hhrg40991",
        "CHRG-116hhrg37868",
        "CHRG-116hhrg40455",
        "CHRG-116hhrg36587",
        "CHRG-116hhrg41953",
        "CHRG-116hhrg37741",
        "CHRG-116hhrg40458",
        "CHRG-116hhrg35636",
        "CHRG-116hhrg43954",
        "CHRG-116hhrg37865",
        "CHRG-116hhrg36906",
        "CHRG-116hhrg42614",
        "CHRG-116hhrg37407",
        "CHRG-116hhrg40460",
        "CHRG-116hhrg39838",
        "CHRG-116hhrg41940",
        "CHRG-116hhrg41937",
        "CHRG-116hhrg36239",
        "CHRG-116hhrg35268",
        "CHRG-116hhrg37451",
        "CHRG-116shrg40156",
        "CHRG-116hhrg41452",
        "CHRG-116hhrg41891",
        "CHRG-116hhrg35660",
        "CHRG-116hhrg36395",
        "CHRG-116hhrg40823",
        "CHRG-116hhrg37453",
        "CHRG-116hhrg36591",
        "CHRG-116hhrg37317",
        "CHRG-116hhrg35662",
        "CHRG-116hhrg36397",
        "CHRG-116hhrg42345",
        "CHRG-116hhrg41450",
        "CHRG-116hhrg41893",
        "CHRG-116hhrg41183",
        "CHRG-116hhrg37867",
        "CHRG-116hhrg36588",
        "CHRG-116hhrg42616",
        "CHRG-116hhrg37472",
        "CHRG-116hhrg40468",
        "CHRG-116hhrg40462",
        "CHRG-116hhrg39417",
        "CHRG-116hhrg38531",
        "CHRG-116hhrg41987",
        "CHRG-116shrg42704",
        "CHRG-116hhrg38431",
        "CHRG-116hhrg36909",
        "CHRG-116hhrg41980",
        "CHRG-116hhrg39837",
        "CHRG-116hhrg37475",
        "CHRG-116hhrg38302",
        "CHRG-116hhrg39584",
        "CHRG-116hhrg40465",
        "CHRG-116hhrg41956",
        "CHRG-116hhrg35094",
        "CHRG-116hhrg38607",
        "CHRG-116hhrg40457",
        "CHRG-116hhrg35379",
        "CHRG-116hhrg41894",
        "CHRG-116hhrg41184",
        "CHRG-116hhrg41269",
        "CHRG-116hhrg41319",
        "CHRG-116hhrg36596",
        "CHRG-116shrg39553",
        "CHRG-116hhrg35267",
        "CHRG-116hhrg36236",
        "CHRG-116hhrg36241",
        "CHRG-116hhrg37454",
        "CHRG-116hhrg36598",
        "CHRG-116hhrg35269",
        "CHRG-116hhrg38784",
        "CHRG-116hhrg35659",
        "CHRG-116shrg38406",
        "CHRG-116shrg36469",
        "CHRG-116hhrg35380",
        "CHRG-116shrg37820",
        "CHRG-116hhrg36394",
        "CHRG-116hhrg35661",
        "CHRG-116hhrg41958",
        "CHRG-116hhrg35270",
        "CHRG-116hhrg40459",
        "CHRG-116hhrg36907",
        "CHRG-116hhrg41984",
        "CHRG-116hhrg40461",
        "CHRG-116hhrg41304",
        "CHRG-116hhrg41290",
        "CHRG-116hhrg42615",
        "CHRG-116hhrg40466",
        "CHRG-116hhrg43867",
        "CHRG-116hhrg38641",
        "CHRG-116hhrg41983",
        "CHRG-116hhrg41910",
        "CHRG-116hhrg40765",
        "CHRG-116hhrg40454",
        "CHRG-116hhrg37869",
        "CHRG-116hhrg36586",
        "CHRG-116hhrg41955",
        "CHRG-116hhrg36399",
        "CHRG-116hhrg39400",
        "CHRG-116hhrg41310",
        "CHRG-116shrg38197",
        "CHRG-116hhrg41909",
        "CHRG-116hhrg35363",
        "CHRG-116hhrg38783",
        "CHRG-116hhrg37870",
        "CHRG-116hhrg41931"
    ],
    "117": [
        "CHRG-117shrg45362",
        "CHRG-117shrg45752",
        "CHRG-117shrg46519",
        "CHRG-117shrg45499",
        "CHRG-117shrg45847",
        "CHRG-117shrg45118",
        "CHRG-117shrg43843",
        "CHRG-117shrg45020",
        "CHRG-117hhrg46164",
        "CHRG-117shrg45446",
        "CHRG-117shrg45270",
        "CHRG-117hhrg46024",
        "CHRG-117shrg44775",
        "CHRG-117shrg44197",
        "CHRG-117shrg46184",
        "CHRG-117shrg46715",
        "CHRG-117shrg43814",
        "CHRG-117shrg46119",
        "CHRG-117shrg44757",
        "CHRG-117shrg45187",
        "CHRG-117shrg45946",
        "CHRG-117shrg44094",
        "CHRG-117shrg45657",
        "CHRG-117hhrg45396",
        "CHRG-117shrg44459",
        "CHRG-117hhrg45583",
        "CHRG-117shrg46454"
    ]
}