{
    "105": [
        "CHRG-105hhrg63650",
        "GPO-CHRG-105jhrg41800",
        "CHRG-105hhrg38882"
    ],
    "106": [
        "CHRG-106hhrg60043",
        "CHRG-106hhrg59318",
        "CHRG-106shrg67960",
        "CHRG-106hhrg65422",
        "CHRG-106shrg63249"
    ],
    "107": [
        "CHRG-107shrg87708",
        "CHRG-107shrg75903",
        "CHRG-107shrg82483"
    ],
    "108": [
        "CHRG-108shrg2910469",
        "CHRG-108shrg2910487",
        "CHRG-108shrg39104103",
        "CHRG-108shrg2910463",
        "CHRG-108shrg1910403",
        "CHRG-108shrg3910493",
        "CHRG-108shrg3910499",
        "CHRG-108shrg1910409",
        "CHRG-108shrg2910426",
        "CHRG-108shrg39104131",
        "CHRG-108shrg2910470",
        "CHRG-108shrg91193",
        "CHRG-108shrg1910410",
        "CHRG-108shrg39104122",
        "CHRG-108shrg2910442",
        "CHRG-108shrg2910435",
        "CHRG-108shrg2910448",
        "CHRG-108shrg39104125",
        "CHRG-108shrg2910432",
        "CHRG-108shrg2910445",
        "CHRG-108shrg1910417",
        "CHRG-108shrg2910477",
        "CHRG-108shrg39104117",
        "CHRG-108shrg2910456",
        "CHRG-108shrg3910494",
        "CHRG-108shrg2910480",
        "CHRG-108shrg39104104",
        "CHRG-108shrg2910464",
        "CHRG-108shrg2910460",
        "CHRG-108shrg39104100",
        "CHRG-108shrg2910425",
        "CHRG-108shrg2910452",
        "CHRG-108shrg2910458",
        "CHRG-108shrg2910479",
        "CHRG-108shrg39104119",
        "CHRG-108shrg39104113",
        "CHRG-108shrg2910473",
        "CHRG-108shrg1910421",
        "CHRG-108shrg2910436",
        "CHRG-108shrg39104121",
        "CHRG-108shrg1910413",
        "CHRG-108shrg1910419",
        "CHRG-108shrg1910414",
        "CHRG-108shrg2910446",
        "CHRG-108shrg2910431",
        "CHRG-108shrg39104126",
        "CHRG-108shrg92167",
        "CHRG-108hhrg97366",
        "CHRG-108shrg2910490",
        "CHRG-108shrg39104114",
        "CHRG-108shrg2910474",
        "CHRG-108shrg3910497",
        "CHRG-108shrg1910407",
        "CHRG-108shrg2910455",
        "CHRG-108shrg2910422",
        "CHRG-108shrg2910428",
        "CHRG-108shrg2910489",
        "CHRG-108shrg2910467",
        "CHRG-108shrg39104107",
        "CHRG-108shrg2910457",
        "CHRG-108shrg3910495",
        "CHRG-108shrg2910465",
        "CHRG-108shrg39104105",
        "CHRG-108shrg2910439",
        "CHRG-108shrg2910444",
        "CHRG-108shrg2910433",
        "CHRG-108shrg39104124",
        "CHRG-108shrg1910416",
        "CHRG-108shrg87323",
        "CHRG-108shrg39104116",
        "CHRG-108shrg2910476",
        "CHRG-108shrg1910423",
        "CHRG-108shrg39104111",
        "CHRG-108shrg2910471",
        "CHRG-108shrg1910411",
        "CHRG-108shrg39104129",
        "CHRG-108shrg2910449",
        "CHRG-108shrg2910434",
        "CHRG-108shrg2910443",
        "CHRG-108shrg39104123",
        "CHRG-108shrg2910462",
        "CHRG-108shrg2910468",
        "CHRG-108shrg2910486",
        "CHRG-108shrg1910408",
        "CHRG-108shrg3910498",
        "CHRG-108shrg3910492",
        "CHRG-108shrg39104130",
        "CHRG-108shrg2910427",
        "CHRG-108shrg2910450",
        "CHRG-108shrg1910406",
        "CHRG-108shrg3910496",
        "CHRG-108shrg2910429",
        "CHRG-108shrg87731",
        "CHRG-108shrg2910482",
        "CHRG-108shrg39104106",
        "CHRG-108shrg2910488",
        "CHRG-108shrg2910466",
        "CHRG-108shrg1910415",
        "CHRG-108shrg39104127",
        "CHRG-108shrg2910430",
        "CHRG-108shrg2910447",
        "CHRG-108shrg2910475",
        "CHRG-108shrg39104115",
        "CHRG-108shrg2910472",
        "CHRG-108shrg39104112",
        "CHRG-108shrg39104118",
        "CHRG-108shrg2910478",
        "CHRG-108shrg1910420",
        "CHRG-108shrg39104120",
        "CHRG-108shrg2910440",
        "CHRG-108shrg2910437",
        "CHRG-108shrg1910418",
        "CHRG-108shrg39104101",
        "CHRG-108shrg2910461",
        "CHRG-108shrg2910459",
        "CHRG-108shrg2910453",
        "CHRG-108shrg1910401",
        "CHRG-108shrg3910491"
    ],
    "109": [
        "CHRG-109hhrg24078",
        "CHRG-109shrg59104215",
        "CHRG-109shrg49104177",
        "CHRG-109shrg49104199",
        "CHRG-109shrg49104193",
        "CHRG-109hhrg26105",
        "CHRG-109hhrg26679",
        "CHRG-109shrg59104227",
        "CHRG-109hhrg22378",
        "CHRG-109shrg39104133",
        "CHRG-109hhrg28125",
        "CHRG-109shrg59104206",
        "CHRG-109hhrg26806",
        "CHRG-109shrg49104180",
        "CHRG-109hhrg22359",
        "CHRG-109shrg59104234",
        "CHRG-109hhrg25175",
        "CHRG-109hhrg22361",
        "CHRG-109shrg49104156",
        "CHRG-109hhrg22366",
        "CHRG-109shrg39104150",
        "CHRG-109shrg59104233",
        "CHRG-109hhrg23330",
        "CHRG-109shrg49104169",
        "CHRG-109shrg49104187",
        "CHRG-109shrg49104163",
        "CHRG-109shrg39104134",
        "CHRG-109shrg39104149",
        "CHRG-109hhrg28128",
        "CHRG-109hhrg26674",
        "CHRG-109shrg59104220",
        "CHRG-109shrg49104170",
        "CHRG-109shrg49104194",
        "CHRG-109hhrg28450",
        "CHRG-109hhrg23756",
        "CHRG-109shrg59104218",
        "CHRG-109shrg59104212",
        "CHRG-109shrg49104190",
        "CHRG-109shrg49104174",
        "CHRG-109shrg49104200",
        "CHRG-109shrg59104216",
        "CHRG-109hhrg30382",
        "CHRG-109hhrg27517",
        "CHRG-109hhrg28126",
        "CHRG-109shrg49104189",
        "CHRG-109shrg49104183",
        "CHRG-109shrg59104205",
        "CHRG-109shrg39104154",
        "CHRG-109hhrg22362",
        "CHRG-109hhrg25176",
        "CHRG-109hhrg24484",
        "CHRG-109shrg59104230",
        "CHRG-109shrg39104153",
        "CHRG-109hhrg20426",
        "CHRG-109hhrg22365",
        "CHRG-109shrg49104158",
        "CHRG-109shrg59104208",
        "CHRG-109hhrg26288",
        "CHRG-109shrg59104202",
        "CHRG-109shrg49104160",
        "CHRG-109shrg49104184",
        "CHRG-109hhrg22357",
        "CHRG-109shrg59104223",
        "CHRG-109hhrg26677",
        "CHRG-109shrg39104137",
        "CHRG-109shrg39104140",
        "CHRG-109hhrg30385",
        "CHRG-109shrg49104179",
        "CHRG-109hhrg22697",
        "CHRG-109hhrg22709",
        "CHRG-109shrg49104173",
        "CHRG-109shrg39104148",
        "CHRG-109shrg39104135",
        "CHRG-109hhrg26103",
        "CHRG-109shrg49104195",
        "CHRG-109hhrg22695",
        "CHRG-109shrg49104171",
        "CHRG-109hhrg23804",
        "CHRG-109shrg59104213",
        "CHRG-109shrg59104219",
        "CHRG-109shrg39104151",
        "CHRG-109shrg59104232",
        "CHRG-109shrg49104162",
        "CHRG-109shrg49104168",
        "CHRG-109shrg49104186",
        "CHRG-109hhrg29564",
        "CHRG-109hhrg29563",
        "CHRG-109hhrg26287",
        "CHRG-109shrg59104207",
        "CHRG-109hhrg22358",
        "CHRG-109shrg49104165",
        "CHRG-109shrg49104181",
        "CHRG-109hhrg26807",
        "CHRG-109shrg59104235",
        "CHRG-109shrg49104157",
        "CHRG-109hhrg22360",
        "CHRG-109shrg59104214",
        "CHRG-109hhrg27515",
        "CHRG-109hhrg26104",
        "CHRG-109shrg49104192",
        "CHRG-109shrg49104176",
        "CHRG-109shrg49104198",
        "CHRG-109hhrg23803",
        "CHRG-109shrg59104226",
        "CHRG-109hhrg26678",
        "CHRG-109shrg39104138",
        "CHRG-109hhrg23846",
        "CHRG-109shrg39104145",
        "CHRG-109shrg39104132",
        "CHRG-109hhrg26676",
        "CHRG-109shrg59104222",
        "CHRG-109shrg39104136",
        "CHRG-109shrg59104210",
        "CHRG-109shrg49104172",
        "CHRG-109hhrg22708",
        "CHRG-109shrg49104196",
        "CHRG-109hhrg22696",
        "CHRG-109shrg49104178",
        "CHRG-109shrg59104231",
        "CHRG-109shrg49104159",
        "CHRG-109hhrg22364",
        "CHRG-109shrg39104152",
        "CHRG-109shrg59104203",
        "CHRG-109hhrg26289",
        "CHRG-109hhrg31325",
        "CHRG-109shrg49104185",
        "CHRG-109shrg49104161",
        "CHRG-109shrg49104182",
        "CHRG-109shrg49104188",
        "CHRG-109shrg49104166",
        "CHRG-109shrg32211",
        "CHRG-109shrg59104204",
        "CHRG-109hhrg22363",
        "CHRG-109shrg49104175",
        "CHRG-109shrg49104191",
        "CHRG-109hhrg27516",
        "CHRG-109hhrg30383",
        "CHRG-109shrg59104217",
        "CHRG-109shrg49104201",
        "CHRG-109hhrg28127",
        "CHRG-109shrg39104146",
        "CHRG-109shrg30347",
        "CHRG-109shrg59104225"
    ],
    "110": [
        "CHRG-110shrg69104262",
        "CHRG-110shrg69104268",
        "CHRG-110shrg69104286",
        "CHRG-110shrg69104250",
        "CHRG-110shrg79104336",
        "CHRG-110shrg69104295",
        "CHRG-110shrg69104301",
        "CHRG-110shrg59104241",
        "CHRG-110shrg59104236",
        "CHRG-110shrg69104271",
        "CHRG-110shrg69104249",
        "CHRG-110shrg79104325",
        "CHRG-110shrg69104243",
        "GPO-CHRG-110jhrg46860",
        "CHRG-110shrg79104322",
        "CHRG-110shrg79104328",
        "CHRG-110shrg69104244",
        "CHRG-110shrg69104292",
        "CHRG-110shrg69104298",
        "CHRG-110shrg69104257",
        "CHRG-110shrg79104331",
        "CHRG-110shrg79104309",
        "CHRG-110shrg69104265",
        "CHRG-110shrg69104281",
        "CHRG-110shrg79104307",
        "CHRG-110shrg69104285",
        "CHRG-110shrg69104261",
        "CHRG-110shrg69104259",
        "CHRG-110shrg41958",
        "CHRG-110shrg79104335",
        "CHRG-110shrg69104253",
        "CHRG-110shrg48281",
        "CHRG-110shrg69104272",
        "CHRG-110shrg69104302",
        "CHRG-110shrg69104278",
        "CHRG-110shrg47518",
        "CHRG-110shrg79104314",
        "CHRG-110hhrg45731",
        "CHRG-110shrg42309",
        "CHRG-110shrg40547",
        "CHRG-110shrg79104326",
        "CHRG-110shrg69104247",
        "CHRG-110shrg79104321",
        "CHRG-110shrg79104319",
        "CHRG-110shrg69104275",
        "CHRG-110shrg69104305",
        "CHRG-110shrg79104313",
        "CHRG-110shrg79104332",
        "CHRG-110shrg69104254",
        "CHRG-110shrg69104282",
        "CHRG-110shrg69104288",
        "CHRG-110shrg69104266",
        "CHRG-110shrg43820",
        "CHRG-110shrg79104330",
        "CHRG-110shrg69104256",
        "CHRG-110shrg69104280",
        "CHRG-110shrg69104264",
        "CHRG-110shrg41912",
        "CHRG-110shrg79104308",
        "CHRG-110shrg37525",
        "CHRG-110shrg69104245",
        "CHRG-110shrg79104329",
        "CHRG-110shrg79104323",
        "CHRG-110shrg69104277",
        "CHRG-110shrg69104299",
        "CHRG-110shrg69104293",
        "CHRG-110shrg79104311",
        "CHRG-110shrg69104270",
        "CHRG-110shrg59104240",
        "CHRG-110shrg69104294",
        "CHRG-110shrg69104300",
        "CHRG-110shrg69104242",
        "CHRG-110shrg79104324",
        "CHRG-110shrg69104248",
        "CHRG-110shrg45065",
        "CHRG-110shrg69104269",
        "CHRG-110shrg69104287",
        "CHRG-110shrg69104263",
        "CHRG-110shrg45240",
        "CHRG-110shrg69104251",
        "CHRG-110shrg69104255",
        "CHRG-110shrg79104333",
        "CHRG-110shrg39356",
        "CHRG-110shrg69104289",
        "CHRG-110shrg69104267",
        "CHRG-110shrg79104320",
        "CHRG-110shrg69104246",
        "CHRG-110shrg37526",
        "CHRG-110shrg79104312",
        "CHRG-110shrg59104239",
        "CHRG-110shrg69104304",
        "CHRG-110shrg69104290",
        "CHRG-110shrg69104274",
        "CHRG-110shrg79104318",
        "CHRG-110shrg79104315",
        "CHRG-110shrg69104297",
        "CHRG-110shrg69104303",
        "CHRG-110shrg69104279",
        "CHRG-110shrg69104273",
        "CHRG-110shrg79104327",
        "CHRG-110shrg47451",
        "CHRG-110shrg69104260",
        "CHRG-110shrg69104284",
        "CHRG-110shrg79104306",
        "CHRG-110shrg69104252",
        "CHRG-110shrg79104334"
    ],
    "111": [
        "CHRG-111shrg89104369",
        "CHRG-111shrg99104391",
        "CHRG-111shrg89104363",
        "CHRG-111shrg89104351",
        "CHRG-111shrg99104403",
        "CHRG-111shrg99104409",
        "CHRG-111shrg89104370",
        "CHRG-111shrg99104388",
        "CHRG-111shrg99104428",
        "CHRG-111shrg99104422",
        "CHRG-111shrg89104348",
        "CHRG-111shrg99104410",
        "CHRG-111shrg89104345",
        "CHRG-111hhrg53774",
        "CHRG-111shrg89104377",
        "CHRG-111shrg99104385",
        "CHRG-111shrg99104404",
        "CHRG-111shrg79104342",
        "CHRG-111shrg89104356",
        "CHRG-111shrg89104380",
        "CHRG-111shrg99104396",
        "CHRG-111shrg89104364",
        "CHRG-111hhrg51840",
        "CHRG-111shrg89104360",
        "CHRG-111shrg99104398",
        "CHRG-111shrg99104392",
        "CHRG-111shrg89104384",
        "CHRG-111shrg99104400",
        "CHRG-111hhrg53808",
        "CHRG-111shrg89104352",
        "CHRG-111hhrg63079",
        "CHRG-111shrg89104358",
        "CHRG-111shrg99104421",
        "CHRG-111shrg58153",
        "CHRG-111shrg89104379",
        "CHRG-111shrg89104373",
        "CHRG-111shrg50922",
        "CHRG-111shrg99104419",
        "CHRG-111hhrg48126",
        "CHRG-111shrg89104346",
        "CHRG-111shrg99104414",
        "CHRG-111shrg99104386",
        "CHRG-111shrg89104374",
        "CHRG-111shrg99104426",
        "CHRG-111shrg58154",
        "CHRG-111shrg89104355",
        "CHRG-111shrg49638",
        "CHRG-111shrg99104407",
        "CHRG-111shrg89104367",
        "CHRG-111hhrg48883",
        "CHRG-111shrg99104395",
        "CHRG-111shrg89104383",
        "CHRG-111shrg56838",
        "CHRG-111shrg99104405",
        "CHRG-111shrg89104357",
        "CHRG-111shrg79104343",
        "CHRG-111shrg89104365",
        "CHRG-111shrg99104397",
        "CHRG-111shrg89104381",
        "CHRG-111shrg99104416",
        "CHRG-111shrg58156",
        "CHRG-111shrg89104376",
        "CHRG-111shrg99104389",
        "CHRG-111shrg89104371",
        "CHRG-111shrg99104429",
        "CHRG-111shrg89104349",
        "CHRG-111hhrg48413",
        "CHRG-111shrg89104362",
        "CHRG-111shrg99104390",
        "CHRG-111shrg99104430",
        "CHRG-111shrg79104339",
        "CHRG-111shrg89104350",
        "CHRG-111shrg79104344",
        "CHRG-111shrg65688",
        "CHRG-111shrg99104408",
        "CHRG-111shrg55953",
        "CHRG-111shrg70993",
        "CHRG-111shrg99104402",
        "CHRG-111shrg79104340",
        "CHRG-111shrg89104354",
        "CHRG-111shrg99104406",
        "CHRG-111shrg55507",
        "CHRG-111shrg89104382",
        "CHRG-111shrg99104394",
        "CHRG-111shrg89104366",
        "CHRG-111shrg86304",
        "CHRG-111shrg89104347",
        "CHRG-111shrg50924",
        "CHRG-111shrg89104375",
        "CHRG-111shrg99104387",
        "CHRG-111shrg58155",
        "CHRG-111shrg99104427",
        "CHRG-111shrg99104420",
        "CHRG-111shrg89104372",
        "CHRG-111shrg89104378",
        "CHRG-111shrg50923",
        "CHRG-111hhrg52325",
        "CHRG-111shrg62155",
        "CHRG-111shrg99104393",
        "CHRG-111shrg99104399",
        "CHRG-111shrg89104361",
        "CHRG-111shrg99104401",
        "CHRG-111shrg89104359",
        "CHRG-111shrg89104353"
    ],
    "112": [
        "CHRG-112shrg19104462",
        "CHRG-112hhrg75279",
        "CHRG-112shrg19104468",
        "CHRG-112shrg99104438",
        "CHRG-112hhrg71539",
        "CHRG-112shrg19104450",
        "CHRG-112hhrg65624",
        "CHRG-112hhrg67110",
        "CHRG-112hhrg74559",
        "CHRG-112shrg29104510",
        "CHRG-112hhrg72938",
        "CHRG-112hhrg64956",
        "CHRG-112hhrg65117",
        "CHRG-112hhrg73226",
        "CHRG-112hhrg65506",
        "CHRG-112hhrg73938",
        "CHRG-112hhrg72506",
        "CHRG-112shrg29104479",
        "CHRG-112shrg19104449",
        "CHRG-112shrg29104503",
        "CHRG-112shrg29104497",
        "CHRG-112shrg19104443",
        "CHRG-112hhrg75941",
        "CHRG-112hhrg77021",
        "CHRG-112shrg29104490",
        "CHRG-112shrg29104504",
        "CHRG-112hhrg71117",
        "CHRG-112shrg19104444",
        "CHRG-112hhrg65598",
        "CHRG-112hhrg74145",
        "CHRG-112hhrg66729",
        "CHRG-112shrg19104476",
        "CHRG-112shrg68184",
        "CHRG-112shrg19104457",
        "CHRG-112shrg29104489",
        "CHRG-112shrg29104517",
        "CHRG-112shrg99104435",
        "CHRG-112hhrg71235",
        "CHRG-112hhrg65462",
        "CHRG-112hhrg74665",
        "CHRG-112shrg19104465",
        "CHRG-112shrg39104544",
        "CHRG-112hhrg66730",
        "CHRG-112hhrg73148",
        "CHRG-112hhrg75009",
        "CHRG-112hhrg68266",
        "CHRG-112shrg19104461",
        "CHRG-112hhrg75492",
        "CHRG-112hhrg68510",
        "CHRG-112hhrg66952",
        "CHRG-112shrg99104431",
        "CHRG-112hhrg64955",
        "CHRG-112shrg29104513",
        "CHRG-112shrg19104459",
        "CHRG-112hhrg72151",
        "CHRG-112shrg67632",
        "CHRG-112shrg29104519",
        "CHRG-112shrg19104453",
        "CHRG-112hhrg68324",
        "CHRG-112hhrg73488",
        "CHRG-112shrg19104472",
        "CHRG-112hhrg66360",
        "CHRG-112shrg39104524",
        "CHRG-112hhrg67405",
        "CHRG-112hhrg70952",
        "CHRG-112hhrg68509",
        "CHRG-112hhrg71119",
        "CHRG-112shrg19104440",
        "CHRG-112shrg29104500",
        "CHRG-112shrg29104494",
        "CHRG-112shrg29104499",
        "CHRG-112shrg19104447",
        "CHRG-112shrg29104477",
        "CHRG-112shrg29104507",
        "CHRG-112hhrg68237",
        "CHRG-112hhrg75942",
        "CHRG-112hhrg67649",
        "CHRG-112hhrg65177",
        "CHRG-112hhrg70596",
        "CHRG-112hhrg70955",
        "CHRG-112shrg19104475",
        "CHRG-112hhrg66650",
        "CHRG-112shrg39104529",
        "CHRG-112hhrg73228",
        "CHRG-112hhrg67402",
        "CHRG-112hhrg76498",
        "CHRG-112hhrg65822",
        "CHRG-112shrg99104436",
        "CHRG-112shrg29104514",
        "CHRG-112hhrg70765",
        "CHRG-112hhrg68323",
        "CHRG-112hhrg67650",
        "CHRG-112hhrg65119",
        "CHRG-112hhrg66955",
        "CHRG-112hhrg73547",
        "CHRG-112hhrg66649",
        "CHRG-112shrg39104530",
        "CHRG-112shrg39104547",
        "CHRG-112shrg19104466",
        "CHRG-112hhrg70720",
        "CHRG-112hhrg71236",
        "CHRG-112hhrg65461",
        "CHRG-112shrg99104434",
        "CHRG-112hhrg71542",
        "CHRG-112shrg29104482",
        "CHRG-112shrg29104516",
        "CHRG-112hhrg74875",
        "CHRG-112shrg19104456",
        "CHRG-112shrg29104488",
        "CHRG-112shrg76537",
        "CHRG-112hhrg65212",
        "CHRG-112hhrg67320",
        "CHRG-112hhrg66731",
        "CHRG-112shrg39104545",
        "CHRG-112hhrg66206",
        "CHRG-112shrg19104464",
        "CHRG-112hhrg70507",
        "CHRG-112hhrg75940",
        "CHRG-112hhrg74531",
        "CHRG-112shrg19104445",
        "CHRG-112shrg29104491",
        "CHRG-112hhrg74441",
        "CHRG-112hhrg71116",
        "CHRG-112hhrg73487",
        "CHRG-112hhrg65599",
        "CHRG-112hhrg66728",
        "CHRG-112hhrg66652",
        "CHRG-112hhrg74144",
        "CHRG-112hhrg77558",
        "CHRG-112shrg19104470",
        "CHRG-112hhrg73227",
        "CHRG-112hhrg66362",
        "CHRG-112shrg19104442",
        "CHRG-112shrg29104508",
        "CHRG-112shrg19104448",
        "CHRG-112shrg29104478",
        "CHRG-112shrg29104502",
        "CHRG-112shrg29104496",
        "CHRG-112hhrg65178",
        "CHRG-112hhrg75278",
        "CHRG-112shrg29104523",
        "CHRG-112shrg19104469",
        "CHRG-112shrg39104548",
        "CHRG-112hhrg72939",
        "CHRG-112hhrg64957",
        "CHRG-112shrg99104433",
        "CHRG-112shrg29104511",
        "CHRG-112shrg29104485",
        "CHRG-112shrg19104451",
        "CHRG-112hhrg67111",
        "CHRG-112hhrg65625",
        "CHRG-112hhrg72944",
        "CHRG-112shrg99104439",
        "CHRG-112hhrg73981",
        "CHRG-112hhrg68322",
        "CHRG-112hhrg74876",
        "CHRG-112shrg19104455",
        "CHRG-112hhrg70764",
        "CHRG-112shrg29104481",
        "CHRG-112shrg29104515",
        "CHRG-112hhrg70719",
        "CHRG-112shrg99104437",
        "CHRG-112hhrg71541",
        "CHRG-112hhrg75704",
        "CHRG-112hhrg66954",
        "CHRG-112hhrg71642",
        "CHRG-112hhrg65118",
        "CHRG-112hhrg67651",
        "CHRG-112hhrg70721",
        "CHRG-112hhrg73693",
        "CHRG-112hhrg66205",
        "CHRG-112shrg39104546",
        "CHRG-112shrg39104531",
        "CHRG-112hhrg66648",
        "CHRG-112hhrg63876",
        "CHRG-112hhrg65460",
        "CHRG-112hhrg65120",
        "CHRG-112shrg29104492",
        "CHRG-112shrg29104506",
        "CHRG-112hhrg74442",
        "CHRG-112shrg29104498",
        "CHRG-112shrg19104446",
        "CHRG-112hhrg70597",
        "CHRG-112hhrg70954",
        "CHRG-112hhrg75943",
        "CHRG-112hhrg67648",
        "CHRG-112hhrg72101",
        "CHRG-112hhrg67403",
        "CHRG-112hhrg66651",
        "CHRG-112shrg19104474",
        "CHRG-112hhrg65600",
        "CHRG-112hhrg65823",
        "CHRG-112hhrg73489",
        "CHRG-112hhrg65597",
        "CHRG-112hhrg71120",
        "CHRG-112shrg39104525",
        "CHRG-112hhrg66361",
        "CHRG-112hhrg67404",
        "CHRG-112shrg19104473",
        "CHRG-112hhrg70953",
        "CHRG-112hhrg68508",
        "CHRG-112hhrg74271",
        "CHRG-112hhrg75710",
        "CHRG-112hhrg65745",
        "CHRG-112shrg29104501",
        "CHRG-112shrg29104495",
        "CHRG-112hhrg71118",
        "CHRG-112shrg19104441",
        "CHRG-112hhrg73149",
        "CHRG-112hhrg68267",
        "CHRG-112hhrg72805",
        "CHRG-112shrg29104520",
        "CHRG-112hhrg68511",
        "CHRG-112hhrg66953",
        "CHRG-112hhrg73982",
        "CHRG-112hhrg75493",
        "CHRG-112shrg29104518",
        "CHRG-112shrg19104452",
        "CHRG-112shrg29104512",
        "CHRG-112shrg19104458",
        "CHRG-112hhrg75703",
        "CHRG-112hhrg64954"
    ],
    "113": [
        "CHRG-113shrg49104609",
        "CHRG-113shrg59104615",
        "CHRG-113hhrg85668",
        "CHRG-113shrg49104603",
        "CHRG-113shrg49104577",
        "CHRG-113shrg49104599",
        "CHRG-113shrg49104593",
        "CHRG-113shrg39104533",
        "CHRG-113shrg39104539",
        "CHRG-113hhrg91743",
        "CHRG-113shrg49104610",
        "CHRG-113shrg90875",
        "CHRG-113hhrg86620",
        "CHRG-113shrg49104580",
        "CHRG-113shrg39104565",
        "CHRG-113shrg59104634",
        "CHRG-113hhrg91523",
        "CHRG-113shrg85902",
        "CHRG-113shrg69104697",
        "CHRG-113shrg85626",
        "CHRG-113hhrg79812",
        "CHRG-113shrg39104557",
        "CHRG-113hhrg88503",
        "CHRG-113shrg87878",
        "CHRG-113shrg39104550",
        "CHRG-113shrg39104527",
        "CHRG-113hhrg88504",
        "CHRG-113shrg59104633",
        "CHRG-113shrg59104639",
        "CHRG-113shrg39104568",
        "CHRG-113hhrg85958",
        "CHRG-113hhrg85145",
        "CHRG-113shrg39104562",
        "CHRG-113hhrg88391",
        "CHRG-113hhrg82948",
        "CHRG-113hhrg82128",
        "CHRG-113hhrg80980",
        "CHRG-113shrg39104543",
        "CHRG-113shrg39104534",
        "CHRG-113shrg39104549",
        "CHRG-113shrg91186",
        "CHRG-113shrg69104689",
        "CHRG-113hhrg88872",
        "CHRG-113shrg39104571",
        "CHRG-113hhrg88012",
        "CHRG-113shrg49104594",
        "CHRG-113shrg69104725",
        "CHRG-113hhrg82951",
        "CHRG-113shrg49104604",
        "CHRG-113shrg49104590",
        "CHRG-113shrg49104574",
        "CHRG-113shrg49104600",
        "CHRG-113shrg59104616",
        "CHRG-113shrg69104721",
        "CHRG-113hhrg87907",
        "CHRG-113hhrg82447",
        "CHRG-113shrg49104589",
        "CHRG-113shrg49104567",
        "CHRG-113shrg49104583",
        "CHRG-113hhrg78972",
        "CHRG-113shrg90876",
        "CHRG-113hhrg80979",
        "CHRG-113shrg39104554",
        "CHRG-113hhrg87647",
        "CHRG-113hhrg87533",
        "CHRG-113hhrg88697",
        "CHRG-113hhrg87534",
        "CHRG-113hhrg85370",
        "CHRG-113shrg59104647",
        "CHRG-113hhrg80524",
        "CHRG-113hhrg86568",
        "CHRG-113shrg39104553",
        "CHRG-113hhrg79966",
        "CHRG-113shrg39104559",
        "CHRG-113hhrg89834",
        "CHRG-113shrg39104561",
        "CHRG-113hhrg85146",
        "CHRG-113shrg59104623",
        "CHRG-113hhrg81516",
        "CHRG-113hhrg80077",
        "CHRG-113shrg39104537",
        "CHRG-113shrg39104540",
        "CHRG-113shrg49104607",
        "CHRG-113shrg69104726",
        "CHRG-113hhrg81897",
        "CHRG-113hhrg81284",
        "CHRG-113shrg49104597",
        "CHRG-113shrg49104579",
        "CHRG-113hhrg88011",
        "CHRG-113shrg49104573",
        "CHRG-113shrg39104535",
        "CHRG-113shrg39104542",
        "CHRG-113hhrg81617",
        "CHRG-113hhrg80981",
        "CHRG-113hhrg80815",
        "CHRG-113shrg69104688",
        "CHRG-113shrg49104595",
        "CHRG-113hhrg81318",
        "CHRG-113hhrg88873",
        "CHRG-113shrg39104570",
        "CHRG-113hhrg87354",
        "CHRG-113hhrg87584",
        "CHRG-113shrg49104605",
        "CHRG-113hhrg81806",
        "CHRG-113hhrg81895",
        "CHRG-113hhrg88505",
        "CHRG-113shrg59104638",
        "CHRG-113hhrg87536",
        "CHRG-113shrg85904",
        "CHRG-113hhrg85208",
        "CHRG-113shrg39104563",
        "CHRG-113hhrg85144",
        "CHRG-113shrg39104569",
        "CHRG-113hhrg82129",
        "CHRG-113hhrg86261",
        "CHRG-113hhrg82949",
        "CHRG-113hhrg89836",
        "CHRG-113hhrg89831",
        "CHRG-113shrg39104564",
        "CHRG-113shrg49104581",
        "CHRG-113hhrg81371",
        "CHRG-113shrg85718",
        "CHRG-113shrg69104696",
        "CHRG-113shrg85903",
        "CHRG-113shrg59104642",
        "CHRG-113shrg39104556",
        "CHRG-113hhrg88502",
        "CHRG-113shrg49104602",
        "CHRG-113shrg59104614",
        "CHRG-113shrg49104608",
        "CHRG-113shrg49104592",
        "CHRG-113shrg49104576",
        "CHRG-113shrg49104598",
        "CHRG-113hhrg87181",
        "CHRG-113hhrg82178",
        "CHRG-113shrg69104685",
        "CHRG-113hhrg80442",
        "CHRG-113shrg39104538",
        "CHRG-113shrg39104532",
        "CHRG-113shrg59104622",
        "CHRG-113hhrg80982",
        "CHRG-113hhrg80816",
        "CHRG-113shrg39104536",
        "CHRG-113hhrg80076",
        "CHRG-113hhrg81896",
        "CHRG-113shrg49104606",
        "CHRG-113shrg49104596",
        "CHRG-113hhrg81285",
        "CHRG-113shrg49104578",
        "CHRG-113hhrg85371",
        "CHRG-113hhrg87535",
        "CHRG-113shrg39104552",
        "CHRG-113hhrg79967",
        "CHRG-113hhrg89835",
        "CHRG-113hhrg86262",
        "CHRG-113hhrg87850",
        "CHRG-113shrg49104585",
        "CHRG-113shrg39104560",
        "CHRG-113shrg49104582",
        "CHRG-113shrg49104588",
        "CHRG-113shrg49104566",
        "CHRG-113hhrg85957",
        "CHRG-113hhrg82127",
        "CHRG-113hhrg89832",
        "CHRG-113hhrg82947",
        "CHRG-113shrg39104528",
        "CHRG-113shrg39104555",
        "CHRG-113shrg93919",
        "CHRG-113hhrg88342",
        "CHRG-113shrg69104695",
        "CHRG-113shrg49104575",
        "CHRG-113shrg49104591",
        "CHRG-113shrg69104720",
        "CHRG-113shrg49104601",
        "CHRG-113hhrg85806",
        "CHRG-113hhrg80441",
        "CHRG-113shrg69104686"
    ],
    "114": [
        "CHRG-114hhrg98458",
        "CHRG-114shrg69104730",
        "CHRG-114shrg69104747",
        "CHRG-114shrg79104763",
        "CHRG-114shrg69104678",
        "CHRG-114shrg59104648",
        "CHRG-114shrg69104702",
        "CHRG-114hhrg22862",
        "CHRG-114shrg69104672",
        "CHRG-114shrg69104708",
        "CHRG-114hhrg20220",
        "CHRG-114shrg69104729",
        "CHRG-114shrg59104663",
        "CHRG-114shrg69104723",
        "CHRG-114shrg25897",
        "CHRG-114shrg59104651",
        "CHRG-114hhrg99891",
        "CHRG-114hhrg97867",
        "CHRG-114shrg69104711",
        "CHRG-114hhrg95643",
        "CHRG-114shrg59104656",
        "CHRG-114shrg69104716",
        "CHRG-114shrg69104682",
        "CHRG-114shrg79104799",
        "CHRG-114shrg79104777",
        "CHRG-114shrg59104664",
        "CHRG-114shrg59104613",
        "CHRG-114shrg69104724",
        "CHRG-114hhrg98446",
        "CHRG-114hhrg20480",
        "CHRG-114shrg79104764",
        "CHRG-114hhrg96241",
        "CHRG-114shrg69104705",
        "CHRG-114shrg69104691",
        "CHRG-114shrg69104675",
        "CHRG-114shrg59104632",
        "CHRG-114shrg59104645",
        "CHRG-114hhrg20918",
        "CHRG-114hhrg97367",
        "CHRG-114shrg69104737",
        "CHRG-114hhrg20697",
        "CHRG-114hhrg98878",
        "CHRG-114shrg69104744",
        "CHRG-114shrg69104733",
        "CHRG-114hhrg94270",
        "CHRG-114shrg94901",
        "CHRG-114shrg79104784",
        "CHRG-114shrg59104636",
        "CHRG-114shrg69104671",
        "CHRG-114shrg59104641",
        "CHRG-114shrg69104701",
        "CHRG-114hhrg20546",
        "CHRG-114hhrg94775",
        "CHRG-114hhrg93279",
        "CHRG-114shrg59104660",
        "CHRG-114shrg59104617",
        "CHRG-114hhrg95136",
        "CHRG-114hhrg94319",
        "CHRG-114shrg69104712",
        "CHRG-114shrg59104658",
        "CHRG-114shrg98942",
        "CHRG-114shrg69104668",
        "CHRG-114hhrg99892",
        "CHRG-114shrg69104718",
        "CHRG-114shrg59104652",
        "CHRG-114hhrg95300",
        "CHRG-114shrg79104797",
        "CHRG-114shrg59104628",
        "CHRG-114shrg69104681",
        "CHRG-114hhrg95299",
        "CHRG-114shrg59104655",
        "CHRG-114hhrg94772",
        "CHRG-114shrg79104783",
        "CHRG-114shrg69104698",
        "CHRG-114shrg59104646",
        "CHRG-114shrg69104676",
        "CHRG-114shrg59104631",
        "CHRG-114hhrg20278",
        "CHRG-114shrg69104706",
        "CHRG-114shrg69104692",
        "CHRG-114shrg79104767",
        "CHRG-114hhrg98011",
        "CHRG-114shrg23397",
        "CHRG-114hhrg99957",
        "CHRG-114shrg69104734",
        "CHRG-114shrg69104743",
        "CHRG-114shrg59104644",
        "CHRG-114hhrg94404",
        "CHRG-114shrg69104674",
        "CHRG-114shrg69104704",
        "CHRG-114shrg69104690",
        "CHRG-114shrg79104765",
        "CHRG-114hhrg22190",
        "CHRG-114hhrg20919",
        "CHRG-114hhrg97311",
        "CHRG-114hhrg21616",
        "CHRG-114hhrg95714",
        "CHRG-114shrg69104736",
        "CHRG-114hhrg98879",
        "CHRG-114shrg79104798",
        "CHRG-114shrg79104776",
        "CHRG-114shrg69104717",
        "CHRG-114shrg69104683",
        "CHRG-114shrg59104657",
        "CHRG-114shrg59104620",
        "CHRG-114hhrg20117",
        "CHRG-114shrg59104612",
        "CHRG-114hhrg94721",
        "CHRG-114shrg69104722",
        "CHRG-114shrg69104728",
        "CHRG-114shrg59104662",
        "CHRG-114hhrg99890",
        "CHRG-114shrg69104684",
        "CHRG-114shrg69104710",
        "CHRG-114shrg59104650",
        "CHRG-114shrg79104795",
        "CHRG-114hhrg96866",
        "CHRG-114hhrg94738",
        "CHRG-114hhrg95713",
        "CHRG-114shrg69104746",
        "CHRG-114shrg69104731",
        "CHRG-114shrg79104786",
        "CHRG-114shrg59104643",
        "CHRG-114shrg69104709",
        "CHRG-114hhrg20277",
        "CHRG-114shrg59104649",
        "CHRG-114shrg69104679",
        "CHRG-114shrg69104703",
        "CHRG-114hhrg21615",
        "CHRG-114hhrg94773",
        "CHRG-114hhrg95556",
        "CHRG-114shrg79104766",
        "CHRG-114shrg69104707",
        "CHRG-114shrg69104693",
        "CHRG-114shrg69104699",
        "CHRG-114shrg69104677",
        "CHRG-114shrg59104630",
        "CHRG-114hhrg98457",
        "CHRG-114shrg94899",
        "CHRG-114hhrg99956",
        "CHRG-114shrg69104735",
        "CHRG-114hhrg98723",
        "CHRG-114hhrg99380",
        "CHRG-114shrg59104654",
        "CHRG-114shrg59104629",
        "CHRG-114shrg69104714",
        "CHRG-114shrg69104680",
        "CHRG-114hhrg98270",
        "CHRG-114shrg59104611",
        "CHRG-114hhrg21547",
        "CHRG-114shrg59104661",
        "CHRG-114shrg79104796",
        "CHRG-114shrg69104719",
        "CHRG-114shrg59104653",
        "CHRG-114shrg59104624",
        "CHRG-114hhrg99800",
        "CHRG-114hhrg95301",
        "CHRG-114shrg69104713",
        "CHRG-114shrg69104669",
        "CHRG-114shrg59104659",
        "CHRG-114hhrg94320",
        "CHRG-114hhrg97736",
        "CHRG-114shrg69104732",
        "CHRG-114shrg69104745",
        "CHRG-114shrg69104738",
        "CHRG-114hhrg98877",
        "CHRG-114shrg69104694",
        "CHRG-114shrg69104700",
        "CHRG-114shrg59104640",
        "CHRG-114shrg69104670",
        "CHRG-114shrg79104785",
        "CHRG-114hhrg94774"
    ],
    "115": [
        "CHRG-115hhrg27026",
        "CHRG-115shrg89104806",
        "CHRG-115shrg79104773",
        "CHRG-115hhrg25553",
        "CHRG-115shrg79104779",
        "CHRG-115shrg89104849",
        "CHRG-115shrg89104843",
        "CHRG-115shrg89104834",
        "CHRG-115hhrg24578",
        "CHRG-115shrg79104758",
        "CHRG-115hhrg31588",
        "CHRG-115shrg89104815",
        "CHRG-115hhrg24804",
        "CHRG-115hhrg25884",
        "CHRG-115shrg79104760",
        "CHRG-115hhrg28794",
        "CHRG-115hhrg27440",
        "CHRG-115shrg89104827",
        "CHRG-115hhrg28337",
        "CHRG-115shrg89104820",
        "CHRG-115shrg89104857",
        "CHRG-115hhrg29422",
        "CHRG-115hhrg26252",
        "CHRG-115shrg79104789",
        "CHRG-115hhrg26389",
        "CHRG-115shrg89104812",
        "CHRG-115shrg19104888",
        "CHRG-115hhrg27491",
        "CHRG-115shrg79104755",
        "CHRG-115shrg89104839",
        "CHRG-115shrg89104833",
        "CHRG-115shrg89104844",
        "CHRG-115shrg79104774",
        "CHRG-115hhrg26408",
        "CHRG-115hhrg25554",
        "CHRG-115shrg79104790",
        "CHRG-115hhrg26390",
        "CHRG-115shrg89104801",
        "CHRG-115shrg89104805",
        "CHRG-115hhrg27183",
        "CHRG-115shrg89104837",
        "CHRG-115shrg89104840",
        "CHRG-115hhrg30351",
        "CHRG-115hhrg28683",
        "CHRG-115shrg79104794",
        "CHRG-115hhrg24696",
        "CHRG-115shrg79104770",
        "CHRG-115hhrg27856",
        "CHRG-115shrg28907",
        "CHRG-115hhrg26387",
        "CHRG-115hhrg30740",
        "CHRG-115shrg99104877",
        "CHRG-115shrg89104816",
        "CHRG-115shrg79104751",
        "CHRG-115hhrg24754",
        "CHRG-115hhrg26167",
        "CHRG-115hhrg30238",
        "CHRG-115shrg89104824",
        "CHRG-115shrg79104769",
        "CHRG-115shrg79104787",
        "CHRG-115hhrg25969",
        "CHRG-115shrg79104780",
        "CHRG-115shrg89104829",
        "CHRG-115shrg89104823",
        "CHRG-115hhrg28981",
        "CHRG-115shrg69104740",
        "CHRG-115shrg79104756",
        "CHRG-115shrg89104811",
        "CHRG-115shrg79104793",
        "CHRG-115hhrg25970",
        "CHRG-115hhrg27723",
        "CHRG-115shrg89104847",
        "CHRG-115shrg89104830",
        "CHRG-115hhrg28684",
        "CHRG-115shrg89104802",
        "CHRG-115shrg89104808",
        "CHRG-115shrg89104845",
        "CHRG-115shrg89104832",
        "CHRG-115shrg89104838",
        "CHRG-115shrg79104791",
        "CHRG-115shrg79104775",
        "CHRG-115shrg19104890",
        "CHRG-115shrg89104800",
        "CHRG-115shrg99104861",
        "CHRG-115hhrg26391",
        "CHRG-115hhrg26253",
        "CHRG-115shrg89104821",
        "CHRG-115hhrg25372",
        "CHRG-115shrg79104788",
        "CHRG-115shrg89104819",
        "CHRG-115hhrg26388",
        "CHRG-115shrg89104813",
        "CHRG-115shrg79104754",
        "CHRG-115hhrg30431",
        "CHRG-115shrg79104753",
        "CHRG-115shrg79104759",
        "CHRG-115shrg19104910",
        "CHRG-115shrg89104814",
        "CHRG-115shrg79104761",
        "CHRG-115shrg32765",
        "CHRG-115hhrg27441",
        "CHRG-115shrg89104826",
        "CHRG-115hhrg27787",
        "CHRG-115shrg89104807",
        "CHRG-115hhrg27027",
        "CHRG-115shrg19104909",
        "CHRG-115shrg79104778",
        "CHRG-115hhrg25552",
        "CHRG-115shrg79104772",
        "CHRG-115shrg89104835",
        "CHRG-115shrg89104842",
        "CHRG-115shrg89104848",
        "CHRG-115hhrg29883",
        "CHRG-115hhrg27722",
        "CHRG-115shrg79104792",
        "CHRG-115shrg89104831",
        "CHRG-115shrg89104846",
        "CHRG-115hhrg31400",
        "CHRG-115shrg89104809",
        "CHRG-115shrg99104862",
        "CHRG-115hhrg27587",
        "CHRG-115shrg89104803",
        "CHRG-115shrg79104781",
        "CHRG-115hhrg28851",
        "CHRG-115hhrg28338",
        "CHRG-115shrg89104822",
        "CHRG-115shrg89104828",
        "CHRG-115hhrg30886",
        "CHRG-115hhrg24725",
        "CHRG-115shrg79104757",
        "CHRG-115hhrg28980",
        "CHRG-115shrg69104741",
        "CHRG-115shrg89104810",
        "CHRG-115hhrg31587",
        "CHRG-115shrg89104860",
        "CHRG-115shrg19104887",
        "CHRG-115hhrg29838",
        "CHRG-115hhrg26166",
        "CHRG-115shrg79104750",
        "CHRG-115shrg89104852",
        "CHRG-115shrg89104825",
        "CHRG-115hhrg30239",
        "CHRG-115shrg89104858",
        "CHRG-115shrg39567",
        "CHRG-115shrg79104762",
        "CHRG-115hhrg28219",
        "CHRG-115shrg89104804",
        "CHRG-115shrg79104749",
        "CHRG-115hhrg30350",
        "CHRG-115shrg89104841",
        "CHRG-115shrg89104836",
        "CHRG-115hhrg31631",
        "CHRG-115shrg79104771"
    ],
    "116": [
        "CHRG-116hhrg36076",
        "CHRG-116shrg29104935",
        "CHRG-116shrg19104891",
        "CHRG-116shrg19104905",
        "CHRG-116hhrg39615",
        "CHRG-116hhrg36525",
        "CHRG-116hhrg37039",
        "CHRG-116shrg19104924",
        "CHRG-116hhrg35198",
        "CHRG-116shrg99104879",
        "CHRG-116shrg99104873",
        "CHRG-116hhrg39990",
        "CHRG-116shrg29104926",
        "CHRG-116shrg19104916",
        "CHRG-116hhrg41334",
        "CHRG-116shrg99104874",
        "CHRG-116hhrg38145",
        "CHRG-116hhrg37645",
        "CHRG-116hhrg35816",
        "CHRG-116shrg19104923",
        "CHRG-116hhrg34954",
        "CHRG-116shrg19104902",
        "CHRG-116shrg19104896",
        "CHRG-116shrg29104932",
        "CHRG-116shrg99104867",
        "CHRG-116shrg19104908",
        "CHRG-116hhrg41129",
        "CHRG-116hhrg39743",
        "CHRG-116hhrg37680",
        "CHRG-116hhrg37587",
        "CHRG-116hhrg38117",
        "CHRG-116hhrg36445",
        "CHRG-116shrg19104898",
        "CHRG-116shrg99104869",
        "CHRG-116shrg19104892",
        "CHRG-116shrg19104906",
        "CHRG-116hhrg37901",
        "CHRG-116hhrg35971",
        "CHRG-116shrg37003",
        "CHRG-116hhrg36658",
        "CHRG-116shrg89104854",
        "CHRG-116hhrg38270",
        "CHRG-116hhrg37679",
        "CHRG-116shrg29104925",
        "CHRG-116hhrg37548",
        "CHRG-116shrg99104870",
        "CHRG-116shrg19104912",
        "CHRG-116shrg19104886",
        "CHRG-116hhrg38348",
        "CHRG-116shrg19104918",
        "CHRG-116hhrg36257",
        "CHRG-116shrg19104920",
        "CHRG-116shrg89104859",
        "CHRG-116hhrg38565",
        "CHRG-116hhrg38128",
        "CHRG-116shrg99104880",
        "CHRG-116shrg99104864",
        "CHRG-116shrg19104901",
        "CHRG-116shrg19104895",
        "CHRG-116hhrg38256",
        "CHRG-116hhrg38520",
        "CHRG-116shrg99104882",
        "CHRG-116shrg99104866",
        "CHRG-116hhrg34955",
        "CHRG-116shrg29104933",
        "CHRG-116shrg19104903",
        "CHRG-116shrg19104897",
        "CHRG-116hhrg38118",
        "CHRG-116hhrg40520",
        "CHRG-116shrg19104884",
        "CHRG-116shrg99104875",
        "CHRG-116hhrg35817",
        "CHRG-116hhrg38144",
        "CHRG-116hhrg37241",
        "CHRG-116shrg89104856",
        "CHRG-116hhrg42326",
        "CHRG-116hhrg37038",
        "CHRG-116hhrg35199",
        "CHRG-116hhrg38134",
        "CHRG-116hhrg36258",
        "CHRG-116shrg19104917",
        "CHRG-116shrg29104927",
        "CHRG-116shrg99104872",
        "CHRG-116shrg99104878",
        "CHRG-116hhrg35582",
        "CHRG-116hhrg40637",
        "CHRG-116shrg19104904",
        "CHRG-116shrg29104934",
        "CHRG-116hhrg38129",
        "CHRG-116hhrg40379",
        "CHRG-116shrg19104900",
        "CHRG-116shrg19104894",
        "CHRG-116shrg99104865",
        "CHRG-116shrg99104881",
        "CHRG-116hhrg41453",
        "CHRG-116shrg19104919",
        "CHRG-116hhrg41341",
        "CHRG-116shrg99104876",
        "CHRG-116shrg19104913",
        "CHRG-116hhrg36319",
        "CHRG-116shrg89104855",
        "CHRG-116hhrg40718",
        "CHRG-116hhrg35200",
        "CHRG-116hhrg35277",
        "CHRG-116shrg99104871",
        "CHRG-116hhrg40260",
        "CHRG-116hhrg38652",
        "CHRG-116hhrg36444",
        "CHRG-116hhrg35462",
        "CHRG-116shrg19104893",
        "CHRG-116shrg19104907",
        "CHRG-116shrg99104868",
        "CHRG-116shrg19104899",
        "CHRG-116hhrg37653"
    ],
    "117": [
        "CHRG-117hhrg45791",
        "CHRG-117hhrg43630",
        "CHRG-117hhrg44957",
        "CHRG-117hhrg44548",
        "CHRG-117hhrg44272",
        "CHRG-117hhrg44978",
        "CHRG-117shrg19104915"
    ]
}