{
    "099": [
        "CHRG-99shrg63488"
    ],
    "100": [
        "CHRG-100shrg83712"
    ],
    "102": [
        "CHRG-102hhrg67539"
    ],
    "103": [
        "CHRG-103hhrg71287",
        "CHRG-103hhrg69312",
        "CHRG-103hhrg88392",
        "CHRG-103hhrg80516",
        "CHRG-103hhrg84759",
        "CHRG-103hhrg73387",
        "CHRG-103hhrg68445",
        "CHRG-103hhrg91083",
        "CHRG-103hhrg65501",
        "CHRG-103hhrg67476",
        "CHRG-103hhrg87932",
        "CHRG-103hhrg85716",
        "CHRG-103hhrg76163",
        "CHRG-103hhrg66921",
        "CHRG-103hhrg84370",
        "CHRG-103hhrg77928",
        "CHRG-103hhrg85314",
        "CHRG-103hhrg77279",
        "CHRG-103hhrg77989",
        "CHRG-103hhrg69499",
        "CHRG-103hhrg84705",
        "CHRG-103hhrg79996",
        "CHRG-103hhrg75303",
        "CHRG-103hhrg73702",
        "CHRG-103hhrg69593",
        "CHRG-103hhrg83781",
        "CHRG-103hhrg73851",
        "CHRG-103hhrg72125",
        "CHRG-103hhrg83013",
        "CHRG-103hhrg88188",
        "CHRG-103hhrg74909",
        "CHRG-103hhrg76069",
        "CHRG-103hhrg84173",
        "CHRG-103hhrg66951",
        "CHRG-103hhrg87277",
        "CHRG-103hhrg80904",
        "CHRG-103hhrg70544",
        "CHRG-103hhrg73481",
        "CHRG-103hhrg74346",
        "CHRG-103hhrg86351",
        "CHRG-103hhrg76496",
        "CHRG-103hhrg91084",
        "CHRG-103hhrg83241",
        "CHRG-103hhrg87342",
        "CHRG-103hhrg73729",
        "CHRG-103hhrg87348",
        "CHRG-103hhrg76007",
        "CHRG-103hhrg83073",
        "CHRG-103hhrg85042",
        "CHRG-103hhrg88391",
        "CHRG-103hhrg67643",
        "CHRG-103hhrg75468",
        "CHRG-103hhrg84087",
        "CHRG-103hhrg82128",
        "CHRG-103hhrg84979",
        "CHRG-103hhrg67475",
        "CHRG-103hhrg80184",
        "CHRG-103hhrg87279",
        "CHRG-103hhrg87194",
        "CHRG-103hhrg68446",
        "CHRG-103hhrg77492",
        "CHRG-103hhrg84373",
        "CHRG-103hhrg77141",
        "CHRG-103hhrg68366",
        "CHRG-103hhrg84706",
        "CHRG-103hhrg70383",
        "CHRG-103hhrg85317",
        "CHRG-103hhrg82544",
        "CHRG-103hhrg83782",
        "CHRG-103hhrg83251",
        "CHRG-103hhrg74152",
        "CHRG-103hhrg80987",
        "CHRG-103hhrg72559",
        "CHRG-103hhrg78797",
        "CHRG-103hhrg72662",
        "CHRG-103hhrg74313",
        "CHRG-103hhrg69645",
        "CHRG-103hhrg83723",
        "CHRG-103hhrg78078",
        "CHRG-103hhrg79784",
        "CHRG-103hhrg70941",
        "CHRG-103hhrg73649",
        "CHRG-103hhrg82605",
        "CHRG-103hhrg84374",
        "CHRG-103hhrg72585",
        "CHRG-103hhrg89337",
        "CHRG-103hhrg76495",
        "CHRG-103hhrg86352",
        "CHRG-103hhrg85309",
        "CHRG-103hhrg79968",
        "CHRG-103hhrg75380",
        "CHRG-103hhrg72989",
        "CHRG-103hhrg71289",
        "CHRG-103hhrg87496",
        "CHRG-103hhrg67193",
        "CHRG-103hhrg75766",
        "CHRG-103hhrg83964",
        "CHRG-103hhrg69905",
        "CHRG-103hhrg71119",
        "CHRG-103hhrg68200",
        "CHRG-103hhrg80905",
        "CHRG-103hhrg87276",
        "CHRG-103hhrg84710",
        "CHRG-103hhrg66111",
        "CHRG-103hhrg69716",
        "CHRG-103hhrg67191",
        "CHRG-103hhrg73728",
        "CHRG-103hhrg67538",
        "CHRG-103hhrg72697",
        "CHRG-103hhrg80254",
        "CHRG-103hhrg76006",
        "CHRG-103hhrg75467",
        "CHRG-103hhrg87820",
        "CHRG-103hhrg75302",
        "CHRG-103hhrg84709",
        "CHRG-103hhrg84376",
        "CHRG-103hhrg72587",
        "CHRG-103hhrg88060",
        "CHRG-103hhrg88183",
        "CHRG-103hhrg72939",
        "CHRG-103hhrg82694",
        "CHRG-103hhrg84172",
        "CHRG-103hhrg76068",
        "CHRG-103hhrg84812",
        "CHRG-103hhrg81896",
        "CHRG-103hhrg76162",
        "CHRG-103hhrg84881",
        "CHRG-103hhrg86965",
        "CHRG-103hhrg84371",
        "CHRG-103hhrg80474",
        "CHRG-103hhrg68251",
        "CHRG-103hhrg81721",
        "CHRG-103hhrg85315",
        "CHRG-103hhrg83120",
        "CHRG-103hhrg80988",
        "CHRG-103hhrg68141",
        "CHRG-103hhrg84758",
        "CHRG-103hhrg71901",
        "CHRG-103hhrg91082",
        "CHRG-103hhrg76573",
        "CHRG-103hhrg75978",
        "CHRG-103hhrg86834",
        "CHRG-103hhrg82621",
        "CHRG-103hhrg84760",
        "CHRG-103hhrg69715",
        "CHRG-103hhrg75381",
        "CHRG-103hhrg87275",
        "CHRG-103hhrg83376",
        "CHRG-103hhrg71288",
        "CHRG-103hhrg87829",
        "CHRG-103hhrg71118",
        "CHRG-103hhrg69904",
        "CHRG-103hhrg75767",
        "CHRG-103hhrg74075",
        "CHRG-103hhrg75542",
        "CHRG-103hhrg67229",
        "CHRG-103hhrg76257",
        "CHRG-103hhrg72168",
        "CHRG-103hhrg72558",
        "CHRG-103hhrg75507",
        "CHRG-103hhrg72354",
        "CHRG-103hhrg72663",
        "CHRG-103hhrg89336",
        "CHRG-103hhrg72560",
        "CHRG-103hhrg73296",
        "CHRG-103hhrg76655",
        "CHRG-103hhrg84375",
        "CHRG-103hhrg77493",
        "CHRG-103hhrg86966",
        "CHRG-103hhrg84882",
        "CHRG-103hhrg83758",
        "CHRG-103hhrg72353",
        "CHRG-103hhrg84707",
        "CHRG-103hhrg85316",
        "CHRG-103hhrg87347",
        "CHRG-103hhrg85043",
        "CHRG-103hhrg71902",
        "CHRG-103hhrg84978",
        "CHRG-103hhrg84086",
        "CHRG-103hhrg88390",
        "CHRG-103hhrg67642",
        "CHRG-103hhrg68303",
        "CHRG-103hhrg82758",
        "CHRG-103hhrg68194",
        "CHRG-103hhrg87195"
    ],
    "104": [
        "CHRG-104hhrg24937",
        "CHRG-104hhrg25742",
        "CHRG-104hhrg35327",
        "CHRG-104hhrg95373",
        "CHRG-104hhrg22451",
        "CHRG-104hhrg39921",
        "CHRG-104hhrg26329",
        "CHRG-104hhrg90457",
        "CHRG-104hhrg20998",
        "CHRG-104hhrg39605",
        "CHRG-104hhrg26584",
        "CHRG-104hhrg23276",
        "CHRG-104hhrg43830",
        "CHRG-104hhrg41329",
        "CHRG-104hhrg89912",
        "CHRG-104hhrg93293",
        "CHRG-104hhrg25247",
        "CHRG-104hhrg37806",
        "CHRG-104hhrg90788",
        "CHRG-104hhrg20587",
        "CHRG-104hhrg23818",
        "CHRG-104hhrg26805",
        "CHRG-104hhrg26186",
        "CHRG-104hhrg36625",
        "CHRG-104hhrg91945",
        "CHRG-104hhrg89569",
        "CHRG-104hhrg20295",
        "CHRG-104hhrg40930",
        "CHRG-104hhrg44758",
        "CHRG-104hhrg91022",
        "CHRG-104hhrg22812",
        "CHRG-104hhrg95360",
        "CHRG-104hhrg24924",
        "CHRG-104hhrg22102",
        "CHRG-104hhrg23610",
        "CHRG-104hhrg35609",
        "CHRG-104hhrg26403",
        "CHRG-104hhrg91616",
        "CHRG-104hhrg26409",
        "CHRG-104hhrg95358",
        "CHRG-104hhrg37172",
        "CHRG-104hhrg92951",
        "CHRG-104shrg20152",
        "CHRG-104hhrg95352",
        "CHRG-104hhrg35306",
        "CHRG-104hhrg93189",
        "CHRG-104hhrg25937",
        "CHRG-104hhrg42118",
        "CHRG-104hhrg40721",
        "CHRG-104hhrg24645",
        "CHRG-104shrg91002",
        "CHRG-104hhrg38576",
        "CHRG-104hhrg92605",
        "CHRG-104hhrg35445",
        "CHRG-104hhrg25483",
        "CHRG-104hhrg20239",
        "CHRG-104hhrg41340",
        "CHRG-104hhrg91427",
        "CHRG-104hhrg35376",
        "CHRG-104hhrg90778",
        "CHRG-104hhrg26735",
        "CHRG-104hhrg25065",
        "CHRG-104hhrg22271",
        "CHRG-104hhrg93945",
        "CHRG-104hhrg88881",
        "CHRG-104hhrg24824",
        "CHRG-104hhrg20276",
        "CHRG-104hhrg24149",
        "CHRG-104hhrg22815",
        "CHRG-104hhrg95367",
        "CHRG-104hhrg44755",
        "CHRG-104hhrg24923",
        "CHRG-104hhrg40632",
        "CHRG-104hhrg23172",
        "CHRG-104hhrg24721",
        "CHRG-104hhrg25149",
        "CHRG-104hhrg40378",
        "CHRG-104hhrg23271",
        "CHRG-104hhrg24018",
        "CHRG-104hhrg45082",
        "CHRG-104hhrg39348",
        "CHRG-104hhrg90167",
        "CHRG-104hhrg36741",
        "CHRG-104hhrg91821",
        "CHRG-104hhrg22806",
        "CHRG-104hhrg25635",
        "CHRG-104hhrg91041",
        "CHRG-104hhrg89593",
        "CHRG-104hhrg90804",
        "CHRG-104hhrg20081",
        "CHRG-104hhrg23497",
        "CHRG-104hhrg89670",
        "CHRG-104hhrg43362",
        "CHRG-104hhrg37329",
        "CHRG-104hhrg26834",
        "CHRG-104hhrg35613",
        "CHRG-104hhrg42690",
        "CHRG-104hhrg25201",
        "CHRG-104hhrg24154",
        "CHRG-104hhrg40850",
        "CHRG-104hhrg25741",
        "CHRG-104hhrg95370",
        "CHRG-104hhrg24414",
        "CHRG-104hhrg27249",
        "CHRG-104hhrg35181",
        "CHRG-104hhrg24281",
        "CHRG-104hhrg24362",
        "CHRG-104jhrg24310",
        "CHRG-104hhrg35458",
        "CHRG-104hhrg26161",
        "CHRG-104hhrg24622",
        "CHRG-104hhrg25349",
        "CHRG-104hhrg26312",
        "CHRG-104hhrg45808",
        "CHRG-104hhrg45118",
        "CHRG-104hhrg20224",
        "CHRG-104hhrg22830",
        "CHRG-104hhrg23275",
        "CHRG-104hhrg93582",
        "CHRG-104hhrg38430",
        "CHRG-104hhrg22275",
        "CHRG-104hhrg37330",
        "CHRG-104hhrg21253",
        "CHRG-104hhrg36012",
        "CHRG-104hhrg44808",
        "CHRG-104hhrg95363",
        "CHRG-104hhrg22811",
        "CHRG-104hhrg95369",
        "CHRG-104hhrg39585",
        "CHRG-104hhrg20296",
        "CHRG-104hhrg23528",
        "CHRG-104hhrg93803",
        "CHRG-104shrg90780",
        "CHRG-104hhrg22479",
        "CHRG-104hhrg95351",
        "CHRG-104hhrg25327",
        "CHRG-104hhrg92952",
        "CHRG-104hhrg21186",
        "CHRG-104hhrg35748",
        "CHRG-104hhrg22829",
        "CHRG-104jhrg23313",
        "CHRG-104hhrg37536",
        "CHRG-104hhrg26736",
        "CHRG-104hhrg95356",
        "CHRG-104hhrg92825",
        "CHRG-104hhrg20707",
        "CHRG-104hhrg20340",
        "CHRG-104hhrg26448",
        "CHRG-104hhrg20049",
        "CHRG-104hhrg90502",
        "CHRG-104hhrg92792",
        "CHRG-104hhrg35799",
        "CHRG-104hhrg92983",
        "CHRG-104hhrg95364",
        "CHRG-104hhrg39485",
        "CHRG-104hhrg20275",
        "CHRG-104hhrg22816",
        "CHRG-104hhrg27188",
        "CHRG-104hhrg25728",
        "CHRG-104hhrg24137",
        "CHRG-104hhrg35670",
        "CHRG-104hhrg26820",
        "CHRG-104hhrg93946",
        "CHRG-104hhrg26147",
        "CHRG-104hhrg24673",
        "CHRG-104hhrg22272",
        "CHRG-104hhrg38530",
        "CHRG-104hhrg91768",
        "CHRG-104hhrg42480",
        "CHRG-104hhrg40784",
        "CHRG-104hhrg45081",
        "CHRG-104hhrg22020",
        "CHRG-104hhrg93374",
        "CHRG-104hhrg26281",
        "CHRG-104hhrg27407",
        "CHRG-104hhrg90786",
        "CHRG-104hhrg20223",
        "CHRG-104hhrg23272",
        "CHRG-104hhrg25774",
        "CHRG-104hhrg24658",
        "CHRG-104hhrg40631",
        "CHRG-104hhrg93983",
        "CHRG-104hhrg26971",
        "CHRG-104hhrg40736",
        "CHRG-104hhrg36574",
        "CHRG-104hhrg24153",
        "CHRG-104hhrg26689",
        "CHRG-104hhrg22805",
        "CHRG-104hhrg22018",
        "CHRG-104hhrg24413",
        "CHRG-104hhrg25912",
        "CHRG-104hhrg21794",
        "CHRG-104hhrg39336",
        "CHRG-104hhrg26833",
        "CHRG-104hhrg35457",
        "CHRG-104jhrg93810",
        "CHRG-104hhrg35089",
        "CHRG-104hhrg24383",
        "CHRG-104hhrg26997",
        "CHRG-104hhrg93868",
        "CHRG-104hhrg22356",
        "CHRG-104hhrg22412",
        "CHRG-104hhrg93376",
        "CHRG-104hhrg91986",
        "CHRG-104hhrg23270",
        "CHRG-104hhrg22418",
        "CHRG-104hhrg27290",
        "CHRG-104hhrg20189",
        "CHRG-104hhrg35568",
        "CHRG-104hhrg39349",
        "CHRG-104hhrg20994",
        "CHRG-104hhrg35938",
        "CHRG-104hhrg35152",
        "CHRG-104hhrg39773",
        "CHRG-104hhrg26566",
        "CHRG-104hhrg22807",
        "CHRG-104hhrg20369",
        "CHRG-104hhrg90622",
        "CHRG-104hhrg92551",
        "CHRG-104hhrg20592",
        "CHRG-104hhrg37394",
        "CHRG-104hhrg35090",
        "CHRG-104hhrg25482",
        "CHRG-104hhrg44568",
        "CHRG-104shrg90785",
        "CHRG-104hhrg95354",
        "CHRG-104hhrg20245",
        "CHRG-104hhrg41231",
        "CHRG-104hhrg35747",
        "CHRG-104hhrg25328",
        "CHRG-104hhrg20238",
        "CHRG-104shrg93345",
        "CHRG-104hhrg93944",
        "CHRG-104hhrg88880",
        "CHRG-104hhrg20880",
        "CHRG-104hhrg22377",
        "CHRG-104hhrg36893",
        "CHRG-104hhrg22270",
        "CHRG-104hhrg93419",
        "CHRG-104hhrg22814",
        "CHRG-104hhrg24148",
        "CHRG-104hhrg95366",
        "CHRG-104hhrg35332",
        "CHRG-104hhrg45136",
        "CHRG-104hhrg24135",
        "CHRG-104hhrg20370",
        "CHRG-104hhrg91053",
        "CHRG-104hhrg45592",
        "CHRG-104hhrg22813",
        "CHRG-104hhrg95361",
        "CHRG-104hhrg26142",
        "CHRG-104hhrg26148",
        "CHRG-104hhrg36420",
        "CHRG-104hhrg26475",
        "CHRG-104hhrg25618",
        "CHRG-104hhrg95353",
        "CHRG-104hhrg26279",
        "CHRG-104hhrg21089",
        "CHRG-104hhrg94101",
        "CHRG-104hhrg95359",
        "CHRG-104hhrg35299",
        "CHRG-104hhrg23219",
        "CHRG-104hhrg92037",
        "CHRG-104hhrg20595",
        "CHRG-104hhrg40720",
        "CHRG-104hhrg93556",
        "CHRG-104hhrg39728",
        "CHRG-104hhrg27668",
        "CHRG-104hhrg42874",
        "CHRG-104hhrg93188",
        "CHRG-104hhrg25274",
        "CHRG-104hhrg26668",
        "CHRG-104hhrg90652",
        "CHRG-104hhrg95372",
        "CHRG-104hhrg24936",
        "CHRG-104hhrg91827",
        "CHRG-104jhrg92260",
        "CHRG-104hhrg23471",
        "CHRG-104hhrg91344",
        "CHRG-104hhrg40701",
        "CHRG-104hhrg89248",
        "CHRG-104hhrg35213",
        "CHRG-104shrg23016",
        "CHRG-104hhrg20766",
        "CHRG-104hhrg21090",
        "CHRG-104hhrg24809",
        "CHRG-104hhrg23277",
        "CHRG-104hhrg20226",
        "CHRG-104hhrg23864",
        "CHRG-104hhrg91746",
        "CHRG-104hhrg90787",
        "CHRG-104hhrg20222",
        "CHRG-104hhrg23273",
        "CHRG-104hhrg26280",
        "CHRG-104hhrg20681",
        "CHRG-104hhrg92584",
        "CHRG-104hhrg93375",
        "CHRG-104hhrg20228",
        "CHRG-104hhrg25708",
        "CHRG-104hhrg22355",
        "CHRG-104hhrg36575",
        "CHRG-104hhrg27245",
        "CHRG-104hhrg40737",
        "CHRG-104hhrg20051",
        "CHRG-104hhrg93982",
        "CHRG-104hhrg20588",
        "CHRG-104hhrg22019",
        "CHRG-104hhrg24568",
        "CHRG-104hhrg91133",
        "CHRG-104hhrg90621",
        "CHRG-104hhrg21952",
        "CHRG-104hhrg93700",
        "CHRG-104hhrg20283",
        "CHRG-104hhrg26486",
        "CHRG-104hhrg35561",
        "CHRG-104hhrg91699",
        "CHRG-104hhrg26518",
        "CHRG-104hhrg92403",
        "CHRG-104hhrg20246",
        "CHRG-104hhrg88698",
        "CHRG-104hhrg21523",
        "CHRG-104hhrg37437",
        "CHRG-104hhrg95357",
        "CHRG-104hhrg20958",
        "CHRG-104hhrg93805",
        "CHRG-104hhrg91282",
        "CHRG-104hhrg26079",
        "CHRG-104hhrg20591",
        "CHRG-104hhrg35671",
        "CHRG-104hhrg23712",
        "CHRG-104hhrg27189",
        "CHRG-104hhrg24136",
        "CHRG-104hhrg95365",
        "CHRG-104hhrg21846",
        "CHRG-104hhrg44757",
        "CHRG-104hhrg20274",
        "CHRG-104hhrg90866",
        "CHRG-104hhrg37771",
        "CHRG-104hhrg22273",
        "CHRG-104hhrg89786",
        "CHRG-104hhrg36069",
        "CHRG-104hhrg93947",
        "CHRG-104hhrg22274",
        "CHRG-104hhrg93353",
        "CHRG-104hhrg95368",
        "CHRG-104hhrg95362",
        "CHRG-104hhrg22810",
        "CHRG-104hhrg20273",
        "CHRG-104hhrg35706",
        "CHRG-104hhrg24926",
        "CHRG-104hhrg20596",
        "CHRG-104hhrg36561",
        "CHRG-104hhrg22828",
        "CHRG-104hhrg88701",
        "CHRG-104hhrg90347",
        "CHRG-104hhrg94072",
        "CHRG-104hhrg20241",
        "CHRG-104hhrg39552",
        "CHRG-104hhrg23472",
        "CHRG-104hhrg93049",
        "CHRG-104hhrg24415",
        "CHRG-104hhrg24935",
        "CHRG-104hhrg37488",
        "CHRG-104hhrg25740",
        "CHRG-104hhrg91134",
        "CHRG-104hhrg95371",
        "CHRG-104hhrg21578",
        "CHRG-104hhrg25630",
        "CHRG-104hhrg20284",
        "CHRG-104hhrg36739",
        "CHRG-104hhrg92763",
        "CHRG-104hhrg26160",
        "CHRG-104hhrg26807",
        "CHRG-104hhrg93198",
        "CHRG-104hhrg20225",
        "CHRG-104jhrg20220",
        "CHRG-104hhrg22846",
        "CHRG-104hhrg23274",
        "CHRG-104hhrg25608",
        "CHRG-104hhrg24427",
        "CHRG-104hhrg25348",
        "CHRG-104hhrg91885",
        "CHRG-104hhrg38259",
        "CHRG-104hhrg93638",
        "CHRG-104hhrg39966",
        "CHRG-104hhrg25675"
    ],
    "105": [
        "CHRG-105hhrg39783",
        "CHRG-105hhrg95891",
        "CHRG-105hhrg54502",
        "CHRG-105hhrg51848",
        "CHRG-105hhrg48432",
        "CHRG-105hhrg48548",
        "CHRG-105hhrg47672",
        "CHRG-105hhrg50173",
        "CHRG-105hhrg98662",
        "CHRG-105hhrg48981",
        "CHRG-105hhrg50863",
        "CHRG-105hhrg48709",
        "CHRG-105hhrg50605",
        "CHRG-105hhrg47433",
        "CHRG-105hhrg47980",
        "CHRG-105hhrg48249",
        "CHRG-105hhrg48679",
        "CHRG-105hhrg40879",
        "CHRG-105hhrg47640",
        "CHRG-105hhrg53427",
        "CHRG-105hhrg39774",
        "CHRG-105hhrg46270",
        "CHRG-105hhrg38088",
        "CHRG-105hhrg45716",
        "CHRG-105hhrg52520",
        "CHRG-105hhrg44963",
        "CHRG-105hhrg49827",
        "CHRG-105hhrg47766",
        "CHRG-105hhrg97446",
        "CHRG-105hhrg48185",
        "CHRG-105hhrg50420",
        "CHRG-105hhrg50894",
        "CHRG-105hhrg51003",
        "CHRG-105hhrg47527",
        "CHRG-105hhrg38023",
        "CHRG-105hhrg47894",
        "CHRG-105hhrg48227",
        "CHRG-105hhrg97694",
        "CHRG-105hhrg96558",
        "CHRG-105hhrg47313",
        "CHRG-105hhrg98649",
        "CHRG-105hhrg50022",
        "CHRG-105hhrg97573",
        "CHRG-105hhrg50565",
        "CHRG-105hhrg98644",
        "CHRG-105hhrg47314",
        "CHRG-105hhrg48934",
        "CHRG-105hhrg44672",
        "CHRG-105hhrg97574",
        "CHRG-105hhrg38463",
        "CHRG-105hhrg48327",
        "CHRG-105hhrg47893",
        "CHRG-105hhrg51813",
        "CHRG-105hhrg46342",
        "CHRG-105hhrg97693",
        "CHRG-105hhrg40644",
        "CHRG-105hhrg37753",
        "CHRG-105hhrg48610",
        "CHRG-105hhrg48995",
        "CHRG-105hhrg48876",
        "CHRG-105hhrg40478",
        "CHRG-105hhrg48166",
        "CHRG-105hhrg53031",
        "CHRG-105hhrg50060",
        "CHRG-105hhrg49239",
        "CHRG-105hhrg95635",
        "CHRG-105hhrg49407",
        "CHRG-105hhrg48752",
        "CHRG-105hhrg46630",
        "CHRG-105hhrg95885",
        "CHRG-105hhrg54585",
        "CHRG-105hhrg49212",
        "CHRG-105hhrg39556",
        "CHRG-105hhrg47740",
        "CHRG-105hhrg49622",
        "CHRG-105hhrg56304",
        "CHRG-105hhrg39752",
        "CHRG-105hhrg50963",
        "CHRG-105hhrg51716",
        "CHRG-105hhrg40566",
        "CHRG-105hhrg41644",
        "CHRG-105hhrg77484",
        "CHRG-105hhrg44894",
        "CHRG-105hhrg49513",
        "CHRG-105hhrg48631",
        "CHRG-105hhrg49154",
        "CHRG-105hhrg95908",
        "CHRG-105hhrg50817",
        "CHRG-105hhrg98661",
        "CHRG-105hhrg49687",
        "CHRG-105hhrg48431",
        "CHRG-105hhrg50744",
        "CHRG-105hhrg49150",
        "CHRG-105hhrg50634",
        "CHRG-105hhrg48308",
        "CHRG-105hhrg48205",
        "CHRG-105hhrg48272",
        "CHRG-105hhrg48143",
        "CHRG-105hhrg60464",
        "CHRG-105hhrg41672",
        "CHRG-105hhrg98653",
        "CHRG-105hhrg37099",
        "CHRG-105hhrg48490",
        "CHRG-105hhrg48777",
        "CHRG-105hhrg42189",
        "CHRG-105hhrg48237",
        "CHRG-105hhrg44582",
        "CHRG-105hhrg51114",
        "CHRG-105hhrg96445",
        "CHRG-105hhrg46537",
        "CHRG-105hhrg45485",
        "CHRG-105hhrg48168",
        "CHRG-105hhrg58920",
        "CHRG-105hhrg97445",
        "CHRG-105hhrg77604",
        "CHRG-105hhrg41214",
        "CHRG-105hhrg50804",
        "CHRG-105hhrg58140",
        "CHRG-105hhrg39607",
        "CHRG-105hhrg40791",
        "CHRG-105hhrg43213",
        "CHRG-105hhrg45715",
        "CHRG-105hhrg38012",
        "CHRG-105hhrg77499",
        "CHRG-105hhrg50021",
        "CHRG-105hhrg40444",
        "CHRG-105hhrg51374",
        "CHRG-105hhrg40179",
        "CHRG-105hhrg40074",
        "CHRG-105hhrg41782",
        "CHRG-105hhrg53199",
        "CHRG-105hhrg42394",
        "CHRG-105hhrg46798",
        "CHRG-105hhrg97697",
        "CHRG-105hhrg48354",
        "CHRG-105hhrg39302",
        "CHRG-105hhrg48664",
        "CHRG-105hhrg41832",
        "CHRG-105hhrg50222",
        "CHRG-105hhrg38050",
        "CHRG-105hhrg41052",
        "CHRG-105hhrg50715",
        "CHRG-105hhrg97577",
        "CHRG-105hhrg44671",
        "CHRG-105hhrg40880",
        "CHRG-105hhrg51373",
        "CHRG-105hhrg40073",
        "CHRG-105hhrg50588",
        "CHRG-105hhrg46828",
        "CHRG-105hhrg47936",
        "CHRG-105hhrg77494",
        "CHRG-105hhrg40796",
        "CHRG-105hhrg48385",
        "CHRG-105hhrg43214",
        "CHRG-105hhrg54586",
        "CHRG-105hhrg48062",
        "CHRG-105hhrg56025",
        "CHRG-105hhrg50803",
        "CHRG-105hhrg56394",
        "CHRG-105hhrg40219",
        "CHRG-105hhrg48707",
        "CHRG-105hhrg96448",
        "CHRG-105hhrg47810",
        "CHRG-105hhrg49555",
        "CHRG-105hhrg45297",
        "CHRG-105hhrg48677",
        "CHRG-105hhrg47639",
        "CHRG-105hhrg39555",
        "CHRG-105hhrg40520",
        "CHRG-105hhrg47203",
        "CHRG-105hhrg38693",
        "CHRG-105hhrg55938",
        "CHRG-105hhrg40970",
        "CHRG-105hhrg40907",
        "CHRG-105hhrg52910",
        "CHRG-105hhrg40256",
        "CHRG-105hhrg54921",
        "CHRG-105hhrg51566",
        "CHRG-105hhrg46317",
        "CHRG-105hhrg46283",
        "CHRG-105hhrg51715",
        "CHRG-105hhrg45928",
        "CHRG-105hhrg40522",
        "CHRG-105hhrg40802",
        "CHRG-105hhrg49623",
        "CHRG-105hhrg43579",
        "CHRG-105shrg44791",
        "CHRG-105hhrg49557",
        "CHRG-105hhrg42908",
        "CHRG-105hhrg48778",
        "CHRG-105hhrg46892",
        "CHRG-105hhrg40589",
        "CHRG-105hhrg47797",
        "CHRG-105hhrg41305",
        "CHRG-105hhrg50191",
        "CHRG-105hhrg39581",
        "CHRG-105hhrg48190",
        "CHRG-105hhrg41735",
        "CHRG-105hhrg48370",
        "CHRG-105hhrg40763",
        "CHRG-105hhrg49025",
        "CHRG-105hhrg44185",
        "CHRG-105hhrg48630",
        "CHRG-105hhrg95559",
        "CHRG-105hhrg44895",
        "CHRG-105hhrg77485",
        "CHRG-105hhrg49512",
        "CHRG-105hhrg97575",
        "CHRG-105hhrg50059",
        "CHRG-105hhrg96317",
        "CHRG-105hhrg52939",
        "CHRG-105hhrg97692",
        "CHRG-105hhrg47801",
        "CHRG-105hhrg49109",
        "CHRG-105hhrg46797",
        "CHRG-105hhrg40479",
        "CHRG-105hhrg48369",
        "CHRG-105hhrg39602",
        "CHRG-105hhrg55732",
        "CHRG-105hhrg46631",
        "CHRG-105hhrg48629",
        "CHRG-105hhrg41452",
        "CHRG-105hhrg49406",
        "CHRG-105hhrg95883",
        "CHRG-105hhrg38527",
        "CHRG-105hhrg50755",
        "CHRG-105hhrg95889",
        "CHRG-105hhrg48269",
        "CHRG-105hhrg49345",
        "CHRG-105hhrg95633",
        "CHRG-105hhrg47767",
        "CHRG-105hhrg48550",
        "CHRG-105hhrg96559",
        "CHRG-105hhrg46679",
        "CHRG-105hhrg97695",
        "CHRG-105hhrg47526",
        "CHRG-105hhrg51002",
        "CHRG-105hhrg47116",
        "CHRG-105hhrg48932",
        "CHRG-105hhrg46493",
        "CHRG-105hhrg49294",
        "CHRG-105hhrg51271",
        "CHRG-105hhrg44773",
        "CHRG-105hhrg37976",
        "CHRG-105hhrg46381",
        "CHRG-105hhrg41001",
        "CHRG-105hhrg41431",
        "CHRG-105hhrg41861",
        "CHRG-105hhrg45927",
        "CHRG-105hhrg47604",
        "CHRG-105hhrg48964",
        "CHRG-105hhrg48696",
        "CHRG-105hhrg47981",
        "CHRG-105hhrg47445",
        "CHRG-105hhrg96447",
        "CHRG-105hhrg48708",
        "CHRG-105hhrg40908",
        "CHRG-105hhrg40018",
        "CHRG-105hhrg48492",
        "CHRG-105hhrg77757",
        "CHRG-105hhrg40622",
        "CHRG-105hhrg48341",
        "CHRG-105hhrg47811",
        "CHRG-105hhrg47632",
        "CHRG-105hhrg48508",
        "CHRG-105hhrg46567",
        "CHRG-105hhrg53428",
        "CHRG-105hhrg48958",
        "CHRG-105hhrg40085",
        "CHRG-105hhrg40521",
        "CHRG-105hhrg39554",
        "CHRG-105hhrg48145",
        "CHRG-105hhrg51567",
        "CHRG-105hhrg46316",
        "CHRG-105hhrg48274",
        "CHRG-105hhrg48749",
        "CHRG-105hhrg41818",
        "CHRG-105hhrg47854",
        "CHRG-105hhrg40717",
        "CHRG-105hhrg48290",
        "CHRG-105hhrg40519",
        "CHRG-105hhrg39582",
        "CHRG-105hhrg55871",
        "CHRG-105hhrg58486",
        "CHRG-105hhrg48547",
        "CHRG-105hhrg46891",
        "CHRG-105hhrg52020",
        "CHRG-105hhrg50714",
        "CHRG-105hhrg41469",
        "CHRG-105hhrg40881",
        "CHRG-105jhrg96560",
        "CHRG-105hhrg40343",
        "CHRG-105hhrg49132",
        "CHRG-105hhrg52018",
        "CHRG-105hhrg47583",
        "CHRG-105hhrg40603",
        "CHRG-105hhrg48384",
        "CHRG-105hhrg50802",
        "CHRG-105hhrg47324",
        "CHRG-105hhrg97443",
        "CHRG-105hhrg49698",
        "CHRG-105hhrg37947",
        "CHRG-105hhrg96321",
        "CHRG-105hhrg48310",
        "CHRG-105hhrg52528",
        "CHRG-105hhrg40344",
        "CHRG-105hhrg45229",
        "CHRG-105hhrg53198",
        "CHRG-105hhrg41767",
        "CHRG-105hhrg47216",
        "CHRG-105hhrg96319",
        "CHRG-105hhrg43580",
        "CHRG-105hhrg54876",
        "CHRG-105hhrg39303",
        "CHRG-105hhrg55349",
        "CHRG-105hhrg48355",
        "CHRG-105hhrg47908",
        "CHRG-105hhrg41029",
        "CHRG-105hhrg48781",
        "CHRG-105hhrg48430",
        "CHRG-105shrg49597",
        "CHRG-105hhrg40569",
        "CHRG-105hhrg40480",
        "CHRG-105hhrg49482",
        "CHRG-105hhrg48309",
        "CHRG-105hhrg48273",
        "CHRG-105hhrg50635",
        "CHRG-105hhrg95557",
        "CHRG-105hhrg38077",
        "CHRG-105hhrg41002",
        "CHRG-105hhrg45230",
        "CHRG-105hhrg46216",
        "CHRG-105hhrg49284",
        "CHRG-105hhrg48491",
        "CHRG-105hhrg40551",
        "CHRG-105hhrg39524",
        "CHRG-105hhrg51115",
        "CHRG-105hhrg42188",
        "CHRG-105hhrg46224",
        "CHRG-105hhrg95565",
        "CHRG-105hhrg41477",
        "CHRG-105hhrg51012"
    ],
    "106": [
        "CHRG-106hhrg55678",
        "CHRG-106hhrg56753",
        "CHRG-106hhrg64001",
        "CHRG-106hhrg63262",
        "CHRG-106hhrg55136",
        "CHRG-106shrg62418",
        "CHRG-106shrg84328",
        "CHRG-106hhrg62790",
        "CHRG-106shrg59501",
        "CHRG-106hhrg71101",
        "CHRG-106hhrg57097",
        "CHRG-106hhrg68612",
        "CHRG-106shrg36385",
        "CHRG-106hhrg56058",
        "CHRG-106shrg62420",
        "CHRG-106shrg58611",
        "CHRG-106hhrg55887",
        "CHRG-106hhrg57370",
        "CHRG-106hhrg65525",
        "CHRG-106hhrg57058",
        "CHRG-106shrg63993",
        "CHRG-106hhrg57468",
        "CHRG-106hhrg63636",
        "CHRG-106hhrg67953",
        "CHRG-106shrg58370",
        "CHRG-106hhrg60844",
        "CHRG-106hhrg55319",
        "CHRG-106shrg36378",
        "CHRG-106hhrg86808",
        "CHRG-106hhrg64127",
        "CHRG-106hhrg54595",
        "CHRG-106hhrg69973",
        "CHRG-106hhrg64253",
        "CHRG-106hhrg55894",
        "CHRG-106hhrg55010",
        "CHRG-106hhrg61244",
        "CHRG-106shrg65757",
        "CHRG-106hhrg57369",
        "CHRG-106hhrg55450",
        "CHRG-106hhrg54335",
        "CHRG-106hhrg61243",
        "CHRG-106hhrg65441",
        "CHRG-106shrg2910441",
        "CHRG-106shrg61661",
        "CHRG-106shrg56023",
        "CHRG-106hhrg62451",
        "CHRG-106hhrg69974",
        "CHRG-106shrg63629",
        "CHRG-106hhrg64385",
        "CHRG-106hhrg64316",
        "CHRG-106hhrg96641",
        "CHRG-106hhrg67954",
        "CHRG-106hhrg64555",
        "CHRG-106shrg36347",
        "CHRG-106hhrg55351",
        "CHRG-106shrg61659",
        "CHRG-106shrg64416",
        "CHRG-106shrg36162",
        "CHRG-106hhrg61250",
        "CHRG-106hhrg54666",
        "CHRG-106hhrg63833",
        "CHRG-106hhrg64677",
        "CHRG-106hhrg61357",
        "CHRG-106hhrg59318",
        "CHRG-106shrg36388",
        "CHRG-106hhrg68322",
        "CHRG-106hhrg57173",
        "CHRG-106hhrg56251",
        "CHRG-106shrg36382",
        "CHRG-106hhrg56870",
        "CHRG-106shrg36517",
        "CHRG-106hhrg56420",
        "CHRG-106hhrg62609",
        "CHRG-106hhrg64275",
        "CHRG-106hhrg63892",
        "CHRG-106hhrg64095",
        "CHRG-106shrg63174",
        "CHRG-106hhrg60043",
        "CHRG-106hhrg65843",
        "CHRG-106hhrg64295",
        "CHRG-106hhrg62793",
        "CHRG-106hhrg56459",
        "CHRG-106hhrg62824",
        "CHRG-106hhrg56317",
        "CHRG-106hhrg64091",
        "CHRG-106hhrg65526",
        "CHRG-106hhrg56461",
        "CHRG-106hhrg66494",
        "CHRG-106shrg36166",
        "CHRG-106hhrg61787",
        "CHRG-106shrg36386",
        "CHRG-106hhrg58693",
        "CHRG-106hhrg71102",
        "CHRG-106hhrg58699",
        "CHRG-106shrg65173",
        "CHRG-106hhrg63764",
        "CHRG-106shrg69593",
        "CHRG-106hhrg63195",
        "CHRG-106hhrg56274",
        "CHRG-106hhrg62150",
        "CHRG-106hhrg68146",
        "CHRG-106shrg2910438",
        "CHRG-106shrg59979",
        "CHRG-106shrg57882",
        "CHRG-106shrg56583",
        "CHRG-106hhrg54596",
        "CHRG-106hhrg54922",
        "CHRG-106shrg65527",
        "CHRG-106hhrg63777",
        "CHRG-106shrg64672",
        "CHRG-106shrg58035",
        "CHRG-106hhrg64413",
        "CHRG-106shrg64248",
        "CHRG-106shrg98240",
        "CHRG-106shrg98240",
        "CHRG-106hhrg64154",
        "CHRG-106hhrg62452",
        "CHRG-106hhrg55657",
        "CHRG-106shrg58148",
        "CHRG-106hhrg64414",
        "CHRG-106hhrg65371",
        "CHRG-106hhrg55874",
        "CHRG-106hhrg63509",
        "CHRG-106hhrg64689",
        "CHRG-106hhrg56374",
        "CHRG-106hhrg57931",
        "CHRG-106shrg65942",
        "CHRG-106hhrg59403",
        "CHRG-106hhrg62510",
        "CHRG-106shrg63384",
        "CHRG-106hhrg63888",
        "CHRG-106hhrg62787",
        "CHRG-106hhrg64315",
        "CHRG-106hhrg63101",
        "CHRG-106hhrg65494",
        "CHRG-106shrg36381",
        "CHRG-106shrg58488",
        "CHRG-106shrg59649",
        "CHRG-106hhrg58700",
        "CHRG-106hhrg56686",
        "CHRG-106hhrg62742",
        "CHRG-106hhrg64704",
        "CHRG-106hhrg64690",
        "CHRG-106hhrg56836",
        "CHRG-106hhrg55889",
        "CHRG-106hhrg62574",
        "CHRG-106hhrg62823",
        "CHRG-106hhrg64096",
        "CHRG-106shrg36153",
        "CHRG-106hhrg53880",
        "CHRG-106hhrg68930",
        "CHRG-106hhrg61788",
        "CHRG-106hhrg56933",
        "CHRG-106hhrg56944",
        "CHRG-106hhrg64676",
        "CHRG-106shrg36163",
        "CHRG-106hhrg62630",
        "CHRG-106hhrg56250",
        "CHRG-106shrg36383",
        "CHRG-106hhrg56783",
        "CHRG-106shrg68142",
        "CHRG-106shrg63927",
        "CHRG-106hhrg71000",
        "CHRG-106shrg36389",
        "CHRG-106shrg60185",
        "CHRG-106hhrg56421",
        "CHRG-106shrg36516",
        "CHRG-106hhrg57790",
        "CHRG-106hhrg57140",
        "CHRG-106hhrg64199",
        "CHRG-106hhrg68929",
        "CHRG-106hhrg65440",
        "CHRG-106hhrg64618",
        "CHRG-106hhrg63951",
        "CHRG-106hhrg67204",
        "CHRG-106hhrg56499",
        "CHRG-106shrg60542",
        "CHRG-106hhrg63778",
        "CHRG-106shrg61660",
        "CHRG-106shrg66474",
        "CHRG-106shrg36390",
        "CHRG-106hhrg60418",
        "CHRG-106hhrg67331",
        "CHRG-106hhrg62688",
        "CHRG-106hhrg57789",
        "CHRG-106hhrg57710",
        "CHRG-106hhrg57159",
        "CHRG-106hhrg64804",
        "CHRG-106hhrg63747",
        "CHRG-106hhrg64897",
        "CHRG-106hhrg63637",
        "CHRG-106shrg64745",
        "CHRG-106hhrg55029",
        "CHRG-106hhrg66904",
        "CHRG-106hhrg65408",
        "CHRG-106hhrg62788",
        "CHRG-106shrg57041",
        "CHRG-106hhrg56773",
        "CHRG-106shrg55009",
        "CHRG-106shrg65975",
        "CHRG-106shrg36274",
        "CHRG-106hhrg57622",
        "CHRG-106hhrg64781",
        "CHRG-106hhrg64252",
        "CHRG-106hhrg67203",
        "CHRG-106hhrg57609",
        "CHRG-106hhrg57244",
        "CHRG-106hhrg67681",
        "CHRG-106shrg62419",
        "CHRG-106hhrg57779",
        "CHRG-106hhrg64402",
        "CHRG-106shrg36384",
        "CHRG-106shrg36283",
        "CHRG-106hhrg55301",
        "CHRG-106hhrg55886",
        "CHRG-106shrg57907",
        "CHRG-106hhrg56934",
        "CHRG-106shrg62421",
        "CHRG-106shrg36164",
        "CHRG-106hhrg57911",
        "CHRG-106hhrg60374",
        "CHRG-106hhrg56669",
        "CHRG-106hhrg56614",
        "CHRG-106shrg36380",
        "CHRG-106hhrg56837",
        "CHRG-106shrg36160",
        "CHRG-106hhrg57745",
        "CHRG-106hhrg62743",
        "CHRG-106hhrg64097",
        "CHRG-106shrg61648",
        "CHRG-106hhrg66207",
        "CHRG-106hhrg69570",
        "CHRG-106hhrg56261",
        "CHRG-106hhrg62575",
        "CHRG-106shrg64725",
        "CHRG-106hhrg53881",
        "CHRG-106shrg36158",
        "CHRG-106shrg57390",
        "CHRG-106shrg63510",
        "CHRG-106hhrg64155",
        "CHRG-106hhrg61922",
        "CHRG-106hhrg64512",
        "CHRG-106hhrg61695",
        "CHRG-106hhrg63508",
        "CHRG-106hhrg63952",
        "CHRG-106hhrg57651",
        "CHRG-106hhrg56573",
        "CHRG-106hhrg55875",
        "CHRG-106hhrg56642",
        "CHRG-106shrg63802",
        "CHRG-106hhrg68271",
        "CHRG-106hhrg56375",
        "CHRG-106hhrg57930",
        "CHRG-106hhrg54291",
        "CHRG-106hhrg65951",
        "CHRG-106hhrg65471",
        "CHRG-106hhrg57614",
        "CHRG-106hhrg57719",
        "CHRG-106hhrg63889",
        "CHRG-106hhrg64729",
        "CHRG-106shrg67123",
        "CHRG-106shrg71950",
        "CHRG-106hhrg55837",
        "CHRG-106hhrg64010",
        "CHRG-106shrg57795",
        "CHRG-106hhrg55253",
        "CHRG-106shrg36348",
        "CHRG-106hhrg66213",
        "CHRG-106hhrg64251",
        "CHRG-106hhrg57621",
        "CHRG-106shrg67906",
        "CHRG-106hhrg55872",
        "CHRG-106hhrg66462",
        "CHRG-106hhrg57458",
        "CHRG-106shrg61613",
        "CHRG-106shrg45842",
        "CHRG-106hhrg64125",
        "CHRG-106hhrg64152",
        "CHRG-106hhrg64481",
        "CHRG-106hhrg67864",
        "CHRG-106hhrg65393",
        "CHRG-106hhrg62241",
        "CHRG-106hhrg64730",
        "CHRG-106hhrg64294",
        "CHRG-106hhrg56802",
        "CHRG-106hhrg65842",
        "CHRG-106hhrg56751",
        "CHRG-106shrg59794",
        "CHRG-106shrg55488",
        "CHRG-106hhrg64439",
        "CHRG-106hhrg64678",
        "CHRG-106shrg36167",
        "CHRG-106hhrg60889",
        "CHRG-106shrg62422",
        "CHRG-106hhrg66495",
        "CHRG-106hhrg63686",
        "CHRG-106shrg1910405",
        "CHRG-106hhrg60397",
        "CHRG-106hhrg63225"
    ],
    "107": [
        "CHRG-107hhrg80360",
        "CHRG-107hhrg82897",
        "CHRG-107hhrg76508",
        "CHRG-107hhrg72377",
        "CHRG-107hhrg80459",
        "CHRG-107hhrg74825",
        "CHRG-107hhrg74578",
        "CHRG-107hhrg77904",
        "CHRG-107hhrg91753",
        "CHRG-107hhrg74303",
        "CHRG-107hhrg81193",
        "CHRG-107hhrg79770",
        "CHRG-107hhrg81199",
        "CHRG-107hhrg81749",
        "CHRG-107hhrg81203",
        "CHRG-107shrg22894",
        "CHRG-107hhrg53320",
        "CHRG-107hhrg75989",
        "CHRG-107hhrg75099",
        "CHRG-107hhrg77734",
        "CHRG-107hhrg78133",
        "CHRG-107hhrg81228",
        "CHRG-107hhrg82135",
        "CHRG-107hhrg82142",
        "CHRG-107hhrg81113",
        "CHRG-107hhrg87942",
        "CHRG-107hhrg76164",
        "CHRG-107hhrg77676",
        "CHRG-107hhrg82596",
        "CHRG-107hhrg78866",
        "CHRG-107hhrg80035",
        "CHRG-107hhrg80042",
        "CHRG-107hhrg53333",
        "CHRG-107shrg22887",
        "CHRG-107hhrg71880",
        "CHRG-107shrg82483",
        "CHRG-107hhrg74873",
        "CHRG-107hhrg72158",
        "CHRG-107hhrg80045",
        "CHRG-107hhrg53334",
        "CHRG-107hhrg80032",
        "CHRG-107hhrg77148",
        "CHRG-107hhrg80922",
        "CHRG-107hhrg83979",
        "CHRG-107hhrg80852",
        "CHRG-107hhrg72518",
        "CHRG-107hhrg77408",
        "CHRG-107hhrg81650",
        "CHRG-107hhrg80038",
        "CHRG-107hhrg82132",
        "CHRG-107hhrg77671",
        "CHRG-107hhrg82591",
        "CHRG-107hhrg81559",
        "CHRG-107hhrg82138",
        "CHRG-107hhrg78607",
        "CHRG-107hhrg72520",
        "CHRG-107hhrg83026",
        "CHRG-107hhrg79991",
        "CHRG-107hhrg82749",
        "CHRG-107hhrg79975",
        "CHRG-107hhrg77860",
        "CHRG-107hhrg81561",
        "CHRG-107hhrg79721",
        "CHRG-107hhrg72314",
        "CHRG-107hhrg78033",
        "CHRG-107hhrg71708",
        "CHRG-107hhrg72654",
        "CHRG-107hhrg77733",
        "CHRG-107shrg83924",
        "CHRG-107shrg83924",
        "CHRG-107hhrg73724",
        "CHRG-107shrg94027",
        "CHRG-107hhrg81204",
        "CHRG-107shrg22893",
        "CHRG-107hhrg77322",
        "CHRG-107hhrg81194",
        "CHRG-107hhrg74743",
        "CHRG-107hhrg82588",
        "CHRG-107hhrg83203",
        "CHRG-107hhrg78878",
        "CHRG-107hhrg77252",
        "CHRG-107hhrg85342",
        "CHRG-107hhrg77909",
        "CHRG-107hhrg74925",
        "CHRG-107hhrg77903",
        "CHRG-107hhrg91754",
        "CHRG-107shrg73779",
        "CHRG-107shrg91301",
        "CHRG-107hhrg77310",
        "CHRG-107shrg83050",
        "CHRG-107hhrg79302",
        "CHRG-107hhrg77260",
        "CHRG-107hhrg75459",
        "CHRG-107hhrg77907",
        "CHRG-107hhrg85967",
        "CHRG-107hhrg81778",
        "CHRG-107hhrg80213",
        "CHRG-107hhrg83338",
        "CHRG-107hhrg75117",
        "CHRG-107jhrg84943",
        "CHRG-107shrg86404",
        "CHRG-107shrg96876",
        "CHRG-107hhrg53323",
        "CHRG-107hhrg86874",
        "CHRG-107hhrg79577",
        "CHRG-107hhrg74173",
        "CHRG-107hhrg84757",
        "CHRG-107hhrg71890",
        "CHRG-107hhrg81394",
        "CHRG-107hhrg81200",
        "CHRG-107hhrg73553",
        "CHRG-107hhrg79779",
        "CHRG-107hhrg93355",
        "CHRG-107hhrg86210",
        "CHRG-107hhrg72454",
        "CHRG-107hhrg83028",
        "CHRG-107hhrg73798",
        "CHRG-107hhrg96167",
        "CHRG-107hhrg78244",
        "CHRG-107shrg73780",
        "CHRG-107hhrg77647",
        "CHRG-107shrg75652",
        "CHRG-107hhrg80041",
        "CHRG-107hhrg80036",
        "CHRG-107hhrg75248",
        "CHRG-107hhrg77675",
        "CHRG-107hhrg80245",
        "CHRG-107hhrg83653",
        "CHRG-107hhrg87941",
        "CHRG-107hhrg82141",
        "CHRG-107hhrg82136",
        "CHRG-107hhrg71643",
        "CHRG-107hhrg85358",
        "CHRG-107hhrg82406",
        "CHRG-107hhrg82592",
        "CHRG-107hhrg77672",
        "CHRG-107hhrg72325",
        "CHRG-107hhrg82131",
        "CHRG-107hhrg82348",
        "CHRG-107hhrg80851",
        "CHRG-107shrg22889",
        "CHRG-107hhrg73203",
        "CHRG-107hhrg80046",
        "CHRG-107hhrg72267",
        "CHRG-107shrg74037",
        "CHRG-107hhrg80730",
        "CHRG-107hhrg75987",
        "CHRG-107hhrg83512",
        "CHRG-107hhrg80980",
        "CHRG-107hhrg78243",
        "CHRG-107hhrg78790",
        "CHRG-107hhrg85341",
        "CHRG-107hhrg77711",
        "CHRG-107hhrg79790",
        "CHRG-107hhrg81197",
        "CHRG-107hhrg78992",
        "CHRG-107hhrg53324",
        "CHRG-107shrg22890",
        "CHRG-107hhrg72828",
        "CHRG-107shrg86375",
        "CHRG-107hhrg73750",
        "CHRG-107hhrg77842",
        "CHRG-107hhrg80214",
        "CHRG-107hhrg73222",
        "CHRG-107hhrg79815",
        "CHRG-107shrg22892",
        "CHRG-107hhrg84758",
        "CHRG-107hhrg80410",
        "CHRG-107hhrg81205",
        "CHRG-107hhrg80840",
        "CHRG-107hhrg72609",
        "CHRG-107hhrg85343",
        "CHRG-107hhrg82589",
        "CHRG-107hhrg78873",
        "CHRG-107hhrg81195",
        "CHRG-107hhrg72078",
        "CHRG-107hhrg77902",
        "CHRG-107hhrg89313",
        "CHRG-107hhrg77878",
        "CHRG-107hhrg77908",
        "CHRG-107hhrg81853",
        "CHRG-107hhrg80216",
        "CHRG-107hhrg79303",
        "CHRG-107hhrg77311",
        "CHRG-107hhrg73469",
        "CHRG-107hhrg77573",
        "CHRG-107hhrg80039",
        "CHRG-107hhrg74978",
        "CHRG-107hhrg72519",
        "CHRG-107hhrg80409",
        "CHRG-107hhrg80033",
        "CHRG-107hhrg53335",
        "CHRG-107hhrg80044",
        "CHRG-107shrg22741",
        "CHRG-107hhrg82139",
        "CHRG-107hhrg74726",
        "CHRG-107hhrg82590",
        "CHRG-107shrg87708",
        "CHRG-107shrg87708",
        "CHRG-107hhrg73881",
        "CHRG-107hhrg79686",
        "CHRG-107hhrg77670",
        "CHRG-107hhrg84881",
        "CHRG-107hhrg82133",
        "CHRG-107hhrg75503",
        "CHRG-107hhrg80982",
        "CHRG-107hhrg74120",
        "CHRG-107hhrg71920",
        "CHRG-107hhrg77861",
        "CHRG-107hhrg83027",
        "CHRG-107hhrg79524",
        "CHRG-107hhrg79990",
        "CHRG-107hhrg72521",
        "CHRG-107hhrg82305",
        "CHRG-107hhrg75985",
        "CHRG-107hhrg77308",
        "CHRG-107hhrg75198",
        "CHRG-107hhrg74669",
        "CHRG-107hhrg75988",
        "CHRG-107hhrg76937",
        "CHRG-107hhrg79317",
        "CHRG-107shrg95488",
        "CHRG-107hhrg80531",
        "CHRG-107hhrg81619",
        "CHRG-107hhrg82579",
        "CHRG-107hhrg79612",
        "CHRG-107hhrg82134",
        "CHRG-107hhrg79582",
        "CHRG-107hhrg80043",
        "CHRG-107hhrg80034",
        "CHRG-107hhrg81497",
        "CHRG-107shrg86406",
        "CHRG-107shrg81618",
        "CHRG-107hhrg72641",
        "CHRG-107hhrg76509",
        "CHRG-107hhrg78831",
        "CHRG-107hhrg80361",
        "CHRG-107hhrg82896",
        "CHRG-107hhrg80528",
        "CHRG-107hhrg23894",
        "CHRG-107hhrg89314",
        "CHRG-107hhrg77905",
        "CHRG-107shrg85319",
        "CHRG-107hhrg79960",
        "CHRG-107hhrg81198",
        "CHRG-107hhrg81888",
        "CHRG-107hhrg84116",
        "CHRG-107hhrg80619",
        "CHRG-107hhrg71655",
        "CHRG-107hhrg79478",
        "CHRG-107hhrg79822",
        "CHRG-107hhrg53321",
        "CHRG-107hhrg86876",
        "CHRG-107shrg22895",
        "CHRG-107hhrg81202",
        "CHRG-107hhrg81645",
        "CHRG-107shrg31286",
        "CHRG-107hhrg81196",
        "CHRG-107shrg20455",
        "CHRG-107hhrg79702",
        "CHRG-107hhrg82487",
        "CHRG-107hhrg77843",
        "CHRG-107hhrg81206",
        "CHRG-107shrg22891",
        "CHRG-107hhrg73567",
        "CHRG-107hhrg77365",
        "CHRG-107hhrg81137",
        "CHRG-107hhrg80215",
        "CHRG-107hhrg77161",
        "CHRG-107hhrg77901",
        "CHRG-107hhrg79814",
        "CHRG-107hhrg84882",
        "CHRG-107hhrg82130",
        "CHRG-107hhrg77673",
        "CHRG-107hhrg78179",
        "CHRG-107hhrg75037",
        "CHRG-107hhrg71642",
        "CHRG-107hhrg73378",
        "CHRG-107shrg22888",
        "CHRG-107hhrg78956",
        "CHRG-107hhrg75986",
        "CHRG-107shrg84255",
        "CHRG-107hhrg71670",
        "CHRG-107hhrg72875",
        "CHRG-107hhrg79870",
        "CHRG-107hhrg79807",
        "CHRG-107hhrg78242",
        "CHRG-107hhrg83513",
        "CHRG-107hhrg80981",
        "CHRG-107hhrg73240",
        "CHRG-107hhrg81327",
        "CHRG-107shrg82894",
        "CHRG-107hhrg79557",
        "CHRG-107hhrg73799",
        "CHRG-107hhrg74834",
        "CHRG-107hhrg71509",
        "CHRG-107hhrg71707",
        "CHRG-107shrg73781",
        "CHRG-107hhrg80037",
        "CHRG-107hhrg80040",
        "CHRG-107hhrg80950",
        "CHRG-107hhrg80470",
        "CHRG-107hhrg72517",
        "CHRG-107hhrg82137",
        "CHRG-107hhrg82140",
        "CHRG-107hhrg77674",
        "CHRG-107hhrg80244",
        "CHRG-107hhrg81779",
        "CHRG-107hhrg77906",
        "CHRG-107hhrg77892",
        "CHRG-107hhrg74703",
        "CHRG-107hhrg72391",
        "CHRG-107hhrg82895",
        "CHRG-107hhrg73840",
        "CHRG-107shrg86405",
        "CHRG-107shrg82393",
        "CHRG-107hhrg81599",
        "CHRG-107hhrg80059",
        "CHRG-107hhrg80123",
        "CHRG-107hhrg77949",
        "CHRG-107hhrg72954",
        "CHRG-107hhrg80949",
        "CHRG-107hhrg81201",
        "CHRG-107hhrg53322",
        "CHRG-107hhrg86875",
        "CHRG-107hhrg79821",
        "CHRG-107hhrg79796",
        "CHRG-107hhrg84115",
        "CHRG-107hhrg81812"
    ],
    "108": [
        "CHRG-108hhrg89471",
        "CHRG-108hhrg95308",
        "CHRG-108hhrg94560",
        "CHRG-108hhrg86631",
        "CHRG-108hhrg90628",
        "CHRG-108hhrg87943",
        "CHRG-108hhrg94259",
        "CHRG-108hhrg98035",
        "CHRG-108shrg39104128",
        "CHRG-108hhrg85625",
        "CHRG-108shrg88593",
        "CHRG-108hhrg95607",
        "CHRG-108hhrg89103",
        "CHRG-108hhrg90154",
        "CHRG-108hhrg99786",
        "CHRG-108hhrg90833",
        "CHRG-108hhrg86593",
        "CHRG-108shrg39104110",
        "CHRG-108hhrg98437",
        "CHRG-108hhrg89486",
        "CHRG-108hhrg96473",
        "CHRG-108shrg1910404",
        "CHRG-108hhrg94195",
        "CHRG-108hhrg95764",
        "CHRG-108hhrg91218",
        "CHRG-108shrg39104109",
        "CHRG-108hhrg87398",
        "CHRG-108shrg22833",
        "CHRG-108hhrg87542",
        "CHRG-108hhrg86806",
        "CHRG-108shrg89477",
        "CHRG-108hhrg92741",
        "CHRG-108hhrg89226",
        "CHRG-108shrg2910451",
        "CHRG-108hhrg93683",
        "CHRG-108hhrg94854",
        "CHRG-108hhrg88399",
        "CHRG-108hhrg90153",
        "CHRG-108hhrg90849",
        "CHRG-108hhrg88568",
        "CHRG-108hhrg96991",
        "CHRG-108hhrg99931",
        "CHRG-108shrg99694",
        "CHRG-108jhrg90904",
        "CHRG-108hhrg86862",
        "CHRG-108hhrg90658",
        "CHRG-108hhrg95291",
        "CHRG-108hhrg89141",
        "CHRG-108hhrg87944",
        "CHRG-108hhrg84818",
        "CHRG-108hhrg91590",
        "CHRG-108hhrg92259",
        "CHRG-108hhrg91305",
        "CHRG-108hhrg97797",
        "CHRG-108hhrg94456",
        "CHRG-108hhrg91888",
        "CHRG-108hhrg87802",
        "CHRG-108hhrg92205",
        "CHRG-108hhrg97362",
        "CHRG-108hhrg99987",
        "CHRG-108hhrg96704",
        "CHRG-108hhrg87742",
        "CHRG-108shrg2910483",
        "CHRG-108hhrg89554",
        "CHRG-108hhrg94196",
        "CHRG-108hhrg92853",
        "CHRG-108shrg2910484",
        "CHRG-108hhrg89454",
        "CHRG-108shrg89738",
        "CHRG-108hhrg85638",
        "CHRG-108hhrg98117",
        "CHRG-108hhrg90597",
        "CHRG-108shrg94084",
        "CHRG-108hhrg87391",
        "CHRG-108hhrg96918",
        "CHRG-108jhrg85090",
        "CHRG-108hhrg89225",
        "CHRG-108hhrg98848",
        "CHRG-108hhrg86525",
        "CHRG-108hhrg96286",
        "CHRG-108shrg99697",
        "CHRG-108hhrg96381",
        "CHRG-108hhrg89733",
        "CHRG-108hhrg99788",
        "CHRG-108hhrg86642",
        "CHRG-108hhrg86861",
        "CHRG-108hhrg20054",
        "CHRG-108hhrg92581",
        "CHRG-108hhrg91887",
        "CHRG-108hhrg87870",
        "CHRG-108shrg27328",
        "CHRG-108hhrg98296",
        "CHRG-108hhrg99930",
        "CHRG-108shrg89465",
        "CHRG-108hhrg86869",
        "CHRG-108hhrg97099",
        "CHRG-108hhrg87399",
        "CHRG-108shrg94086",
        "CHRG-108hhrg26579",
        "CHRG-108shrg1910402",
        "CHRG-108hhrg89464",
        "CHRG-108hhrg93682",
        "CHRG-108hhrg93221",
        "CHRG-108hhrg89519",
        "CHRG-108hhrg99985",
        "CHRG-108shrg39104147",
        "CHRG-108hhrg96472",
        "CHRG-108hhrg98847",
        "CHRG-108hhrg96952",
        "CHRG-108hhrg88096",
        "CHRG-108hhrg90434",
        "CHRG-108shrg2910481",
        "CHRG-108shrg39104102",
        "CHRG-108shrg39104108",
        "CHRG-108hhrg86630",
        "CHRG-108hhrg97100",
        "CHRG-108hhrg98034",
        "CHRG-108shrg94954",
        "CHRG-108hhrg94258",
        "CHRG-108hhrg94559",
        "CHRG-108hhrg95346",
        "CHRG-108hhrg95606",
        "CHRG-108hhrg98436",
        "CHRG-108hhrg96803",
        "CHRG-108hhrg93887",
        "CHRG-108hhrg99787",
        "CHRG-108hhrg98295",
        "CHRG-108hhrg96380",
        "CHRG-108shrg99696",
        "CHRG-108hhrg92582",
        "CHRG-108hhrg87064",
        "CHRG-108hhrg87650",
        "CHRG-108shrg1910412",
        "CHRG-108shrg44822",
        "CHRG-108shrg2910485",
        "CHRG-108hhrg96919",
        "CHRG-108shrg94085",
        "CHRG-108jhrg96192",
        "CHRG-108hhrg98116",
        "CHRG-108hhrg95128",
        "CHRG-108hhrg91383",
        "CHRG-108shrg22846",
        "CHRG-108hhrg93222",
        "CHRG-108shrg2910424",
        "CHRG-108shrg95102",
        "CHRG-108jhrg87773",
        "CHRG-108hhrg96705",
        "CHRG-108shrg2910454",
        "CHRG-108hhrg99986",
        "CHRG-108shrg24457",
        "CHRG-108hhrg91384",
        "CHRG-108hhrg87100",
        "CHRG-108hhrg87681",
        "CHRG-108hhrg92804",
        "CHRG-108shrg95684",
        "CHRG-108jhrg88568",
        "CHRG-108hhrg92258",
        "CHRG-108hhrg89006",
        "CHRG-108hhrg87063",
        "CHRG-108hhrg94457"
    ],
    "109": [
        "CHRG-109hhrg28368",
        "CHRG-109hhrg29577",
        "CHRG-109hhrg21979",
        "CHRG-109hhrg99821",
        "CHRG-109hhrg24090",
        "CHRG-109hhrg21973",
        "CHRG-109hhrg99592",
        "CHRG-109shrg33413",
        "CHRG-109hhrg28426",
        "CHRG-109hhrg24595",
        "CHRG-109shrg59104209",
        "CHRG-109hhrg31963",
        "CHRG-109hhrg99819",
        "CHRG-109hhrg26778",
        "CHRG-109hhrg22430",
        "CHRG-109hhrg20917",
        "CHRG-109shrg59104228",
        "CHRG-109hhrg20786",
        "CHRG-109hhrg26907",
        "CHRG-109hhrg28968",
        "CHRG-109hhrg21397",
        "CHRG-109hhrg26017",
        "CHRG-109hhrg98813",
        "CHRG-109shrg47632",
        "CHRG-109hhrg27232",
        "CHRG-109hhrg26994",
        "CHRG-109hhrg23695",
        "CHRG-109hhrg29971",
        "CHRG-109hhrg27813",
        "CHRG-109hhrg24515",
        "CHRG-109hhrg98602",
        "CHRG-109hhrg24055",
        "CHRG-109hhrg30146",
        "CHRG-109hhrg22260",
        "CHRG-109hhrg23825",
        "CHRG-109hhrg21698",
        "CHRG-109hhrg20180",
        "CHRG-109shrg36211",
        "CHRG-109hhrg27647",
        "CHRG-109hhrg23922",
        "CHRG-109hhrg30141",
        "CHRG-109hhrg22657",
        "CHRG-109hhrg30571",
        "CHRG-109shrg34181",
        "CHRG-109hhrg28499",
        "CHRG-109hhrg21045",
        "CHRG-109hhrg23692",
        "CHRG-109hhrg20650",
        "CHRG-109hhrg24518",
        "CHRG-109hhrg21204",
        "CHRG-109hhrg21309",
        "CHRG-109hhrg98814",
        "CHRG-109hhrg23437",
        "CHRG-109hhrg20056",
        "CHRG-109hhrg31412",
        "CHRG-109hhrg24907",
        "CHRG-109hhrg26031",
        "CHRG-109hhrg23485",
        "CHRG-109hhrg27067",
        "CHRG-109hhrg29862",
        "CHRG-109hhrg26345",
        "CHRG-109hhrg26332",
        "CHRG-109hhrg21021",
        "CHRG-109hhrg24598",
        "CHRG-109hhrg20649",
        "CHRG-109hhrg26672",
        "CHRG-109hhrg26439",
        "CHRG-109hhrg20402",
        "CHRG-109shrg39104155",
        "CHRG-109hhrg99826",
        "CHRG-109hhrg99595",
        "CHRG-109hhrg21974",
        "CHRG-109hhrg27481",
        "CHRG-109shrg33414",
        "CHRG-109hhrg24374",
        "CHRG-109hhrg26440",
        "CHRG-109hhrg26437",
        "CHRG-109shrg21102",
        "CHRG-109hhrg27228",
        "CHRG-109hhrg98809",
        "CHRG-109shrg28743",
        "CHRG-109hhrg24204",
        "CHRG-109hhrg28425",
        "CHRG-109hhrg99591",
        "CHRG-109hhrg99822",
        "CHRG-109hhrg21800",
        "CHRG-109hhrg20914",
        "CHRG-109hhrg29882",
        "CHRG-109hhrg20647",
        "CHRG-109hhrg24596",
        "CHRG-109hhrg28787",
        "CHRG-109hhrg27231",
        "CHRG-109hhrg21307",
        "CHRG-109hhrg98810",
        "CHRG-109hhrg20058",
        "CHRG-109hhrg31566",
        "CHRG-109shrg59104221",
        "CHRG-109hhrg20785",
        "CHRG-109hhrg21813",
        "CHRG-109hhrg27145",
        "CHRG-109shrg37276",
        "CHRG-109hhrg24019",
        "CHRG-109hhrg28638",
        "CHRG-109hhrg27478",
        "CHRG-109hhrg27644",
        "CHRG-109hhrg98405",
        "CHRG-109hhrg20060",
        "CHRG-109hhrg22653",
        "CHRG-109hhrg23826",
        "CHRG-109shrg25756",
        "CHRG-109hhrg30145",
        "CHRG-109hhrg22263",
        "CHRG-109hhrg24056",
        "CHRG-109hhrg98601",
        "CHRG-109hhrg24516",
        "CHRG-109hhrg27810",
        "CHRG-109hhrg29972",
        "CHRG-109hhrg27989",
        "CHRG-109hhrg23608",
        "CHRG-109hhrg29975",
        "CHRG-109hhrg21401",
        "CHRG-109hhrg25440",
        "CHRG-109hhrg22654",
        "CHRG-109hhrg27649",
        "CHRG-109hhrg22264",
        "CHRG-109hhrg30142",
        "CHRG-109hhrg27475",
        "CHRG-109hhrg20782",
        "CHRG-109shrg24291",
        "CHRG-109hhrg21814",
        "CHRG-109shrg29776",
        "CHRG-109hhrg26650",
        "CHRG-109hhrg20788",
        "CHRG-109hhrg20055",
        "CHRG-109hhrg26909",
        "CHRG-109hhrg21399",
        "CHRG-109hhrg35893",
        "CHRG-109hhrg21207",
        "CHRG-109hhrg27331",
        "CHRG-109hhrg26671",
        "CHRG-109hhrg21022",
        "CHRG-109hhrg27990",
        "CHRG-109hhrg26776",
        "CHRG-109hhrg20919",
        "CHRG-109hhrg24601",
        "CHRG-109hhrg23753",
        "CHRG-109hhrg28366",
        "CHRG-109hhrg21977",
        "CHRG-109hhrg99596",
        "CHRG-109hhrg99825",
        "CHRG-109hhrg26649",
        "CHRG-109hhrg28626",
        "CHRG-109hhrg27931",
        "CHRG-109hhrg28428",
        "CHRG-109hhrg26910",
        "CHRG-109hhrg26077",
        "CHRG-109shrg21438",
        "CHRG-109hhrg20921",
        "CHRG-109hhrg24203",
        "CHRG-109shrg49104167",
        "CHRG-109hhrg26673",
        "CHRG-109hhrg28788",
        "CHRG-109hhrg21020",
        "CHRG-109hhrg20648",
        "CHRG-109hhrg24599",
        "CHRG-109hhrg33276",
        "CHRG-109hhrg26333",
        "CHRG-109hhrg26075",
        "CHRG-109hhrg20403",
        "CHRG-109hhrg27227",
        "CHRG-109shrg21099",
        "CHRG-109hhrg30901",
        "CHRG-109hhrg24201",
        "CHRG-109hhrg26438",
        "CHRG-109hhrg27480",
        "CHRG-109shrg33415",
        "CHRG-109hhrg21975",
        "CHRG-109hhrg99594",
        "CHRG-109hhrg25689",
        "CHRG-109hhrg99827",
        "CHRG-109hhrg22656",
        "CHRG-109shrg34180",
        "CHRG-109hhrg23823",
        "CHRG-109hhrg24519",
        "CHRG-109hhrg23693",
        "CHRG-109hhrg22972",
        "CHRG-109hhrg20057",
        "CHRG-109hhrg23436",
        "CHRG-109hhrg21205",
        "CHRG-109hhrg21308",
        "CHRG-109hhrg28104",
        "CHRG-109hhrg22613",
        "CHRG-109hhrg24906",
        "CHRG-109shrg59104224",
        "CHRG-109hhrg27477",
        "CHRG-109hhrg29835",
        "CHRG-109hhrg98206",
        "CHRG-109hhrg20787",
        "CHRG-109hhrg40915",
        "CHRG-109shrg59104229",
        "CHRG-109hhrg21305",
        "CHRG-109hhrg22259",
        "CHRG-109hhrg98812",
        "CHRG-109hhrg26016",
        "CHRG-109hhrg26906",
        "CHRG-109hhrg28969",
        "CHRG-109hhrg24312",
        "CHRG-109hhrg24054",
        "CHRG-109hhrg23607",
        "CHRG-109shrg59104211",
        "CHRG-109hhrg23694",
        "CHRG-109hhrg27812",
        "CHRG-109hhrg29970",
        "CHRG-109hhrg27646",
        "CHRG-109shrg49104197",
        "CHRG-109hhrg21699",
        "CHRG-109hhrg22261",
        "CHRG-109hhrg22579",
        "CHRG-109hhrg99593",
        "CHRG-109hhrg99820",
        "CHRG-109hhrg21978",
        "CHRG-109hhrg30386",
        "CHRG-109jhrg95680",
        "CHRG-109hhrg26442",
        "CHRG-109hhrg26435",
        "CHRG-109hhrg26078",
        "CHRG-109hhrg20404",
        "CHRG-109hhrg28970",
        "CHRG-109hhrg28427",
        "CHRG-109hhrg99818",
        "CHRG-109hhrg23323",
        "CHRG-109hhrg26779",
        "CHRG-109hhrg26334",
        "CHRG-109hhrg24594",
        "CHRG-109hhrg28785",
        "CHRG-109shrg25747",
        "CHRG-109hhrg20916",
        "CHRG-109hhrg26777",
        "CHRG-109hhrg23610",
        "CHRG-109hhrg29884",
        "CHRG-109hhrg27991",
        "CHRG-109hhrg24600",
        "CHRG-109shrg49104164",
        "CHRG-109hhrg20918",
        "CHRG-109hhrg99824",
        "CHRG-109hhrg26648",
        "CHRG-109hhrg99597",
        "CHRG-109hhrg21976",
        "CHRG-109shrg23539",
        "CHRG-109hhrg28367",
        "CHRG-109hhrg24202",
        "CHRG-109hhrg30902",
        "CHRG-109hhrg20920",
        "CHRG-109hhrg26076",
        "CHRG-109hhrg22244",
        "CHRG-109hhrg28429",
        "CHRG-109hhrg26780",
        "CHRG-109hhrg29974",
        "CHRG-109hhrg23609",
        "CHRG-109hhrg27648",
        "CHRG-109hhrg22265",
        "CHRG-109hhrg28142",
        "CHRG-109hhrg30143",
        "CHRG-109hhrg22655",
        "CHRG-109hhrg36604",
        "CHRG-109shrg29777",
        "CHRG-109hhrg26651",
        "CHRG-109hhrg22580",
        "CHRG-109hhrg29836",
        "CHRG-109hhrg20783",
        "CHRG-109hhrg27330",
        "CHRG-109hhrg21206",
        "CHRG-109shrg39104144",
        "CHRG-109hhrg21398",
        "CHRG-109shrg39104139",
        "CHRG-109hhrg23435",
        "CHRG-109hhrg28967",
        "CHRG-109hhrg28430",
        "CHRG-109hhrg26908",
        "CHRG-109hhrg20059",
        "CHRG-109hhrg26905",
        "CHRG-109hhrg26015",
        "CHRG-109hhrg98811",
        "CHRG-109shrg39104143",
        "CHRG-109hhrg23438",
        "CHRG-109shrg25765",
        "CHRG-109hhrg21306",
        "CHRG-109hhrg22684",
        "CHRG-109hhrg27230",
        "CHRG-109hhrg27479",
        "CHRG-109hhrg21448",
        "CHRG-109hhrg20784",
        "CHRG-109hhrg30144",
        "CHRG-109hhrg22262",
        "CHRG-109hhrg20182",
        "CHRG-109hhrg20061",
        "CHRG-109hhrg22658",
        "CHRG-109hhrg27645",
        "CHRG-109hhrg24517",
        "CHRG-109hhrg29973",
        "CHRG-109hhrg27811",
        "CHRG-109hhrg28424",
        "CHRG-109hhrg27254",
        "CHRG-109hhrg26436",
        "CHRG-109hhrg26441",
        "CHRG-109hhrg24375",
        "CHRG-109hhrg27229",
        "CHRG-109hhrg99823",
        "CHRG-109hhrg99590",
        "CHRG-109hhrg20915",
        "CHRG-109hhrg28786",
        "CHRG-109hhrg24597",
        "CHRG-109hhrg20646",
        "CHRG-109hhrg29883",
        "CHRG-109hhrg24134"
    ],
    "110": [
        "CHRG-110hhrg42792",
        "CHRG-110shrg59104238",
        "CHRG-110hhrg32236",
        "CHRG-110hhrg38188",
        "CHRG-110hhrg40341",
        "CHRG-110hhrg41809",
        "CHRG-110hhrg44543",
        "CHRG-110jhrg35120",
        "CHRG-110hhrg42297",
        "CHRG-110hhrg37970",
        "CHRG-110hhrg43718",
        "CHRG-110hhrg34242",
        "CHRG-110hhrg43355",
        "CHRG-110hhrg36724",
        "CHRG-110hhrg35678",
        "CHRG-110hhrg34977",
        "CHRG-110hhrg41290",
        "CHRG-110hhrg42322",
        "CHRG-110hhrg43194",
        "CHRG-110hhrg35672",
        "CHRG-110hhrg44527",
        "CHRG-110hhrg42482",
        "CHRG-110hhrg36427",
        "CHRG-110hhrg35031",
        "CHRG-110hhrg43634",
        "CHRG-110hhrg36060",
        "CHRG-110hhrg40803",
        "CHRG-110hhrg41231",
        "CHRG-110hhrg38603",
        "CHRG-110shrg47451",
        "CHRG-110shrg47898",
        "CHRG-110hhrg43032",
        "CHRG-110hhrg34481",
        "CHRG-110hhrg42423",
        "CHRG-110hhrg42903",
        "CHRG-110shrg79104338",
        "CHRG-110hhrg38820",
        "CHRG-110hhrg42904",
        "CHRG-110hhrg42424",
        "CHRG-110hhrg34716",
        "CHRG-110shrg55139",
        "CHRG-110hhrg38140",
        "CHRG-110hhrg33822",
        "CHRG-110hhrg35307",
        "CHRG-110hhrg41671",
        "CHRG-110hhrg38604",
        "CHRG-110hhrg38333",
        "CHRG-110hhrg41989",
        "CHRG-110hhrg42831",
        "CHRG-110hhrg38542",
        "CHRG-110hhrg43749",
        "CHRG-110hhrg32846",
        "CHRG-110hhrg40482",
        "CHRG-110hhrg35675",
        "CHRG-110hhrg34238",
        "CHRG-110hhrg38939",
        "CHRG-110hhrg35427",
        "CHRG-110hhrg41021",
        "CHRG-110hhrg43715",
        "CHRG-110hhrg43352",
        "CHRG-110hhrg36826",
        "CHRG-110hhrg37067",
        "CHRG-110hhrg46476",
        "CHRG-110hhrg32547",
        "CHRG-110hhrg34041",
        "CHRG-110hhrg34036",
        "CHRG-110shrg69104296",
        "CHRG-110hhrg41019",
        "CHRG-110shrg41738",
        "CHRG-110hhrg42478",
        "CHRG-110hhrg41990",
        "CHRG-110hhrg43384",
        "CHRG-110hhrg38088",
        "CHRG-110hhrg41757",
        "CHRG-110hhrg33317",
        "CHRG-110hhrg36207",
        "CHRG-110hhrg43529",
        "CHRG-110hhrg33620",
        "CHRG-110hhrg37586",
        "CHRG-110shrg69104276",
        "CHRG-110hhrg42476",
        "CHRG-110hhrg42401",
        "CHRG-110hhrg41994",
        "CHRG-110shrg79104310",
        "CHRG-110hhrg32235",
        "CHRG-110shrg44455",
        "CHRG-110hhrg42708",
        "CHRG-110hhrg33319",
        "CHRG-110hhrg36209",
        "CHRG-110hhrg43067",
        "CHRG-110shrg45240",
        "CHRG-110hhrg42964",
        "CHRG-110hhrg35873",
        "CHRG-110hhrg35429",
        "CHRG-110hhrg36822",
        "CHRG-110hhrg38937",
        "CHRG-110hhrg34241",
        "CHRG-110hhrg34038",
        "CHRG-110shrg33920",
        "CHRG-110hhrg38229",
        "CHRG-110hhrg42294",
        "CHRG-110hhrg36063",
        "CHRG-110hhrg35032",
        "CHRG-110shrg42673",
        "CHRG-110hhrg41969",
        "CHRG-110hhrg36424",
        "CHRG-110hhrg42481",
        "CHRG-110hhrg36210",
        "CHRG-110hhrg36727",
        "CHRG-110hhrg35430",
        "CHRG-110hhrg42160",
        "CHRG-110hhrg37734",
        "CHRG-110hhrg38139",
        "CHRG-110hhrg34482",
        "CHRG-110shrg48715",
        "CHRG-110hhrg35309",
        "CHRG-110hhrg42754",
        "CHRG-110hhrg48574",
        "CHRG-110hhrg41232",
        "CHRG-110hhrg34485",
        "CHRG-110hhrg37910",
        "CHRG-110hhrg42800",
        "CHRG-110hhrg33821",
        "CHRG-110hhrg40659",
        "CHRG-110hhrg42183",
        "CHRG-110hhrg42907",
        "CHRG-110jhrg75411",
        "CHRG-110hhrg35676",
        "CHRG-110hhrg40481",
        "CHRG-110hhrg42221",
        "CHRG-110hhrg39517",
        "CHRG-110hhrg32845",
        "CHRG-110hhrg44529",
        "CHRG-110hhrg36423",
        "CHRG-110hhrg38541",
        "CHRG-110hhrg36990",
        "CHRG-110hhrg33109",
        "CHRG-110hhrg34042",
        "CHRG-110hhrg37064",
        "CHRG-110hhrg46475",
        "CHRG-110hhrg43838",
        "CHRG-110hhrg34478",
        "CHRG-110hhrg42293",
        "CHRG-110hhrg37909",
        "CHRG-110hhrg46038",
        "CHRG-110hhrg36825",
        "CHRG-110hhrg37650",
        "CHRG-110hhrg40747",
        "CHRG-110hhrg41022",
        "CHRG-110hhrg43716",
        "CHRG-110hhrg35119",
        "CHRG-110hhrg44138",
        "CHRG-110shrg43820",
        "CHRG-110hhrg44290",
        "CHRG-110hhrg43800",
        "CHRG-110hhrg43520",
        "CHRG-110shrg41912",
        "CHRG-110hhrg48455",
        "CHRG-110hhrg41754",
        "CHRG-110hhrg45831",
        "CHRG-110hhrg45222",
        "CHRG-110hhrg44530",
        "CHRG-110hhrg41993",
        "CHRG-110hhrg36989",
        "CHRG-110shrg79104317",
        "CHRG-110hhrg39670",
        "CHRG-110hhrg43353",
        "CHRG-110hhrg36827",
        "CHRG-110hhrg41020",
        "CHRG-110hhrg41150",
        "CHRG-110hhrg34239",
        "CHRG-110hhrg38938",
        "CHRG-110hhrg37066",
        "CHRG-110hhrg43120",
        "CHRG-110hhrg34037",
        "CHRG-110hhrg34040",
        "CHRG-110hhrg42479",
        "CHRG-110hhrg41991",
        "CHRG-110hhrg43385",
        "CHRG-110hhrg43068",
        "CHRG-110hhrg43522",
        "CHRG-110jhrg75137",
        "CHRG-110hhrg37587",
        "CHRG-110hhrg33621",
        "CHRG-110hhrg36206",
        "CHRG-110hhrg55888",
        "CHRG-110hhrg45513",
        "CHRG-110hhrg41756",
        "CHRG-110hhrg33316",
        "CHRG-110hhrg46862",
        "CHRG-110jhrg34712",
        "CHRG-110hhrg38141",
        "CHRG-110hhrg34717",
        "CHRG-110shrg69104258",
        "CHRG-110hhrg33823",
        "CHRG-110hhrg46227",
        "CHRG-110hhrg42905",
        "CHRG-110hhrg44154",
        "CHRG-110hhrg42425",
        "CHRG-110hhrg38332",
        "CHRG-110hhrg38605",
        "CHRG-110hhrg42211",
        "CHRG-110hhrg35306",
        "CHRG-110hhrg37912",
        "CHRG-110jhrg64261",
        "CHRG-110jhrg75227",
        "CHRG-110shrg45518",
        "CHRG-110hhrg40224",
        "CHRG-110hhrg42830",
        "CHRG-110hhrg36421",
        "CHRG-110hhrg38543",
        "CHRG-110hhrg36992",
        "CHRG-110hhrg39711",
        "CHRG-110hhrg45233",
        "CHRG-110shrg44987",
        "CHRG-110hhrg35674",
        "CHRG-110hhrg40483",
        "CHRG-110hhrg48543",
        "CHRG-110hhrg43195",
        "CHRG-110shrg48281",
        "CHRG-110hhrg35673",
        "CHRG-110hhrg36368",
        "CHRG-110hhrg36725",
        "CHRG-110hhrg48544",
        "CHRG-110hhrg44365",
        "CHRG-110shrg69104283",
        "CHRG-110hhrg36061",
        "CHRG-110hhrg38544",
        "CHRG-110hhrg36426",
        "CHRG-110shrg44637",
        "CHRG-110hhrg38819",
        "CHRG-110shrg51705",
        "CHRG-110hhrg44526",
        "CHRG-110hhrg34480",
        "CHRG-110hhrg40802",
        "CHRG-110hhrg41230",
        "CHRG-110hhrg38821",
        "CHRG-110shrg40547",
        "CHRG-110hhrg36024",
        "CHRG-110jhrg34715",
        "CHRG-110hhrg33824",
        "CHRG-110hhrg42422",
        "CHRG-110shrg46363",
        "CHRG-110hhrg42799",
        "CHRG-110jhrg35121",
        "CHRG-110hhrg41062",
        "CHRG-110hhrg40340",
        "CHRG-110hhrg37971",
        "CHRG-110hhrg34477",
        "CHRG-110shrg41958",
        "CHRG-110hhrg43840",
        "CHRG-110shrg80068",
        "CHRG-110hhrg42296",
        "CHRG-110hhrg41229",
        "CHRG-110hhrg34243",
        "CHRG-110hhrg43687",
        "CHRG-110shrg31502",
        "CHRG-110hhrg43329",
        "CHRG-110hhrg43839",
        "CHRG-110hhrg34479",
        "CHRG-110hhrg37908",
        "CHRG-110hhrg48056",
        "CHRG-110hhrg46039",
        "CHRG-110hhrg37065",
        "CHRG-110hhrg46474",
        "CHRG-110hhrg35118",
        "CHRG-110hhrg40746",
        "CHRG-110hhrg43717",
        "CHRG-110hhrg41849",
        "CHRG-110hhrg36824",
        "CHRG-110hhrg46861",
        "CHRG-110hhrg41755",
        "CHRG-110hhrg44748",
        "CHRG-110hhrg36205",
        "CHRG-110hhrg43801",
        "CHRG-110hhrg43521",
        "CHRG-110jhrg75929",
        "CHRG-110hhrg45417",
        "CHRG-110shrg48861",
        "CHRG-110hhrg41992",
        "CHRG-110hhrg36988",
        "CHRG-110shrg79104316",
        "CHRG-110hhrg44198",
        "CHRG-110hhrg38187",
        "CHRG-110shrg59104237",
        "CHRG-110hhrg37911",
        "CHRG-110hhrg41673",
        "CHRG-110hhrg38606",
        "CHRG-110hhrg41709",
        "CHRG-110hhrg38331",
        "CHRG-110hhrg34484",
        "CHRG-110jhrg37533",
        "CHRG-110hhrg42315",
        "CHRG-110hhrg42906",
        "CHRG-110shrg39988",
        "CHRG-110hhrg40658",
        "CHRG-110hhrg33820",
        "CHRG-110hhrg34714",
        "CHRG-110hhrg38142",
        "CHRG-110shrg79104337",
        "CHRG-110hhrg42610",
        "CHRG-110shrg54052",
        "CHRG-110hhrg40480",
        "CHRG-110hhrg35677",
        "CHRG-110hhrg36991",
        "CHRG-110hhrg48733",
        "CHRG-110hhrg38540",
        "CHRG-110hhrg36422",
        "CHRG-110hhrg35034",
        "CHRG-110hhrg40660",
        "CHRG-110hhrg44528",
        "CHRG-110hhrg42159",
        "CHRG-110hhrg41968",
        "CHRG-110hhrg41968",
        "CHRG-110hhrg36425",
        "CHRG-110hhrg42480",
        "CHRG-110hhrg36062",
        "CHRG-110shrg42672",
        "CHRG-110hhrg40784",
        "CHRG-110hhrg35033",
        "CHRG-110hhrg36726",
        "CHRG-110hhrg42421",
        "CHRG-110hhrg34713",
        "CHRG-110hhrg35431",
        "CHRG-110hhrg42551",
        "CHRG-110hhrg38822",
        "CHRG-110hhrg41233",
        "CHRG-110hhrg32806",
        "CHRG-110hhrg41674",
        "CHRG-110hhrg34483",
        "CHRG-110hhrg35308",
        "CHRG-110shrg42251",
        "CHRG-110hhrg42477",
        "CHRG-110hhrg41061",
        "CHRG-110hhrg43066",
        "CHRG-110hhrg36208",
        "CHRG-110hhrg33318",
        "CHRG-110hhrg44278",
        "CHRG-110jhrg75645",
        "CHRG-110hhrg38026",
        "CHRG-110hhrg35872",
        "CHRG-110hhrg35428",
        "CHRG-110hhrg36823",
        "CHRG-110hhrg34237",
        "CHRG-110hhrg34240",
        "CHRG-110jhrg75192",
        "CHRG-110hhrg42295",
        "CHRG-110hhrg32548",
        "CHRG-110hhrg34039",
        "CHRG-110hhrg37068",
        "CHRG-110hhrg33320",
        "CHRG-110hhrg46473",
        "CHRG-110hhrg46034",
        "CHRG-110hhrg37972"
    ],
    "111": [
        "CHRG-111shrg54569",
        "CHRG-111hhrg50867",
        "CHRG-111jhrg96236",
        "CHRG-111shrg63515",
        "CHRG-111shrg65080",
        "CHRG-111hhrg56335",
        "CHRG-111shrg65252",
        "CHRG-111jhrg75529",
        "CHRG-111hhrg56647",
        "CHRG-111shrg52669",
        "CHRG-111hhrg56200",
        "CHRG-111hhrg53757",
        "CHRG-111shrg99104425",
        "CHRG-111hhrg55863",
        "CHRG-111shrg50202",
        "CHRG-111hhrg57370",
        "CHRG-111hhrg58233",
        "CHRG-111hhrg72150",
        "CHRG-111hhrg62790",
        "CHRG-111shrg99104417",
        "CHRG-111hhrg50121",
        "CHRG-111shrg61914",
        "CHRG-111hhrg48223",
        "CHRG-111hhrg56870",
        "CHRG-111hhrg55951",
        "CHRG-111shrg61913",
        "CHRG-111hhrg53601",
        "CHRG-111hhrg58234",
        "CHRG-111hhrg50064",
        "CHRG-111jhrg75408",
        "CHRG-111hhrg55539",
        "CHRG-111hhrg50142",
        "CHRG-111hhrg52676",
        "CHRG-111hhrg56009",
        "CHRG-111hhrg62166",
        "CHRG-111hhrg50297",
        "CHRG-111hhrg56678",
        "CHRG-111hhrg48738",
        "CHRG-111hhrg76008",
        "CHRG-111hhrg61790",
        "CHRG-111hhrg51765",
        "CHRG-111shrg54354",
        "CHRG-111shrg51603",
        "CHRG-111hhrg55310",
        "CHRG-111hhrg57904",
        "CHRG-111hhrg63347",
        "CHRG-111jhrg95183",
        "CHRG-111hhrg51948",
        "CHRG-111hhrg50293",
        "CHRG-111hhrg56795",
        "CHRG-111hhrg54928",
        "CHRG-111hhrg51761",
        "CHRG-111hhrg65008",
        "CHRG-111shrg79104341",
        "CHRG-111hhrg51189",
        "CHRG-111shrg51741",
        "CHRG-111hhrg52476",
        "CHRG-111hhrg51219",
        "CHRG-111hhrg61742",
        "CHRG-111shrg52480",
        "CHRG-111hhrg55273",
        "CHRG-111shrg53159",
        "CHRG-111hhrg52999",
        "CHRG-111hhrg58144",
        "CHRG-111hhrg62205",
        "CHRG-111hhrg55540",
        "CHRG-111hhrg47666",
        "CHRG-111shrg48951",
        "CHRG-111hhrg51190",
        "CHRG-111hhrg50716",
        "CHRG-111shrg64160",
        "CHRG-111hhrg53433",
        "CHRG-111shrg61910",
        "CHRG-111shrg72963",
        "CHRG-111jhrg95242",
        "CHRG-111shrg99104413",
        "CHRG-111hhrg56260",
        "CHRG-111shrg64387",
        "CHRG-111hhrg52213",
        "CHRG-111hhrg61780",
        "CHRG-111jhrg95207",
        "CHRG-111hhrg62101",
        "CHRG-111shrg55522",
        "CHRG-111shrg48444",
        "CHRG-111hhrg61840",
        "CHRG-111hhrg53602",
        "CHRG-111shrg61909",
        "CHRG-111hhrg57781",
        "CHRG-111shrg66270",
        "CHRG-111hhrg62619",
        "CHRG-111hhrg62353",
        "CHRG-111shrg62405",
        "CHRG-111shrg56805",
        "CHRG-111hhrg49710",
        "CHRG-111hhrg62288",
        "CHRG-111hhrg50439",
        "CHRG-111hhrg53058",
        "CHRG-111hhrg57903",
        "CHRG-111jhrg95184",
        "CHRG-111hhrg49843",
        "CHRG-111hhrg63230",
        "CHRG-111shrg53177",
        "CHRG-111shrg55245",
        "CHRG-111hhrg54371",
        "CHRG-111shrg56723",
        "CHRG-111hhrg50635",
        "CHRG-111hhrg57185",
        "CHRG-111shrg89104368",
        "CHRG-111shrg64707",
        "CHRG-111hhrg57551",
        "CHRG-111hhrg47143",
        "CHRG-111hhrg61791",
        "CHRG-111hhrg65007",
        "CHRG-111hhrg55182",
        "CHRG-111hhrg48765",
        "CHRG-111hhrg56286",
        "CHRG-111hhrg53396",
        "CHRG-111hhrg55704",
        "CHRG-111hhrg57697",
        "CHRG-111hhrg55040",
        "CHRG-111hhrg48841",
        "CHRG-111shrg61912",
        "CHRG-111hhrg58104",
        "CHRG-111shrg99104411",
        "CHRG-111hhrg56161",
        "CHRG-111shrg62218",
        "CHRG-111shrg54131",
        "CHRG-111shrg47928",
        "CHRG-111shrg99104423",
        "CHRG-111jhrg95205",
        "CHRG-111hhrg50065",
        "CHRG-111hhrg66402",
        "CHRG-111jhrg75133",
        "CHRG-111hhrg53853",
        "CHRG-111hhrg51247",
        "CHRG-111hhrg54227",
        "CHRG-111shrg99104424",
        "CHRG-111shrg57213",
        "CHRG-111hhrg51959",
        "CHRG-111hhrg58103",
        "CHRG-111shrg61915",
        "CHRG-111hhrg56971",
        "CHRG-111hhrg51291",
        "CHRG-111hhrg51916",
        "CHRG-111hhrg50763",
        "CHRG-111hhrg48222",
        "CHRG-111hhrg62401",
        "CHRG-111hhrg55703",
        "CHRG-111hhrg52296",
        "CHRG-111hhrg50866",
        "CHRG-111hhrg49786",
        "CHRG-111hhrg56343",
        "CHRG-111shrg65081",
        "CHRG-111hhrg54862",
        "CHRG-111hhrg53756",
        "CHRG-111hhrg62352",
        "CHRG-111shrg54453",
        "CHRG-111hhrg54372",
        "CHRG-111shrg66271",
        "CHRG-111hhrg57780",
        "CHRG-111hhrg47172",
        "CHRG-111hhrg56391",
        "CHRG-111hhrg52147",
        "CHRG-111hhrg62289",
        "CHRG-111hhrg57902",
        "CHRG-111shrg99104412",
        "CHRG-111jhrg95243",
        "CHRG-111jhrg75196",
        "CHRG-111hhrg52610",
        "CHRG-111shrg99104418",
        "CHRG-111shrg61911",
        "CHRG-111hhrg56756",
        "CHRG-111hhrg56285",
        "CHRG-111jhrg95206",
        "CHRG-111hhrg52315",
        "CHRG-111hhrg62290",
        "CHRG-111hhrg50526",
        "CHRG-111hhrg57302",
        "CHRG-111hhrg58408",
        "CHRG-111hhrg55541",
        "CHRG-111hhrg62204",
        "CHRG-111jhrg75927",
        "CHRG-111hhrg47350",
        "CHRG-111hhrg61762",
        "CHRG-111hhrg51191",
        "CHRG-111hhrg54552",
        "CHRG-111hhrg63114",
        "CHRG-111shrg99104415",
        "CHRG-111hhrg58100",
        "CHRG-111shrg61916",
        "CHRG-111shrg61613",
        "CHRG-111hhrg54504",
        "CHRG-111hhrg54929",
        "CHRG-111shrg65082",
        "CHRG-111shrg57734",
        "CHRG-111hhrg66611",
        "CHRG-111shrg51602",
        "CHRG-111hhrg57905",
        "CHRG-111hhrg50545",
        "CHRG-111hhrg65009",
        "CHRG-111hhrg50865",
        "CHRG-111hhrg55525",
        "CHRG-111hhrg51188",
        "CHRG-111shrg57952"
    ],
    "112": [
        "CHRG-112hhrg78094",
        "CHRG-112hhrg67061",
        "CHRG-112shrg66052",
        "CHRG-112hhrg70784",
        "CHRG-112hhrg72933",
        "CHRG-112hhrg65563",
        "CHRG-112hhrg68060",
        "CHRG-112hhrg68167",
        "CHRG-112jhrg93734",
        "CHRG-112hhrg66818",
        "CHRG-112hhrg79874",
        "CHRG-112hhrg72895",
        "CHRG-112shrg65083",
        "CHRG-112shrg29104486",
        "CHRG-112hhrg67865",
        "CHRG-112hhrg78727",
        "CHRG-112hhrg68245",
        "CHRG-112hhrg71188",
        "CHRG-112hhrg76043",
        "CHRG-112shrg81681",
        "CHRG-112shrg79458",
        "CHRG-112shrg91307",
        "CHRG-112hhrg78588",
        "CHRG-112hhrg73587",
        "CHRG-112hhrg79437",
        "CHRG-112shrg19104460",
        "CHRG-112hhrg82385",
        "CHRG-112shrg19104467",
        "CHRG-112hhrg67344",
        "CHRG-112jhrg95616",
        "CHRG-112hhrg77382",
        "CHRG-112hhrg75522",
        "CHRG-112jhrg93217",
        "CHRG-112hhrg75802",
        "CHRG-112hhrg70703",
        "CHRG-112hhrg71456",
        "CHRG-112shrg75601",
        "CHRG-112hhrg76713",
        "CHRG-112hhrg68319",
        "CHRG-112jhrg92765",
        "CHRG-112hhrg79873",
        "CHRG-112hhrg66636",
        "CHRG-112shrg57323",
        "CHRG-112hhrg74808",
        "CHRG-112hhrg66679",
        "CHRG-112hhrg74068",
        "CHRG-112hhrg72414",
        "CHRG-112shrg74203",
        "CHRG-112jhrg95399",
        "CHRG-112hhrg70939",
        "CHRG-112jhrg94842",
        "CHRG-112hhrg73545",
        "CHRG-112hhrg70714",
        "CHRG-112hhrg80407",
        "CHRG-112shrg66051",
        "CHRG-112hhrg74998",
        "CHRG-112hhrg78079",
        "CHRG-112hhrg66823",
        "CHRG-112hhrg70937",
        "CHRG-112hhrg68461",
        "CHRG-112hhrg70940",
        "CHRG-112hhrg79351",
        "CHRG-112shrg39104526",
        "CHRG-112hhrg71034",
        "CHRG-112hhrg70656",
        "CHRG-112hhrg74464",
        "CHRG-112hhrg78598",
        "CHRG-112hhrg65745",
        "CHRG-112hhrg74438",
        "CHRG-112hhrg78314",
        "CHRG-112hhrg77683",
        "CHRG-112hhrg73764",
        "CHRG-112jhrg93877",
        "CHRG-112hhrg71353",
        "CHRG-112shrg81682",
        "CHRG-112hhrg74233",
        "CHRG-112hhrg75521",
        "CHRG-112hhrg75801",
        "CHRG-112hhrg74609",
        "CHRG-112hhrg76030",
        "CHRG-112hhrg66756",
        "CHRG-112hhrg65531",
        "CHRG-112hhrg71388",
        "CHRG-112hhrg72340",
        "CHRG-112hhrg78870",
        "CHRG-112hhrg67001",
        "CHRG-112hhrg68236",
        "CHRG-112hhrg75667",
        "CHRG-112hhrg71186",
        "CHRG-112hhrg76023",
        "CHRG-112hhrg67259",
        "CHRG-112jhrg93294",
        "CHRG-112hhrg75962",
        "CHRG-112hhrg75968",
        "CHRG-112hhrg66982",
        "CHRG-112hhrg72996",
        "CHRG-112hhrg70713",
        "CHRG-112hhrg72937",
        "CHRG-112jhrg92729",
        "CHRG-112hhrg76625",
        "CHRG-112shrg29104505",
        "CHRG-112jhrg93956",
        "CHRG-112hhrg74026",
        "CHRG-112hhrg66791",
        "CHRG-112shrg74202",
        "CHRG-112shrg29104493",
        "CHRG-112hhrg71444",
        "CHRG-112hhrg70782",
        "CHRG-112hhrg74809",
        "CHRG-112hhrg76367",
        "CHRG-112hhrg70938",
        "CHRG-112shrg65276",
        "CHRG-112hhrg75360",
        "CHRG-112hhrg66807",
        "CHRG-112hhrg75523",
        "CHRG-112hhrg75803",
        "CHRG-112hhrg73845",
        "CHRG-112hhrg77757",
        "CHRG-112hhrg68542",
        "CHRG-112hhrg66999",
        "CHRG-112shrg19104454",
        "CHRG-112shrg29104480",
        "CHRG-112hhrg74397",
        "CHRG-112hhrg74304",
        "CHRG-112hhrg74739",
        "CHRG-112shrg74162",
        "CHRG-112hhrg66581",
        "CHRG-112hhrg71189",
        "CHRG-112hhrg71450",
        "CHRG-112shrg29104487",
        "CHRG-112hhrg71427",
        "CHRG-112shrg81680",
        "CHRG-112hhrg66893",
        "CHRG-112shrg78502",
        "CHRG-112jhrg94519",
        "CHRG-112hhrg70935",
        "CHRG-112hhrg71190",
        "CHRG-112hhrg72932",
        "CHRG-112hhrg74466",
        "CHRG-112hhrg72870",
        "CHRG-112hhrg75969",
        "CHRG-112shrg81679",
        "CHRG-112hhrg66430",
        "CHRG-112hhrg80791",
        "CHRG-112hhrg71540",
        "CHRG-112hhrg72416",
        "CHRG-112hhrg66792",
        "CHRG-112shrg74395",
        "CHRG-112hhrg79933",
        "CHRG-112hhrg74608",
        "CHRG-112hhrg66897",
        "CHRG-112shrg76710",
        "CHRG-112jhrg95719",
        "CHRG-112hhrg75800",
        "CHRG-112hhrg81492",
        "CHRG-112hhrg74740",
        "CHRG-112hhrg72341",
        "CHRG-112hhrg75948",
        "CHRG-112jhrg95756",
        "CHRG-112hhrg71187",
        "CHRG-112hhrg71454",
        "CHRG-112hhrg67000",
        "CHRG-112shrg99104432",
        "CHRG-112hhrg74543",
        "CHRG-112shrg29104484",
        "CHRG-112shrg73106",
        "CHRG-112hhrg76190",
        "CHRG-112shrg80494",
        "CHRG-112hhrg74136",
        "CHRG-112hhrg73765",
        "CHRG-112hhrg70749",
        "CHRG-112hhrg77060",
        "CHRG-112hhrg75184",
        "CHRG-112jhrg94192",
        "CHRG-112shrg66050",
        "CHRG-112hhrg80406",
        "CHRG-112hhrg67979",
        "CHRG-112hhrg76387",
        "CHRG-112shrg67632",
        "CHRG-112shrg76646",
        "CHRG-112hhrg70941",
        "CHRG-112hhrg70936",
        "CHRG-112shrg19104471",
        "CHRG-112hhrg74465",
        "CHRG-112hhrg70750",
        "CHRG-112jhrg20028",
        "CHRG-112hhrg78599",
        "CHRG-112jhrg93371",
        "CHRG-112hhrg74711",
        "CHRG-112hhrg74766"
    ],
    "113": [
        "CHRG-113hhrg20320",
        "CHRG-113hhrg87010",
        "CHRG-113jhrg95594",
        "CHRG-113hhrg82379",
        "CHRG-113hhrg82639",
        "CHRG-113hhrg81322",
        "CHRG-113hhrg20312",
        "CHRG-113hhrg20318",
        "CHRG-113hhrg92629",
        "CHRG-113hhrg81720",
        "CHRG-113hhrg21116",
        "CHRG-113hhrg82809",
        "CHRG-113hhrg93183",
        "CHRG-113hhrg92675",
        "CHRG-113hhrg82566",
        "CHRG-113hhrg86659",
        "CHRG-113hhrg86214",
        "CHRG-113shrg92906",
        "CHRG-113hhrg92737",
        "CHRG-113hhrg92630",
        "CHRG-113hhrg86557",
        "CHRG-113shrg39104558",
        "CHRG-113hhrg87778",
        "CHRG-113hhrg87705",
        "CHRG-113hhrg89833",
        "CHRG-113hhrg89725",
        "CHRG-113hhrg87647",
        "CHRG-113jhrg95487",
        "CHRG-113hhrg82627",
        "CHRG-113hhrg81855",
        "CHRG-113hhrg89906",
        "CHRG-113shrg39104541",
        "CHRG-113hhrg20315",
        "CHRG-113hhrg88725",
        "CHRG-113hhrg85010",
        "CHRG-113jhrg95593",
        "CHRG-113hhrg91277",
        "CHRG-113shrg22136",
        "CHRG-113shrg69104727",
        "CHRG-113hhrg87450",
        "CHRG-113jhrg95504",
        "CHRG-113jhrg95573",
        "CHRG-113hhrg88410",
        "CHRG-113jhrg95597",
        "CHRG-113hhrg81125",
        "CHRG-113hhrg78641",
        "CHRG-113hhrg81807",
        "CHRG-113hhrg81894",
        "CHRG-113hhrg85358",
        "CHRG-113hhrg85070",
        "CHRG-113jhrg95489",
        "CHRG-113hhrg82907",
        "CHRG-113hhrg89902",
        "CHRG-113hhrg87540",
        "CHRG-113hhrg89669",
        "CHRG-113hhrg88966",
        "CHRG-113hhrg92984",
        "CHRG-113hhrg86657",
        "CHRG-113shrg39104551",
        "CHRG-113hhrg82661",
        "CHRG-113hhrg88192",
        "CHRG-113shrg85162",
        "CHRG-113hhrg86228",
        "CHRG-113hhrg82380",
        "CHRG-113hhrg81691",
        "CHRG-113shrg49104586",
        "CHRG-113hhrg88211",
        "CHRG-113hhrg20316",
        "CHRG-113hhrg86199",
        "CHRG-113hhrg79463",
        "CHRG-113jhrg95574",
        "CHRG-113jhrg95503",
        "CHRG-113hhrg80953",
        "CHRG-113hhrg85023",
        "CHRG-113shrg29104521",
        "CHRG-113hhrg87123",
        "CHRG-113hhrg20314",
        "CHRG-113jhrg95576",
        "CHRG-113hhrg91276",
        "CHRG-113shrg39104572",
        "CHRG-113hhrg86407",
        "CHRG-113jhrg95592",
        "CHRG-113hhrg91646",
        "CHRG-113hhrg82446",
        "CHRG-113hhrg87704",
        "CHRG-113shrg20362",
        "CHRG-113hhrg87779",
        "CHRG-113hhrg86556",
        "CHRG-113hhrg81742",
        "CHRG-113hhrg80978",
        "CHRG-113hhrg88495",
        "CHRG-113shrg49104584",
        "CHRG-113shrg89736",
        "CHRG-113hhrg94001",
        "CHRG-113hhrg88778",
        "CHRG-113hhrg88602",
        "CHRG-113hhrg81854",
        "CHRG-113hhrg92470",
        "CHRG-113shrg92256",
        "CHRG-113hhrg81853",
        "CHRG-113hhrg87206",
        "CHRG-113hhrg82282",
        "CHRG-113hhrg93610",
        "CHRG-113hhrg86658",
        "CHRG-113hhrg82769",
        "CHRG-113shrg87568",
        "CHRG-113hhrg92631",
        "CHRG-113hhrg81745",
        "CHRG-113shrg91653",
        "CHRG-113hhrg20321",
        "CHRG-113jhrg95506",
        "CHRG-113jhrg95571",
        "CHRG-113hhrg81687",
        "CHRG-113hhrg82742",
        "CHRG-113hhrg88568",
        "CHRG-113hhrg82638",
        "CHRG-113hhrg85906",
        "CHRG-113jhrg95595",
        "CHRG-113hhrg20319",
        "CHRG-113shrg69104687",
        "CHRG-113hhrg20313",
        "CHRG-113hhrg82770",
        "CHRG-113hhrg91249",
        "CHRG-113hhrg86196",
        "CHRG-113jhrg92427",
        "CHRG-113hhrg80609",
        "CHRG-113hhrg87847",
        "CHRG-113hhrg20317",
        "CHRG-113hhrg85259",
        "CHRG-113shrg29104522",
        "CHRG-113hhrg88113",
        "CHRG-113shrg89751",
        "CHRG-113hhrg87891",
        "CHRG-113hhrg80078",
        "CHRG-113jhrg95502",
        "CHRG-113jhrg95575",
        "CHRG-113hhrg90985",
        "CHRG-113hhrg21113",
        "CHRG-113shrg29104509",
        "CHRG-113shrg49104587",
        "CHRG-113jhrg95485",
        "CHRG-113hhrg88496",
        "CHRG-113jhrg95488",
        "CHRG-113hhrg89903",
        "CHRG-113hhrg87541",
        "CHRG-113hhrg88967",
        "CHRG-113hhrg89668",
        "CHRG-113shrg26660",
        "CHRG-113hhrg92632",
        "CHRG-113hhrg88643",
        "CHRG-113hhrg86651",
        "CHRG-113shrg90879",
        "CHRG-113jhrg95402",
        "CHRG-113jhrg95596",
        "CHRG-113shrg89525",
        "CHRG-113hhrg80075",
        "CHRG-113hhrg91278",
        "CHRG-113jhrg95572",
        "CHRG-113jhrg95505",
        "CHRG-113shrg93424",
        "CHRG-113hhrg88163",
        "CHRG-113hhrg82609",
        "CHRG-113shrg85508"
    ],
    "114": [
        "CHRG-114shrg69104739",
        "CHRG-114hhrg22233",
        "CHRG-114hhrg22349",
        "CHRG-114hhrg96099",
        "CHRG-114hhrg22147",
        "CHRG-114hhrg95352",
        "CHRG-114hhrg96204",
        "CHRG-114hhrg22593",
        "CHRG-114hhrg93363",
        "CHRG-114hhrg20679",
        "CHRG-114hhrg22298",
        "CHRG-114jhrg22860",
        "CHRG-114jhrg23225",
        "CHRG-114hhrg97454",
        "CHRG-114hhrg20843",
        "CHRG-114hhrg22350",
        "CHRG-114hhrg21398",
        "CHRG-114hhrg20054",
        "CHRG-114shrg25358",
        "CHRG-114jhrg23374",
        "CHRG-114jhrg21917",
        "CHRG-114hhrg94523",
        "CHRG-114jhrg95333",
        "CHRG-114jhrg99387",
        "CHRG-114shrg59104625",
        "CHRG-114hhrg94665",
        "CHRG-114hhrg21344",
        "CHRG-114shrg20444",
        "CHRG-114hhrg22188",
        "CHRG-114shrg20443",
        "CHRG-114hhrg99905",
        "CHRG-114hhrg93826",
        "CHRG-114shrg69104715",
        "CHRG-114hhrg21343",
        "CHRG-114jhrg20355",
        "CHRG-114hhrg23636",
        "CHRG-114hhrg22153",
        "CHRG-114hhrg96904",
        "CHRG-114jhrg94130",
        "CHRG-114hhrg98714",
        "CHRG-114hhrg22432",
        "CHRG-114shrg95272",
        "CHRG-114hhrg96145",
        "CHRG-114hhrg20704",
        "CHRG-114jhrg20596",
        "CHRG-114shrg99936",
        "CHRG-114hhrg96070",
        "CHRG-114hhrg20347",
        "CHRG-114shrg21447",
        "CHRG-114hhrg97457",
        "CHRG-114hhrg96956",
        "CHRG-114shrg59104635",
        "CHRG-114hhrg94245",
        "CHRG-114jhrg99941",
        "CHRG-114hhrg96083",
        "CHRG-114hhrg21375",
        "CHRG-114hhrg22353",
        "CHRG-114hhrg95041",
        "CHRG-114hhrg20558",
        "CHRG-114jhrg97748",
        "CHRG-114shrg59104626",
        "CHRG-114hhrg97394",
        "CHRG-114shrg59104621",
        "CHRG-114hhrg96877",
        "CHRG-114hhrg22354",
        "CHRG-114jhrg22942",
        "CHRG-114hhrg98306",
        "CHRG-114hhrg20680",
        "CHRG-114hhrg98154",
        "CHRG-114hhrg23081",
        "CHRG-114hhrg20953",
        "CHRG-114hhrg99773",
        "CHRG-114hhrg22149",
        "CHRG-114hhrg95782",
        "CHRG-114hhrg97155",
        "CHRG-114hhrg22853",
        "CHRG-114jhrg98260",
        "CHRG-114jhrg97467",
        "CHRG-114hhrg97458",
        "CHRG-114hhrg98715",
        "CHRG-114hhrg24825",
        "CHRG-114hhrg97181",
        "CHRG-114hhrg94474",
        "CHRG-114hhrg99633",
        "CHRG-114hhrg21682",
        "CHRG-114hhrg20501",
        "CHRG-114jhrg22555",
        "CHRG-114hhrg21471",
        "CHRG-114hhrg21342",
        "CHRG-114shrg59104666",
        "CHRG-114hhrg96875",
        "CHRG-114hhrg96118",
        "CHRG-114shrg25359",
        "CHRG-114hhrg22351",
        "CHRG-114hhrg96878",
        "CHRG-114shrg22603",
        "CHRG-114hhrg21439",
        "CHRG-114hhrg20788",
        "CHRG-114hhrg20010",
        "CHRG-114jhrg99386",
        "CHRG-114hhrg96947",
        "CHRG-114hhrg20729",
        "CHRG-114shrg21965",
        "CHRG-114hhrg96106",
        "CHRG-114hhrg96205",
        "CHRG-114hhrg94546",
        "CHRG-114hhrg22146",
        "CHRG-114hhrg97366",
        "CHRG-114hhrg94693",
        "CHRG-114shrg59104637",
        "CHRG-114hhrg22307",
        "CHRG-114hhrg21418",
        "CHRG-114jhrg95113",
        "CHRG-114jhrg98127",
        "CHRG-114hhrg96927",
        "CHRG-114jhrg98259",
        "CHRG-114hhrg99772",
        "CHRG-114hhrg20042",
        "CHRG-114hhrg94271",
        "CHRG-114hhrg20502",
        "CHRG-114jhrg98261",
        "CHRG-114jhrg97466",
        "CHRG-114hhrg97414",
        "CHRG-114hhrg22148",
        "CHRG-114shrg69104667",
        "CHRG-114hhrg25637",
        "CHRG-114hhrg96220",
        "CHRG-114hhrg20727",
        "CHRG-114hhrg99994",
        "CHRG-114shrg59104618",
        "CHRG-114hhrg99666",
        "CHRG-114hhrg22355",
        "CHRG-114hhrg96876",
        "CHRG-114shrg59104665",
        "CHRG-114hhrg22686",
        "CHRG-114hhrg98307",
        "CHRG-114hhrg21440",
        "CHRG-114shrg96173",
        "CHRG-114jhrg21915",
        "CHRG-114hhrg22352",
        "CHRG-114jhrg98677",
        "CHRG-114hhrg20804",
        "CHRG-114hhrg97301",
        "CHRG-114shrg59104627",
        "CHRG-114shrg98965",
        "CHRG-114shrg24426",
        "CHRG-114jhrg94241",
        "CHRG-114hhrg97381",
        "CHRG-114shrg69104673"
    ],
    "115": [
        "CHRG-115shrg29757",
        "CHRG-115hhrg28253",
        "CHRG-115jhrg29394",
        "CHRG-115hhrg32352",
        "CHRG-115jhrg28314",
        "CHRG-115jhrg27154",
        "CHRG-115jhrg39803",
        "CHRG-115hhrg27225",
        "CHRG-115shrg89104817",
        "CHRG-115hhrg30858",
        "CHRG-115jhrg30593",
        "CHRG-115shrg45599",
        "CHRG-115hhrg33874",
        "CHRG-115hhrg28272",
        "CHRG-115hhrg33358",
        "CHRG-115shrg35072",
        "CHRG-115jhrg25604",
        "CHRG-115hhrg32440",
        "CHRG-115hhrg37624",
        "CHRG-115hhrg25575",
        "CHRG-115shrg79104768",
        "CHRG-115jhrg27343",
        "CHRG-115jhrg38021",
        "CHRG-115jhrg27344",
        "CHRG-115hhrg28275",
        "CHRG-115hhrg31511",
        "CHRG-115jhrg30030",
        "CHRG-115jhrg27641",
        "CHRG-115jhrg30594",
        "CHRG-115jhrg33111",
        "CHRG-115shrg35755",
        "CHRG-115hhrg28751",
        "CHRG-115hhrg28385",
        "CHRG-115hhrg28157",
        "CHRG-115jhrg30029",
        "CHRG-115shrg24930",
        "CHRG-115jhrg29393",
        "CHRG-115shrg26937",
        "CHRG-115jhrg30027",
        "CHRG-115jhrg30972",
        "CHRG-115hhrg30993",
        "CHRG-115jhrg39994",
        "CHRG-115jhrg27157",
        "CHRG-115hhrg33238",
        "CHRG-115jhrg28317",
        "CHRG-115jhrg27638",
        "CHRG-115hhrg33110",
        "CHRG-115jhrg29384",
        "CHRG-115hhrg27444",
        "CHRG-115hhrg26807",
        "CHRG-115hhrg28731",
        "CHRG-115hhrg28271",
        "CHRG-115hhrg28306",
        "CHRG-115hhrg37424",
        "CHRG-115hhrg27041",
        "CHRG-115hhrg28201",
        "CHRG-115shrg79104782",
        "CHRG-115jhrg28910",
        "CHRG-115hhrg30232",
        "CHRG-115jhrg34538",
        "CHRG-115hhrg33870",
        "CHRG-115shrg69104742",
        "CHRG-115jhrg26489",
        "CHRG-115shrg69104748",
        "CHRG-115jhrg27642",
        "CHRG-115hhrg24543",
        "CHRG-115hhrg26533",
        "CHRG-115hhrg32263",
        "CHRG-115hhrg30666",
        "CHRG-115hhrg26342",
        "CHRG-115hhrg33869",
        "CHRG-115jhrg26490",
        "CHRG-115hhrg26811",
        "CHRG-115hhrg32261",
        "CHRG-115jhrg28318",
        "CHRG-115hhrg27050",
        "CHRG-115jhrg33109",
        "CHRG-115jhrg26492",
        "CHRG-115hhrg32259",
        "CHRG-115hhrg27211",
        "CHRG-115jhrg29392",
        "CHRG-115shrg28600",
        "CHRG-115jhrg30028",
        "CHRG-115shrg99104863",
        "CHRG-115hhrg26340",
        "CHRG-115hhrg31359",
        "CHRG-115jhrg27345",
        "CHRG-115hhrg35806",
        "CHRG-115jhrg25602",
        "CHRG-115jhrg34828",
        "CHRG-115hhrg27208",
        "CHRG-115hhrg33428",
        "CHRG-115hhrg33872",
        "CHRG-115shrg23616",
        "CHRG-115jhrg26481",
        "CHRG-115hhrg30829",
        "CHRG-115jhrg30031",
        "CHRG-115jhrg27637",
        "CHRG-115shrg32765",
        "CHRG-115jhrg34540",
        "CHRG-115hhrg33875",
        "CHRG-115jhrg29386",
        "CHRG-115jhrg30592",
        "CHRG-115hhrg31388",
        "CHRG-115jhrg25605",
        "CHRG-115jhrg25791",
        "CHRG-115hhrg28273",
        "CHRG-115jhrg27342",
        "CHRG-115jhrg27348",
        "CHRG-115hhrg28355",
        "CHRG-115hhrg28841",
        "CHRG-115hhrg33811",
        "CHRG-115hhrg33866",
        "CHRG-115hhrg35950",
        "CHRG-115jhrg27155",
        "CHRG-115jhrg28315",
        "CHRG-115jhrg26880",
        "CHRG-115shrg28448",
        "CHRG-115hhrg30212",
        "CHRG-115jhrg28805",
        "CHRG-115hhrg31244",
        "CHRG-115jhrg38499",
        "CHRG-115hhrg32413",
        "CHRG-115shrg26935",
        "CHRG-115hhrg26690",
        "CHRG-115jhrg29391",
        "CHRG-115hhrg33868",
        "CHRG-115jhrg26491",
        "CHRG-115hhrg33569",
        "CHRG-115jhrg27346",
        "CHRG-115jhrg34539",
        "CHRG-115hhrg30233",
        "CHRG-115shrg89104818",
        "CHRG-115hhrg33365",
        "CHRG-115hhrg34541",
        "CHRG-115jhrg27643",
        "CHRG-115jhrg30032",
        "CHRG-115shrg23615",
        "CHRG-115jhrg30828",
        "CHRG-115jhrg26485",
        "CHRG-115jhrg29385",
        "CHRG-115shrg34014",
        "CHRG-115shrg79104752",
        "CHRG-115jhrg26681",
        "CHRG-115hhrg32599",
        "CHRG-115jhrg37183",
        "CHRG-115shrg89104850",
        "CHRG-115hhrg30843",
        "CHRG-115jhrg32258",
        "CHRG-115hhrg26140",
        "CHRG-115jhrg30026",
        "CHRG-115hhrg26790",
        "CHRG-115hhrg30357",
        "CHRG-115hhrg27526",
        "CHRG-115hhrg31445",
        "CHRG-115jhrg32260",
        "CHRG-115hhrg30871",
        "CHRG-115shrg38329",
        "CHRG-115jhrg28316",
        "CHRG-115jhrg27156",
        "CHRG-115hhrg33797"
    ],
    "116": [
        "CHRG-116hhrg40675",
        "CHRG-116hhrg39590",
        "CHRG-116hhrg39404",
        "CHRG-116hhrg36743",
        "CHRG-116jhrg37215",
        "CHRG-116hhrg43465",
        "CHRG-116hhrg37960",
        "CHRG-116hhrg43031",
        "CHRG-116hhrg37884",
        "CHRG-116jhrg36949",
        "CHRG-116hhrg43675",
        "CHRG-116hhrg45048",
        "CHRG-116hhrg43880",
        "CHRG-116hhrg39410",
        "CHRG-116hhrg43462",
        "CHRG-116shrg42188",
        "CHRG-116jhrg36950",
        "CHRG-116hhrg37627",
        "CHRG-116shrg40895",
        "CHRG-116jhrg37212",
        "CHRG-116hhrg39403",
        "CHRG-116hhrg40506",
        "CHRG-116hhrg39409",
        "CHRG-116hhrg36744",
        "CHRG-116hhrg39607",
        "CHRG-116jhrg39691",
        "CHRG-116hhrg35766",
        "CHRG-116hhrg43524",
        "CHRG-116hhrg39407",
        "CHRG-116hhrg37155",
        "CHRG-116hhrg45418",
        "CHRG-116hhrg39448",
        "CHRG-116hhrg45420",
        "CHRG-116hhrg37623",
        "CHRG-116hhrg36951",
        "CHRG-116hhrg38962",
        "CHRG-116hhrg39683",
        "CHRG-116jhrg40901",
        "CHRG-116shrg89104853",
        "CHRG-116hhrg44848",
        "CHRG-116hhrg42163",
        "CHRG-116hhrg36089",
        "CHRG-116shrg40954",
        "CHRG-116hhrg36826",
        "CHRG-116hhrg38124",
        "CHRG-116jhrg36953",
        "CHRG-116hhrg44987",
        "CHRG-116hhrg38421",
        "CHRG-116jhrg35483",
        "CHRG-116hhrg43523",
        "CHRG-116hhrg45025",
        "CHRG-116hhrg44647",
        "CHRG-116hhrg40295",
        "CHRG-116jhrg37213",
        "CHRG-116hhrg39408",
        "CHRG-116hhrg39402",
        "CHRG-116hhrg37150",
        "CHRG-116jhrg39690",
        "CHRG-116hhrg37614",
        "CHRG-116hhrg44095",
        "CHRG-116hhrg39606",
        "CHRG-116jhrg38166",
        "CHRG-116hhrg44050",
        "CHRG-116shrg19104883",
        "CHRG-116hhrg39411",
        "CHRG-116hhrg38643",
        "CHRG-116hhrg43815",
        "CHRG-116hhrg37829",
        "CHRG-116shrg89104851",
        "CHRG-116hhrg43477",
        "CHRG-116hhrg43030",
        "CHRG-116jhrg36090",
        "CHRG-116hhrg36866",
        "CHRG-116shrg42251",
        "CHRG-116hhrg39676",
        "CHRG-116hhrg40674",
        "CHRG-116shrg41449",
        "CHRG-116hhrg43895",
        "CHRG-116hhrg39591",
        "CHRG-116hhrg39405",
        "CHRG-116jhrg37214",
        "CHRG-116shrg41495",
        "CHRG-116hhrg43464",
        "CHRG-116jhrg36952",
        "CHRG-116hhrg36827",
        "CHRG-116hhrg36774",
        "CHRG-116shrg39728",
        "CHRG-116shrg37956",
        "CHRG-116hhrg37783",
        "CHRG-116hhrg45024",
        "CHRG-116hhrg38921",
        "CHRG-116hhrg43677",
        "CHRG-116hhrg41347",
        "CHRG-116shrg41488",
        "CHRG-116jhrg38441",
        "CHRG-116jhrg37828",
        "CHRG-116shrg29104929",
        "CHRG-116hhrg39682",
        "CHRG-116jhrg40782",
        "CHRG-116hhrg36667",
        "CHRG-116hhrg40452",
        "CHRG-116hhrg44514",
        "CHRG-116hhrg37154",
        "CHRG-116hhrg45419",
        "CHRG-116hhrg39406",
        "CHRG-116hhrg45023",
        "CHRG-116hhrg39675",
        "CHRG-116hhrg38682",
        "CHRG-116shrg44586",
        "CHRG-116hhrg43840",
        "CHRG-116hhrg37628",
        "CHRG-116hhrg46244"
    ],
    "117": [
        "CHRG-117shrg45211",
        "CHRG-117hhrg46585",
        "CHRG-117shrg45165",
        "CHRG-117hhrg45633",
        "CHRG-117hhrg46559",
        "CHRG-117hhrg46187",
        "CHRG-117hhrg46346",
        "CHRG-117shrg45853",
        "CHRG-117hhrg46639",
        "CHRG-117hhrg45650",
        "CHRG-117hhrg45200",
        "CHRG-117hhrg46586",
        "CHRG-117hhrg45079",
        "CHRG-117hhrg45342",
        "CHRG-117hhrg46269",
        "CHRG-117hhrg46270",
        "CHRG-117shrg19104922",
        "CHRG-117hhrg45055",
        "CHRG-117hhrg45197",
        "CHRG-117hhrg45393",
        "CHRG-117shrg46193",
        "CHRG-117hhrg46015",
        "CHRG-117hhrg45648",
        "CHRG-117hhrg46583",
        "CHRG-117hhrg46638",
        "CHRG-117hhrg45410",
        "CHRG-117shrg45447",
        "CHRG-117hhrg45651",
        "CHRG-117hhrg46584",
        "CHRG-117shrg45210",
        "CHRG-117shrg29104931",
        "CHRG-117hhrg45770",
        "CHRG-117hhrg44658",
        "CHRG-117shrg44730",
        "CHRG-117hhrg46689",
        "CHRG-117shrg29104921",
        "CHRG-117shrg19104885",
        "CHRG-117shrg19104911",
        "CHRG-117hhrg46075",
        "CHRG-117hhrg46542",
        "CHRG-117hhrg46215"
    ]
}